 ConEmuLn.x64

 Timestamp is 5af011c1 (Mon May  7 11:43:45 2018)

 Preferred load address is 0000000180000000

 Start         Length     Name                   Class
 0001:00000000 00013720H .text$mn                CODE
 0001:00013720 000000e0H .text$mn$00             CODE
 0001:00013800 00000270H .text$x                 CODE
 0002:00000000 00000318H .idata$5                DATA
 0002:00000318 00000020H .00cfg                  DATA
 0002:00000338 00000008H .CRT$XCA                DATA
 0002:00000340 00000008H .CRT$XCZ                DATA
 0002:00000348 00000008H .CRT$XIA                DATA
 0002:00000350 00000018H .CRT$XIC                DATA
 0002:00000368 00000008H .CRT$XIZ                DATA
 0002:00000370 00000008H .CRT$XPA                DATA
 0002:00000378 00000010H .CRT$XPX                DATA
 0002:00000388 00000008H .CRT$XPXA               DATA
 0002:00000390 00000008H .CRT$XPZ                DATA
 0002:00000398 00000008H .CRT$XTA                DATA
 0002:000003a0 00000010H .CRT$XTZ                DATA
 0002:000003a8 00000000H .gfids$x                DATA
 0002:000003a8 00000000H .gfids$y                DATA
 0002:000003b0 000083e0H .rdata                  DATA
 0002:00008790 00000000H .rdata$r                DATA
 0002:00008790 000002f8H .rdata$zzzdbg           DATA
 0002:00008a88 00000008H .rtc$IAA                DATA
 0002:00008a90 00000008H .rtc$IZZ                DATA
 0002:00008a98 00000008H .rtc$TAA                DATA
 0002:00008aa0 00000008H .rtc$TZZ                DATA
 0002:00008aa8 00000ea8H .xdata                  DATA
 0002:00009950 00000000H .xdata$x                DATA
 0002:00009950 00000190H .edata                  DATA
 0002:00009ae0 00000064H .idata$2                DATA
 0002:00009b44 00000014H .idata$3                DATA
 0002:00009b58 00000318H .idata$4                DATA
 0002:00009e70 000006beH .idata$6                DATA
 0003:00000000 00000ac0H .data                   DATA
 0003:00000ac0 00000000H .data$r                 DATA
 0003:00000ac0 00001948H .bss                    DATA
 0004:00000000 00001164H .pdata                  DATA
 0005:00000000 000000a0H .rsrc$01                DATA
 0005:000000a0 000004a0H .rsrc$02                DATA

  Address         Publics by Value              Rva+Base               Lib:Object

 0000:00000000       __guard_iat_table          0000000000000000     <absolute>
 0000:00000000       __dynamic_value_reloc_table 0000000000000000     <absolute>
 0000:00000000       __hybrid_code_map          0000000000000000     <absolute>
 0000:00000000       __hybrid_code_map_count    0000000000000000     <absolute>
 0000:00000000       __guard_iat_count          0000000000000000     <absolute>
 0000:00000000       __hybrid_auxiliary_iat     0000000000000000     <absolute>
 0000:00000000       __guard_longjmp_table      0000000000000000     <absolute>
 0000:00000000       __guard_longjmp_count      0000000000000000     <absolute>
 0000:00000000       __guard_fids_count         0000000000000000     <absolute>
 0000:00000000       __enclave_config           0000000000000000     <absolute>
 0000:00000000       ___safe_se_handler_table   0000000000000000     <absolute>
 0000:00000000       ___safe_se_handler_count   0000000000000000     <absolute>
 0000:00000000       __guard_fids_table         0000000000000000     <absolute>
 0000:00000100       __guard_flags              0000000000000100     <absolute>
 0000:00000000       __ImageBase                0000000180000000     <linker-defined>
 0001:00000000       ExitFARW                   0000000180001000 f   ConEmuLn.obj
 0001:00000000       ?ExitFARW3@@YAXPEAX@Z      0000000180001000 f   ConEmuLn.obj
 0001:00000038       ?ConfigureW3@@YAHPEAX@Z    0000000180001038 f   ConEmuLn.obj
 0001:00000070       ConfigureW                 0000000180001070 f   ConEmuLn.obj
 0001:00000210       ?ExitPlugin@@YAXXZ         0000000180001210 f   ConEmuLn.obj
 0001:00000264       ?GetMsgW@@YAPEB_WH@Z       0000000180001264 f   ConEmuLn.obj
 0001:000002a0       ?GetPluginInfoWcmn@@YAXPEAX@Z 00000001800012a0 f   ConEmuLn.obj
 0001:000002c4       ?LoadFarVersion@@YAHXZ     00000001800012c4 f   ConEmuLn.obj
 0001:00000650       ?OnConEmuLoaded@@YAXPEAUConEmuLoadedArg@@@Z 0000000180001650 f   ConEmuLn.obj
 0001:00000684       ?OpenPluginWcmn@@YAPEAXH_J@Z 0000000180001684 f   ConEmuLn.obj
 0001:000006bc       ?OpenW@@YAPEAXPEBX@Z       00000001800016bc f   ConEmuLn.obj
 0001:000006ec       ?PaintBack@@YAXPEAUHDC__@@KUtagRECT@@@Z 00000001800016ec f   ConEmuLn.obj
 0001:00000750       ?PaintConEmuBackground@@YAHPEAUPaintBackgroundArg@@@Z 0000000180001750 f   ConEmuLn.obj
 0001:000009ec       ?PaintLines@@YAXPEAUHDC__@@KHHHHH@Z 00000001800019ec f   ConEmuLn.obj
 0001:00000b1c       ?SettingsLoad@@YAXXZ       0000000180001b1c f   ConEmuLn.obj
 0001:00000b74       ?SettingsLoadReg@@YAXPEB_W@Z 0000000180001b74 f   ConEmuLn.obj
 0001:00000c80       ?SettingsSave@@YAXXZ       0000000180001c80 f   ConEmuLn.obj
 0001:00000cb8       ?SettingsSaveReg@@YAXPEB_W@Z 0000000180001cb8 f   ConEmuLn.obj
 0001:00000d7c       ?StartPlugin@@YAXH@Z       0000000180001d7c f   ConEmuLn.obj
 0001:00000f18       ?StringCchCatW@@YAJPEA_W_KPEB_W@Z 0000000180001f18 f i ConEmuLn.obj
 0001:00000fe8       ?StringCchCopyW@@YAJPEA_W_KPEB_W@Z 0000000180001fe8 f i ConEmuLn.obj
 0001:00001060       DllMain                    0000000180002060 f   ConEmuLn.obj
 0001:000010b8       GetMinFarVersionW          00000001800020b8 f   ConEmuLn.obj
 0001:000010c0       SetStartupInfoW            00000001800020c0 f   ConEmuLn.obj
 0001:00001b1c       ?ConfigureW1900@@YAHH@Z    0000000180002b1c f   ConEmuLn1900.obj
 0001:00001b30       ?ExitFARW1900@@YAXXZ       0000000180002b30 f   ConEmuLn1900.obj
 0001:00001b6c       ?GetMsgW1900@@YAPEB_WH@Z   0000000180002b6c f   ConEmuLn1900.obj
 0001:00001b98       ?GetPluginInfoW1900@@YAXPEAX@Z 0000000180002b98 f   ConEmuLn1900.obj
 0001:00001c20       ?OpenW2800@@YAPEAXPEBX@Z   0000000180002c20 f   ConEmuLn2800.obj
 0001:00001c20       ?OpenW1900@@YAPEAXPEBX@Z   0000000180002c20 f   ConEmuLn1900.obj
 0001:00001c38       ?SetStartupInfoW1900@@YAXPEAX@Z 0000000180002c38 f   ConEmuLn1900.obj
 0001:00001d84       ?SettingsLoadW1900@@YAXXZ  0000000180002d84 f   ConEmuLn1900.obj
 0001:00001edc       ?SettingsSaveW1900@@YAXXZ  0000000180002edc f   ConEmuLn1900.obj
 0001:00002b00       ?ConfigureW2800@@YAHH@Z    0000000180003b00 f   ConEmuLn2800.obj
 0001:00002b14       ?ExitFARW2800@@YAXXZ       0000000180003b14 f   ConEmuLn2800.obj
 0001:00002b50       ?GetMsgW2800@@YAPEB_WH@Z   0000000180003b50 f   ConEmuLn2800.obj
 0001:00002b7c       ?GetPluginInfoW2800@@YAXPEAX@Z 0000000180003b7c f   ConEmuLn2800.obj
 0001:00002c04       ?SetStartupInfoW2800@@YAXPEAX@Z 0000000180003c04 f   ConEmuLn2800.obj
 0001:00002d50       ?SettingsLoadW2800@@YAXXZ  0000000180003d50 f   ConEmuLn2800.obj
 0001:00002eb8       ?SettingsSaveW2800@@YAXXZ  0000000180003eb8 f   ConEmuLn2800.obj
 0001:00002ff0       GetGlobalInfoW             0000000180003ff0 f   ConEmuLn2800.obj
 0001:00003a00       ?ConfigureW995@@YAHH@Z     0000000180004a00 f   ConEmuLn995.obj
 0001:00003a14       ?ExitFARW995@@YAXXZ        0000000180004a14 f   ConEmuLn995.obj
 0001:00003a68       ?GetMsgW995@@YAPEB_WH@Z    0000000180004a68 f   ConEmuLn995.obj
 0001:00003a90       ?GetPluginInfoW995@@YAXPEAX@Z 0000000180004a90 f   ConEmuLn995.obj
 0001:00003b04       ?SetStartupInfoW995@@YAXPEAX@Z 0000000180004b04 f   ConEmuLn995.obj
 0001:00003ca4       ?SettingsLoadW995@@YAXXZ   0000000180004ca4 f   ConEmuLn995.obj
 0001:00003cb0       ?SettingsSaveW995@@YAXXZ   0000000180004cb0 f   ConEmuLn995.obj
 0001:00003cbc       OpenPluginW                0000000180004cbc f   ConEmuLn995.obj
 0001:000046d0       ?SettingsLoadA@@YAXXZ      00000001800056d0 f   ConEmuLnA.obj
 0001:000046dc       ?SettingsSaveA@@YAXXZ      00000001800056dc f   ConEmuLnA.obj
 0001:000046e8       Configure                  00000001800056e8 f   ConEmuLnA.obj
 0001:000046fc       ExitFAR                    00000001800056fc f   ConEmuLnA.obj
 0001:00004758       GetMinFarVersion           0000000180005758 f   ConEmuLnA.obj
 0001:00004788       GetPluginInfo              0000000180005788 f   ConEmuLnA.obj
 0001:00004814       OpenPlugin                 0000000180005814 f   ConEmuLnA.obj
 0001:00004834       SetStartupInfo             0000000180005834 f   ConEmuLnA.obj
 0001:000049f6       GetFileVersionInfoSizeW    00000001800059f6 f   version:VERSION.dll
 0001:000049fc       GetFileVersionInfoW        00000001800059fc f   version:VERSION.dll
 0001:00004a02       VerQueryValueW             0000000180005a02 f   version:VERSION.dll
 0001:00004a08       ?StringCchVPrintfW@@YAJPEA_W_KPEB_WPEAD@Z 0000000180005a08 f i common-kernel64:MStrSafe.obj
 0001:00004aac       ?swprintf_c@@YAHPEA_W_JPEB_WZZ 0000000180005aac f   common-kernel64:MStrSafe.obj
 0001:00004aec       __local_stdio_printf_options 0000000180005aec f i common-kernel64:MStrSafe.obj
 0001:00004af4       ?HeapDeinitialize@@YAXXZ   0000000180005af4 f   common-kernel64:Memory.obj
 0001:00004b18       ?HeapInitialize@@YA_NXZ    0000000180005b18 f   common-kernel64:Memory.obj
 0001:00004b4c       ?xf_calloc@@YAPEAX_K0@Z    0000000180005b4c f   common-kernel64:Memory.obj
 0001:00004b68       ?xf_free@@YAXPEAX@Z        0000000180005b68 f   common-kernel64:Memory.obj
 0001:00004b90       __GSHandlerCheck           0000000180005b90 f   LIBCMT:_gshandler_.obj
 0001:00004bb0       __GSHandlerCheckCommon     0000000180005bb0 f   LIBCMT:_gshandler_.obj
 0001:00004c20       __security_check_cookie    0000000180005c20 f   LIBCMT:_amdsecgs_.obj
 0001:00004c60       __chkstk                   0000000180005c60 f   LIBCMT:_chkstk_.obj
 0001:00004c60       _alloca_probe              0000000180005c60 f   LIBCMT:_chkstk_.obj
 0001:00004ff8       _DllMainCRTStartup         0000000180005ff8 f   LIBCMT:dll_dllmain.obj
 0001:00005038       __raise_securityfailure    0000000180006038 f   LIBCMT:gs_report.obj
 0001:0000506c       __report_gsfailure         000000018000606c f   LIBCMT:gs_report.obj
 0001:00005140       __report_rangecheckfailure 0000000180006140 f   LIBCMT:gs_report.obj
 0001:00005154       __report_securityfailure   0000000180006154 f   LIBCMT:gs_report.obj
 0001:000052d4       __security_init_cookie     00000001800062d4 f   LIBCMT:gs_support.obj
 0001:00005384       ?__scrt_initialize_type_info@@YAXXZ 0000000180006384 f   LIBCMT:tncleanup.obj
 0001:00005394       ?__scrt_uninitialize_type_info@@YAXXZ 0000000180006394 f   LIBCMT:tncleanup.obj
 0001:000053a0       __local_stdio_scanf_options 00000001800063a0 f i LIBCMT:default_local_stdio_options.obj
 0001:000053a8       __scrt_initialize_default_local_stdio_options 00000001800063a8 f   LIBCMT:default_local_stdio_options.obj
 0001:000053c4       __scrt_acquire_startup_lock 00000001800063c4 f   LIBCMT:utility.obj
 0001:00005400       __scrt_dllmain_after_initialize_c 0000000180006400 f   LIBCMT:utility.obj
 0001:00005434       __scrt_dllmain_before_initialize_c 0000000180006434 f   LIBCMT:utility.obj
 0001:0000544c       __scrt_dllmain_crt_thread_attach 000000018000644c f   LIBCMT:utility.obj
 0001:00005474       __scrt_dllmain_crt_thread_detach 0000000180006474 f   LIBCMT:utility.obj
 0001:0000548c       __scrt_dllmain_exception_filter 000000018000648c f   LIBCMT:utility.obj
 0001:000054f0       __scrt_dllmain_uninitialize_c 00000001800064f0 f   LIBCMT:utility.obj
 0001:00005520       __scrt_dllmain_uninitialize_critical 0000000180006520 f   LIBCMT:utility.obj
 0001:00005534       __scrt_initialize_crt      0000000180006534 f   LIBCMT:utility.obj
 0001:00005580       __scrt_initialize_onexit_tables 0000000180006580 f   LIBCMT:utility.obj
 0001:00005660       __scrt_is_nonwritable_in_current_image 0000000180006660 f   LIBCMT:utility.obj
 0001:000056fc       __scrt_release_startup_lock 00000001800066fc f   LIBCMT:utility.obj
 0001:00005720       __scrt_uninitialize_crt    0000000180006720 f   LIBCMT:utility.obj
 0001:0000574c       __scrt_get_dyn_tls_init_callback 000000018000674c f   LIBCMT:dyn_tls_init.obj
 0001:00005754       __crt_debugger_hook        0000000180006754 f   LIBCMT:utility_desktop.obj
 0001:0000575c       __scrt_fastfail            000000018000675c f   LIBCMT:utility_desktop.obj
 0001:000058a8       _RTC_Initialize            00000001800068a8 f   LIBCMT:_initsect_.obj
 0001:000058f4       _RTC_Terminate             00000001800068f4 f   LIBCMT:_initsect_.obj
 0001:00005940       _guard_check_icall         0000000180006940 f i LIBCMT:checkcfg.obj
 0001:00005948       __isa_available_init       0000000180006948 f   LIBCMT:_cpu_disp_.obj
 0001:00005b04       _get_startup_argv_mode     0000000180006b04 f   LIBCMT:argv_mode.obj
 0001:00005b0c       __scrt_is_ucrt_dll_in_use  0000000180006b0c f   LIBCMT:ucrt_detection.obj
 0001:00005b18       _guard_check_icall_nop     0000000180006b18 f i LIBCMT:guard_support.obj
 0001:00005b30       memmove                    0000000180006b30 f   libvcruntime:memcpy.obj
 0001:00005b30       memcpy                     0000000180006b30 f   libvcruntime:memcpy.obj
 0001:00005f90       memset                     0000000180006f90 f   libvcruntime:memset.obj
 0001:00006140       __C_specific_handler       0000000180007140 f   libvcruntime:_riscchandler_.obj
 0001:0000634c       __std_type_info_destroy_list 000000018000734c f   libvcruntime:std_type_info.obj
 0001:00006378       __vcrt_initialize          0000000180007378 f   libvcruntime:initialization.obj
 0001:000063ac       __vcrt_thread_attach       00000001800073ac f   libvcruntime:initialization.obj
 0001:000063c0       __vcrt_thread_detach       00000001800073c0 f   libvcruntime:initialization.obj
 0001:000063d4       __vcrt_uninitialize        00000001800073d4 f   libvcruntime:initialization.obj
 0001:000063f4       __vcrt_uninitialize_critical 00000001800073f4 f   libvcruntime:initialization.obj
 0001:00006420       _local_unwind              0000000180007420 f   libvcruntime:_jmpuwind_.obj
 0001:00006450       _NLG_Notify                0000000180007450 f   libvcruntime:_jmpuwind_.obj
 0001:00006470       __NLG_Dispatch2            0000000180007470 f   libvcruntime:_jmpuwind_.obj
 0001:00006480       __NLG_Return2              0000000180007480 f   libvcruntime:_jmpuwind_.obj
 0001:00006484       __except_validate_context_record 0000000180007484 f   libvcruntime:jbcxrval.obj
 0001:000064bc       __vcrt_freefls             00000001800074bc f   libvcruntime:per_thread_data.obj
 0001:000064dc       __vcrt_freeptd             00000001800074dc f   libvcruntime:per_thread_data.obj
 0001:0000652c       __vcrt_getptd_noexit       000000018000752c f   libvcruntime:per_thread_data.obj
 0001:000065e4       __vcrt_initialize_ptd      00000001800075e4 f   libvcruntime:per_thread_data.obj
 0001:00006638       __vcrt_uninitialize_ptd    0000000180007638 f   libvcruntime:per_thread_data.obj
 0001:0000665c       __vcrt_initialize_locks    000000018000765c f   libvcruntime:locks.obj
 0001:000066a4       __vcrt_uninitialize_locks  00000001800076a4 f   libvcruntime:locks.obj
 0001:000068b4       __vcrt_FlsAlloc            00000001800078b4 f   libvcruntime:winapi_downlevel.obj
 0001:00006908       __vcrt_FlsFree             0000000180007908 f   libvcruntime:winapi_downlevel.obj
 0001:0000695c       __vcrt_FlsGetValue         000000018000795c f   libvcruntime:winapi_downlevel.obj
 0001:000069b0       __vcrt_FlsSetValue         00000001800079b0 f   libvcruntime:winapi_downlevel.obj
 0001:00006a18       __vcrt_InitializeCriticalSectionEx 0000000180007a18 f   libvcruntime:winapi_downlevel.obj
 0001:00006a90       __vcrt_initialize_winapi_thunks 0000000180007a90 f   libvcruntime:winapi_downlevel.obj
 0001:00006ad4       __vcrt_uninitialize_winapi_thunks 0000000180007ad4 f   libvcruntime:winapi_downlevel.obj
 0001:00006b14       __vcrt_initialize_pure_virtual_call_handler 0000000180007b14 f   libvcruntime:purevirt_data.obj
 0001:00006b50       _CallSettingFrame          0000000180007b50 f   libvcruntime:handlers.obj
 0001:00006b90       __DestructExceptionObject  0000000180007b90 f   libvcruntime:ehhelpers.obj
 0001:00006c14       ?_CallMemberFunction0@@YAXQEAX0@Z 0000000180007c14 f i libvcruntime:ehhelpers.obj
 0001:00006c18       ??$is_overflow_condition@K@__crt_strtox@@YA_NIK@Z 0000000180007c18 f i libucrt:strtox.obj
 0001:00006c44       ??$make_c_string_character_source@DPEAPEAD@__crt_strtox@@YA?AV?$c_string_character_source@D@0@QEBDQEAPEAD@Z 0000000180007c44 f i libucrt:strtox.obj
 0001:00006c44       ??$make_c_string_character_source@_WPEAPEA_W@__crt_strtox@@YA?AV?$c_string_character_source@_W@0@QEB_WQEAPEA_W@Z 0000000180007c44 f i libucrt:strtox.obj
 0001:00006c58       ??$parse_integer@KV?$c_string_character_source@D@__crt_strtox@@@__crt_strtox@@YAKQEAU__crt_locale_pointers@@V?$c_string_character_source@D@0@H_N@Z 0000000180007c58 f i libucrt:strtox.obj
 0001:00006f6c       ??$parse_integer@KV?$c_string_character_source@_W@__crt_strtox@@@__crt_strtox@@YAKQEAU__crt_locale_pointers@@V?$c_string_character_source@_W@0@H_N@Z 0000000180007f6c f i libucrt:strtox.obj
 0001:00007640       ??0_LocaleUpdate@@QEAA@QEAU__crt_locale_pointers@@@Z 0000000180008640 f i libucrt:strtox.obj
 0001:000076d0       strtoul                    00000001800086d0 f   libucrt:strtox.obj
 0001:00007700       wcstol                     0000000180008700 f   libucrt:strtox.obj
 0001:00007730       wcstoul                    0000000180008730 f   libucrt:strtox.obj
 0001:00007760       ??$ensure_buffer_is_big_enough@D@formatting_buffer@__crt_stdio_output@@QEAA_N_K@Z 0000000180008760 f i libucrt:output.obj
 0001:0000780c       ??$is_wide_character_specifier@_W@__crt_stdio_output@@YA_N_K_WW4length_modifier@0@@Z 000000018000880c f i libucrt:output.obj
 0001:00007850       ??$type_case_integer_parse_into_buffer@I@?$output_processor@_WV?$string_output_adapter@_W@__crt_stdio_output@@V?$standard_base@_WV?$string_output_adapter@_W@__crt_stdio_output@@@2@@__crt_stdio_output@@AEAAXII_N@Z 0000000180008850 f i libucrt:output.obj
 0001:000078ec       ??$type_case_integer_parse_into_buffer@_K@?$output_processor@_WV?$string_output_adapter@_W@__crt_stdio_output@@V?$standard_base@_WV?$string_output_adapter@_W@__crt_stdio_output@@@2@@__crt_stdio_output@@AEAAX_KI_N@Z 00000001800088ec f i libucrt:output.obj
 0001:00007988       ??$write_multiple_characters@V?$string_output_adapter@_W@__crt_stdio_output@@D@__crt_stdio_output@@YAXAEBV?$string_output_adapter@_W@0@DHQEAH@Z 0000000180008988 f i libucrt:output.obj
 0001:000079f8       ??0?$output_processor@_WV?$string_output_adapter@_W@__crt_stdio_output@@V?$standard_base@_WV?$string_output_adapter@_W@__crt_stdio_output@@@2@@__crt_stdio_output@@QEAA@AEBV?$string_output_adapter@_W@1@_KQEB_WQEAU__crt_locale_pointers@@QEAD@Z 00000001800089f8 f i libucrt:output.obj
 0001:00007a78       ?force_decimal_point@__crt_stdio_output@@YAXPEADQEAU__crt_locale_pointers@@@Z 0000000180008a78 f i libucrt:output.obj
 0001:00007ae8       ?parse_int_from_format_string@?$output_processor@_WV?$string_output_adapter@_W@__crt_stdio_output@@V?$standard_base@_WV?$string_output_adapter@_W@__crt_stdio_output@@@2@@__crt_stdio_output@@AEAA_NQEAH@Z 0000000180008ae8 f i libucrt:output.obj
 0001:00007b68       ?process@?$output_processor@_WV?$string_output_adapter@_W@__crt_stdio_output@@V?$standard_base@_WV?$string_output_adapter@_W@__crt_stdio_output@@@2@@__crt_stdio_output@@QEAAHXZ 0000000180008b68 f i libucrt:output.obj
 0001:00007de4       ?state_case_size@?$output_processor@_WV?$string_output_adapter@_W@__crt_stdio_output@@V?$standard_base@_WV?$string_output_adapter@_W@__crt_stdio_output@@@2@@__crt_stdio_output@@AEAA_NXZ 0000000180008de4 f i libucrt:output.obj
 0001:00007f88       ?state_case_type@?$output_processor@_WV?$string_output_adapter@_W@__crt_stdio_output@@V?$standard_base@_WV?$string_output_adapter@_W@__crt_stdio_output@@@2@@__crt_stdio_output@@AEAA_NXZ 0000000180008f88 f i libucrt:output.obj
 0001:00008254       ?type_case_Z@?$output_processor@_WV?$string_output_adapter@_W@__crt_stdio_output@@V?$standard_base@_WV?$string_output_adapter@_W@__crt_stdio_output@@@2@@__crt_stdio_output@@AEAA_NXZ 0000000180009254 f i libucrt:output.obj
 0001:000082d4       ?type_case_a@?$output_processor@_WV?$string_output_adapter@_W@__crt_stdio_output@@V?$standard_base@_WV?$string_output_adapter@_W@__crt_stdio_output@@@2@@__crt_stdio_output@@AEAA_NXZ 00000001800092d4 f i libucrt:output.obj
 0001:00008518       ?type_case_c_tchar@?$output_processor@_WV?$string_output_adapter@_W@__crt_stdio_output@@V?$standard_base@_WV?$string_output_adapter@_W@__crt_stdio_output@@@2@@__crt_stdio_output@@AEAA_N_W@Z 0000000180009518 f i libucrt:output.obj
 0001:000085c0       ?type_case_integer@?$output_processor@_WV?$string_output_adapter@_W@__crt_stdio_output@@V?$standard_base@_WV?$string_output_adapter@_W@__crt_stdio_output@@@2@@__crt_stdio_output@@AEAA_NI_N@Z 00000001800095c0 f i libucrt:output.obj
 0001:00008760       ?type_case_n@?$output_processor@_WV?$string_output_adapter@_W@__crt_stdio_output@@V?$standard_base@_WV?$string_output_adapter@_W@__crt_stdio_output@@@2@@__crt_stdio_output@@AEAA_NXZ 0000000180009760 f i libucrt:output.obj
 0001:0000883c       ?type_case_s@?$output_processor@_WV?$string_output_adapter@_W@__crt_stdio_output@@V?$standard_base@_WV?$string_output_adapter@_W@__crt_stdio_output@@@2@@__crt_stdio_output@@AEAA_NXZ 000000018000983c f i libucrt:output.obj
 0001:00008904       ?write_stored_string_tchar@?$output_processor@_WV?$string_output_adapter@_W@__crt_stdio_output@@V?$standard_base@_WV?$string_output_adapter@_W@__crt_stdio_output@@@2@@__crt_stdio_output@@AEAA_N_W@Z 0000000180009904 f i libucrt:output.obj
 0001:000089f4       ?write_string@?$string_output_adapter@_W@__crt_stdio_output@@QEBAXQEB_WHQEAH1@Z 00000001800099f4 f i libucrt:output.obj
 0001:00008ab4       __stdio_common_vswprintf   0000000180009ab4 f   libucrt:output.obj
 0001:00008cec       wcsncmp                    0000000180009cec f   libucrt:wcsncmp.obj
 0001:00008d18       _initterm                  0000000180009d18 f   libucrt:initterm.obj
 0001:00008d90       _initterm_e                0000000180009d90 f   libucrt:initterm.obj
 0001:00008ddc       _seh_filter_dll            0000000180009ddc f   libucrt:exception_filter.obj
 0001:00008df0       _seh_filter_exe            0000000180009df0 f   libucrt:exception_filter.obj
 0001:000091b0       __acrt_initialize_thread_local_exit_callback 000000018000a1b0 f   libucrt:exit.obj
 0001:000091b8       _cexit                     000000018000a1b8 f   libucrt:exit.obj
 0001:000091c8       _exit                      000000018000a1c8 f   libucrt:exit.obj
 0001:000091d4       _is_c_termination_complete 000000018000a1d4 f   libucrt:exit.obj
 0001:00009398       __acrt_allocate_buffer_for_argv 000000018000a398 f   libucrt:argv_parsing.obj
 0001:000093fc       _configure_narrow_argv     000000018000a3fc f   libucrt:argv_parsing.obj
 0001:00009758       __dcrt_uninitialize_environments_nolock 000000018000a758 f   libucrt:environment_initialization.obj
 0001:00009790       _initialize_narrow_environment 000000018000a790 f   libucrt:environment_initialization.obj
 0001:00009798       ??$?RV<lambda_e24bbb7b643b32fcea6fa61b31d4c984>@@AEAV<lambda_275893d493268fdec8709772e3fcec0e>@@V<lambda_9d71df4d7cf3f480f8d633942495c3b0>@@@?$__crt_seh_guarded_call@H@@QEAAH$$QEAV<lambda_e24bbb7b643b32fcea6fa61b31d4c984>@@AEAV<lambda_275893d493268fdec8709772e3fcec0e>@@$$QEAV<lambda_9d71df4d7cf3f480f8d633942495c3b0>@@@Z 000000018000a798 f i libucrt:onexit.obj
 0001:00009938       _execute_onexit_table      000000018000a938 f   libucrt:onexit.obj
 0001:00009974       _initialize_onexit_table   000000018000a974 f   libucrt:onexit.obj
 0001:000099ec       __acrt_uninitialize_command_line 000000018000a9ec f   libucrt:argv_data.obj
 0001:00009aec       __acrt_initialize          000000018000aaec f   libucrt:initialization.obj
 0001:00009b00       __acrt_thread_attach       000000018000ab00 f   libucrt:initialization.obj
 0001:00009b14       __acrt_thread_detach       000000018000ab14 f   libucrt:initialization.obj
 0001:00009b24       __acrt_uninitialize        000000018000ab24 f   libucrt:initialization.obj
 0001:00009b38       __acrt_uninitialize_critical 000000018000ab38 f   libucrt:initialization.obj
 0001:00009b48       terminate                  000000018000ab48 f   libucrt:terminate.obj
 0001:00009b70       _free_base                 000000018000ab70 f   libucrt:free_base.obj
 0001:00009bb0       _malloc_base               000000018000abb0 f   libucrt:malloc_base.obj
 0001:00009c10       strcpy_s                   000000018000ac10 f   libucrt:strcpy_s.obj
 0001:00009c80       strncmp                    000000018000ac80 f   libucrt:strncmp.obj
 0001:00009d00       abort                      000000018000ad00 f   libucrt:abort.obj
 0001:00009d58       _calloc_base               000000018000ad58 f   libucrt:calloc_base.obj
 0001:00009dd0       __acrt_call_reportfault    000000018000add0 f   libucrt:invalid_parameter.obj
 0001:00009f2c       __acrt_initialize_invalid_parameter_handler 000000018000af2c f   libucrt:invalid_parameter.obj
 0001:00009f34       _invalid_parameter         000000018000af34 f   libucrt:invalid_parameter.obj
 0001:00009fdc       _invalid_parameter_noinfo  000000018000afdc f   libucrt:invalid_parameter.obj
 0001:00009ffc       _invoke_watson             000000018000affc f   libucrt:invalid_parameter.obj
 0001:0000a044       __acrt_errno_from_os_error 000000018000b044 f   libucrt:errno.obj
 0001:0000a08c       __acrt_errno_map_os_error  000000018000b08c f   libucrt:errno.obj
 0001:0000a0dc       __doserrno                 000000018000b0dc f   libucrt:errno.obj
 0001:0000a0fc       _errno                     000000018000b0fc f   libucrt:errno.obj
 0001:0000a11c       __pctype_func              000000018000b11c f   libucrt:ctype.obj
 0001:0000a14c       iswctype                   000000018000b14c f   libucrt:iswctype.obj
 0001:0000a1bc       _isctype_l                 000000018000b1bc f   libucrt:isctype.obj
 0001:0000a2cc       ??$?RV<lambda_46352004c1216016012b18bd6f87e700>@@AEAV<lambda_3bd07e1a1191394380780325891bf33f>@@V<lambda_334532d3f185bcaa59b5be82d7d22bff>@@@?$__crt_seh_guarded_call@X@@QEAAX$$QEAV<lambda_46352004c1216016012b18bd6f87e700>@@AEAV<lambda_3bd07e1a1191394380780325891bf33f>@@$$QEAV<lambda_334532d3f185bcaa59b5be82d7d22bff>@@@Z 000000018000b2cc f i libucrt:per_thread_data.obj
 0001:0000a32c       ??$?RV<lambda_5e887d1dcbef67a5eb4283622ba103bf>@@AEAV<lambda_4466841279450cc726390878d4a41900>@@V<lambda_341c25c0346d94847f1f3c463c57e077>@@@?$__crt_seh_guarded_call@X@@QEAAX$$QEAV<lambda_5e887d1dcbef67a5eb4283622ba103bf>@@AEAV<lambda_4466841279450cc726390878d4a41900>@@$$QEAV<lambda_341c25c0346d94847f1f3c463c57e077>@@@Z 000000018000b32c f i libucrt:per_thread_data.obj
 0001:0000a374       ??$?RV<lambda_72d1df2b273a38828b1ce30cbf4cdab5>@@AEAV<lambda_876a65b173b8412d3a47c70a915b0cf4>@@V<lambda_41932305e351933ebe8f8be3ed8bb5dc>@@@?$__crt_seh_guarded_call@X@@QEAAX$$QEAV<lambda_72d1df2b273a38828b1ce30cbf4cdab5>@@AEAV<lambda_876a65b173b8412d3a47c70a915b0cf4>@@$$QEAV<lambda_41932305e351933ebe8f8be3ed8bb5dc>@@@Z 000000018000b374 f i libucrt:per_thread_data.obj
 0001:0000a3b4       ??$?RV<lambda_fb3a7dec4e47f37f22dae91bb15c9095>@@AEAV<lambda_698284760c8add0bfb0756c19673e34b>@@V<lambda_dfb8eca1e75fef3034a8fb18dd509707>@@@?$__crt_seh_guarded_call@X@@QEAAX$$QEAV<lambda_fb3a7dec4e47f37f22dae91bb15c9095>@@AEAV<lambda_698284760c8add0bfb0756c19673e34b>@@$$QEAV<lambda_dfb8eca1e75fef3034a8fb18dd509707>@@@Z 000000018000b3b4 f i libucrt:per_thread_data.obj
 0001:0000a644       __acrt_freeptd             000000018000b644 f   libucrt:per_thread_data.obj
 0001:0000a688       __acrt_getptd              000000018000b688 f   libucrt:per_thread_data.obj
 0001:0000a71c       __acrt_getptd_noexit       000000018000b71c f   libucrt:per_thread_data.obj
 0001:0000a7bc       __acrt_initialize_ptd      000000018000b7bc f   libucrt:per_thread_data.obj
 0001:0000a7f8       __acrt_uninitialize_ptd    000000018000b7f8 f   libucrt:per_thread_data.obj
 0001:0000a81c       __acrt_update_locale_info  000000018000b81c f   libucrt:locale_update.obj
 0001:0000a850       __acrt_update_multibyte_info 000000018000b850 f   libucrt:locale_update.obj
 0001:0000a884       __acrt_set_locale_changed  000000018000b884 f   libucrt:wsetlocale.obj
 0001:0000a890       __acrt_uninitialize_locale 000000018000b890 f   libucrt:wsetlocale.obj
 0001:0000a8d8       isdigit                    000000018000b8d8 f i libucrt:_ctype.obj
 0001:0000a99c       _tolower_l                 000000018000b99c f   libucrt:tolower_toupper.obj
 0001:0000aadc       tolower                    000000018000badc f   libucrt:tolower_toupper.obj
 0001:0000ab08       _mbtowc_l                  000000018000bb08 f   libucrt:mbtowc.obj
 0001:0000ac50       mbtowc                     000000018000bc50 f   libucrt:mbtowc.obj
 0001:0000ac58       wcsnlen                    000000018000bc58 f   libucrt:strnlen.obj
 0001:0000ae48       ?__acrt_fp_classify@@YA?AW4__acrt_fp_class@@AEBN@Z 000000018000be48 f i libucrt:cvt.obj
 0001:0000b880       __acrt_fp_format           000000018000c880 f   libucrt:cvt.obj
 0001:0000bac4       _fileno                    000000018000cac4 f   libucrt:fileno.obj
 0001:0000baec       __acrt_initialize_stdio    000000018000caec f   libucrt:_file.obj
 0001:0000bc0c       __acrt_uninitialize_stdio  000000018000cc0c f   libucrt:_file.obj
 0001:0000bc68       _lock_file                 000000018000cc68 f   libucrt:_file.obj
 0001:0000bc74       _unlock_file               000000018000cc74 f   libucrt:_file.obj
 0001:0000bc80       _get_printf_count_output   000000018000cc80 f   libucrt:printf_count_output.obj
 0001:0000be80       __acrt_initialize_lowio    000000018000ce80 f   libucrt:ioinit.obj
 0001:0000bebc       __acrt_uninitialize_lowio  000000018000cebc f   libucrt:ioinit.obj
 0001:0000befc       __acrt_initialize_locks    000000018000cefc f   libucrt:locks.obj
 0001:0000bf44       __acrt_lock                000000018000cf44 f   libucrt:locks.obj
 0001:0000bf60       __acrt_uninitialize_locks  000000018000cf60 f   libucrt:locks.obj
 0001:0000bf98       __acrt_unlock              000000018000cf98 f   libucrt:locks.obj
 0001:0000c154       __acrt_FlsAlloc            000000018000d154 f   libucrt:winapi_thunks.obj
 0001:0000c1ac       __acrt_FlsFree             000000018000d1ac f   libucrt:winapi_thunks.obj
 0001:0000c204       __acrt_FlsGetValue         000000018000d204 f   libucrt:winapi_thunks.obj
 0001:0000c25c       __acrt_FlsSetValue         000000018000d25c f   libucrt:winapi_thunks.obj
 0001:0000c2c4       __acrt_InitializeCriticalSectionEx 000000018000d2c4 f   libucrt:winapi_thunks.obj
 0001:0000c33c       __acrt_LCMapStringEx       000000018000d33c f   libucrt:winapi_thunks.obj
 0001:0000c42c       __acrt_LocaleNameToLCID    000000018000d42c f   libucrt:winapi_thunks.obj
 0001:0000c494       __acrt_initialize_winapi_thunks 000000018000d494 f   libucrt:winapi_thunks.obj
 0001:0000c4cc       __acrt_is_packaged_app     000000018000d4cc f   libucrt:winapi_thunks.obj
 0001:0000c554       __acrt_uninitialize_winapi_thunks 000000018000d554 f   libucrt:winapi_thunks.obj
 0001:0000ca74       ?expand_if_necessary@?$argument_list@D@?A0xca0879c4@@AEAAHXZ 000000018000da74 f i libucrt:argv_wildcards.obj
 0001:0000cb3c       __acrt_expand_narrow_argv_wildcards 000000018000db3c f   libucrt:argv_wildcards.obj
 0001:0000cb44       ??$?RV<lambda_99476a1ad63dd22509b5d3e65b0ffc95>@@AEAV<lambda_ad1ced32f4ac17aa236e5ef05d6b3b7c>@@V<lambda_f7424dd8d45958661754dc4f2697e9c3>@@@?$__crt_seh_guarded_call@X@@QEAAX$$QEAV<lambda_99476a1ad63dd22509b5d3e65b0ffc95>@@AEAV<lambda_ad1ced32f4ac17aa236e5ef05d6b3b7c>@@$$QEAV<lambda_f7424dd8d45958661754dc4f2697e9c3>@@@Z 000000018000db44 f i libucrt:mbctype.obj
 0001:0000d240       __acrt_initialize_multibyte 000000018000e240 f   libucrt:mbctype.obj
 0001:0000d268       __acrt_update_thread_multibyte_data 000000018000e268 f   libucrt:mbctype.obj
 0001:0000d328       _setmbcp_nolock            000000018000e328 f   libucrt:mbctype.obj
 0001:0000d648       _ismbblead                 000000018000e648 f   libucrt:ismbbyte.obj
 0001:0000d65c       __acrt_initialize_command_line 000000018000e65c f   libucrt:argv_data.obj
 0001:0000d684       __dcrt_get_narrow_environment_from_os 000000018000e684 f   libucrt:get_environment_from_os.obj
 0001:0000d788       _recalloc                  000000018000e788 f   libucrt:recalloc.obj
 0001:0000d790       _recalloc_base             000000018000e790 f   libucrt:recalloc.obj
 0001:0000d828       __acrt_initialize_heap     000000018000e828 f   libucrt:heap_handle.obj
 0001:0000d844       __acrt_uninitialize_heap   000000018000e844 f   libucrt:heap_handle.obj
 0001:0000d850       __acrt_execute_initializers 000000018000e850 f   libucrt:shared_initialization.obj
 0001:0000d8e4       __acrt_execute_uninitializers 000000018000e8e4 f   libucrt:shared_initialization.obj
 0001:0000d934       __acrt_initialize_new_handler 000000018000e934 f   libucrt:new_handler.obj
 0001:0000d93c       _callnewh                  000000018000e93c f   libucrt:new_handler.obj
 0001:0000d97c       _query_new_handler         000000018000e97c f   libucrt:new_handler.obj
 0001:0000d9b0       ??$?RV<lambda_c36588078e9f5dfd39652860aa6b3aaf>@@AEAV<lambda_ec61778202f4f5fc7e7711acc23c3bca>@@V<lambda_dc9d2797ccde5d239b4a0efae8ebd7db>@@@?$__crt_seh_guarded_call@P6AXH@Z@@QEAAP6AXH@Z$$QEAV<lambda_c36588078e9f5dfd39652860aa6b3aaf>@@AEAV<lambda_ec61778202f4f5fc7e7711acc23c3bca>@@$$QEAV<lambda_dc9d2797ccde5d239b4a0efae8ebd7db>@@@Z 000000018000e9b0 f i libucrt:signal.obj
 0001:0000d9f8       __acrt_get_sigabrt_handler 000000018000e9f8 f   libucrt:signal.obj
 0001:0000da28       __acrt_initialize_signal_handlers 000000018000ea28 f   libucrt:signal.obj
 0001:0000da48       raise                      000000018000ea48 f   libucrt:signal.obj
 0001:0000dce4       __acrt_has_user_matherr    000000018000ece4 f   libucrt:matherr.obj
 0001:0000dd04       __acrt_initialize_user_matherr 000000018000ed04 f   libucrt:matherr.obj
 0001:0000dd0c       __acrt_invoke_user_matherr 000000018000ed0c f   libucrt:matherr.obj
 0001:0000dd54       _query_new_mode            000000018000ed54 f   libucrt:new_mode.obj
 0001:0000dd5c       _isleadbyte_l              000000018000ed5c f i libucrt:_wctype.obj
 0001:0000dd9c       __acrt_GetStringTypeA      000000018000ed9c f   libucrt:getstringtypea.obj
 0001:0000df50       __acrt_add_locale_ref      000000018000ef50 f   libucrt:locale_refcounting.obj
 0001:0000dfdc       __acrt_free_locale         000000018000efdc f   libucrt:locale_refcounting.obj
 0001:0000e154       __acrt_locale_add_lc_time_reference 000000018000f154 f   libucrt:locale_refcounting.obj
 0001:0000e17c       __acrt_locale_free_lc_time_if_unreferenced 000000018000f17c f   libucrt:locale_refcounting.obj
 0001:0000e1b4       __acrt_locale_release_lc_time_reference 000000018000f1b4 f   libucrt:locale_refcounting.obj
 0001:0000e1dc       __acrt_release_locale_ref  000000018000f1dc f   libucrt:locale_refcounting.obj
 0001:0000e284       __acrt_update_thread_locale_data 000000018000f284 f   libucrt:locale_refcounting.obj
 0001:0000e2f4       _updatetlocinfoEx_nolock   000000018000f2f4 f   libucrt:locale_refcounting.obj
 0001:0000e35c       __acrt_locale_free_monetary 000000018000f35c f   libucrt:initmon.obj
 0001:0000e468       __acrt_locale_free_numeric 000000018000f468 f   libucrt:initnum.obj
 0001:0000e52c       __acrt_locale_free_time    000000018000f52c f   libucrt:inittime.obj
 0001:0000e990       __acrt_LCMapStringA        000000018000f990 f   libucrt:lcmapstringa.obj
 0001:0000ea28       __acrt_fp_strflt_to_string 000000018000fa28 f   libucrt:_fptostr.obj
 0001:0000eaf0       ?divide@__crt_strtox@@YA_KAEAUbig_integer@1@AEBU21@@Z 000000018000faf0 f i libucrt:cfout.obj
 0001:0000efc0       __acrt_fltout              000000018000ffc0 f   libucrt:cfout.obj
 0001:000103b4       _fcloseall                 00000001800113b4 f   libucrt:closeall.obj
 0001:00010468       __acrt_stdio_flush_nolock  0000000180011468 f   libucrt:fflush.obj
 0001:000104e0       _fflush_nolock             00000001800114e0 f   libucrt:fflush.obj
 0001:0001052c       _flushall                  000000018001152c f   libucrt:fflush.obj
 0001:0001061c       __acrt_stdio_free_buffer_nolock 000000018001161c f   libucrt:_freebuf.obj
 0001:0001065c       _isatty                    000000018001165c f   libucrt:isatty.obj
 0001:000106bc       __acrt_lowio_create_handle_array 00000001800116bc f   libucrt:osfinfo.obj
 0001:00010754       __acrt_lowio_destroy_handle_array 0000000180011754 f   libucrt:osfinfo.obj
 0001:000107a4       __acrt_lowio_ensure_fh_exists 00000001800117a4 f   libucrt:osfinfo.obj
 0001:0001085c       __acrt_lowio_lock_fh       000000018001185c f   libucrt:osfinfo.obj
 0001:00010880       __acrt_lowio_unlock_fh     0000000180011880 f   libucrt:osfinfo.obj
 0001:000108a4       _free_osfhnd               00000001800118a4 f   libucrt:osfinfo.obj
 0001:00010960       _get_osfhandle             0000000180011960 f   libucrt:osfinfo.obj
 0001:00010aa0       __acrt_DownlevelLocaleNameToLCID 0000000180011aa0 f   libucrt:lcidtoname_downlevel.obj
 0001:00010bb0       qsort                      0000000180011bb0 f   libucrt:qsort.obj
 0001:00010ee4       strncpy_s                  0000000180011ee4 f   libucrt:strncpy_s.obj
 0001:00010fb8       strpbrk                    0000000180011fb8 f   libucrt:strpbrk.obj
 0001:00011058       _mbsdec                    0000000180012058 f   libucrt:mbsdec.obj
 0001:00011060       _mbsdec_l                  0000000180012060 f   libucrt:mbsdec.obj
 0001:00011110       _msize                     0000000180012110 f   libucrt:msize.obj
 0001:0001114c       _realloc_base              000000018001214c f   libucrt:realloc_base.obj
 0001:000111d0       __strncnt                  00000001800121d0 f   libucrt:strncnt.obj
 0001:000111e8       fegetenv                   00000001800121e8 f   libucrt:fegetenv.obj
 0001:00011208       fesetenv                   0000000180012208 f   libucrt:fesetenv.obj
 0001:00011254       feholdexcept               0000000180012254 f   libucrt:feholdexcept.obj
 0001:000112a4       ceil                       00000001800122a4 f   libucrt:ceil.obj
 0001:00011370       log10                      0000000180012370 f   libucrt:log10.obj
 0001:00011ebc       _write                     0000000180012ebc f   libucrt:write.obj
 0001:00011fa8       _write_nolock              0000000180012fa8 f   libucrt:write.obj
 0001:00012328       _lseeki64_nolock           0000000180013328 f   libucrt:lseek.obj
 0001:00012330       _fclose_nolock             0000000180013330 f   libucrt:fclose.obj
 0001:000123b4       fclose                     00000001800133b4 f   libucrt:fclose.obj
 0001:00012420       ??$?RV<lambda_b521505b218e5242e90febf6bfebc422>@@AEAV<lambda_6978c1fb23f02e42e1d9e99668cc68aa>@@V<lambda_314360699dd331753a4119843814e9a7>@@@?$__crt_seh_guarded_call@H@@QEAAH$$QEAV<lambda_b521505b218e5242e90febf6bfebc422>@@AEAV<lambda_6978c1fb23f02e42e1d9e99668cc68aa>@@$$QEAV<lambda_314360699dd331753a4119843814e9a7>@@@Z 0000000180013420 f i libucrt:commit.obj
 0001:000124ac       _commit                    00000001800134ac f   libucrt:commit.obj
 0001:00012540       _query_app_type            0000000180013540 f   libucrt:report_runtime_error.obj
 0001:00012548       _getfpcontrolword          0000000180013548 f   libucrt:_fenvutils.obj
 0001:00012560       _getfpstatusword           0000000180013560 f   libucrt:_fenvutils.obj
 0001:00012574       _setfpcontrolword          0000000180013574 f   libucrt:_fenvutils.obj
 0001:00012580       _setfpstatusword           0000000180013580 f   libucrt:_fenvutils.obj
 0001:000125d0       _clearfp                   00000001800135d0 f   libucrt:ieee.obj
 0001:00012624       _controlfp                 0000000180013624 f   libucrt:ieee.obj
 0001:00012630       _statusfp                  0000000180013630 f   libucrt:ieee.obj
 0001:00012a34       _handle_error              0000000180013a34 f   libucrt:libm_error.obj
 0001:00012b5c       _handle_nan                0000000180013b5c f   libucrt:libm_error.obj
 0001:00012b80       __acrt_initialize_fma3     0000000180013b80 f   libucrt:fma3_available.obj
 0001:00012bf0       _log10_special             0000000180013bf0 f   libucrt:log_special.obj
 0001:00012ca8       _putwch_nolock             0000000180013ca8 f   libucrt:putwch.obj
 0001:00012d04       ??$?RV<lambda_bfedae4ebbf01fab1bb6dcc6a9e276e0>@@AEAV<lambda_2fe9b910cf3cbf4a0ab98a02ba45b3ec>@@V<lambda_237c231691f317818eb88cc1d5d642d6>@@@?$__crt_seh_guarded_call@H@@QEAAH$$QEAV<lambda_bfedae4ebbf01fab1bb6dcc6a9e276e0>@@AEAV<lambda_2fe9b910cf3cbf4a0ab98a02ba45b3ec>@@$$QEAV<lambda_237c231691f317818eb88cc1d5d642d6>@@@Z 0000000180013d04 f i libucrt:close.obj
 0001:00012d78       _close                     0000000180013d78 f   libucrt:close.obj
 0001:00012e1c       _close_nolock              0000000180013e1c f   libucrt:close.obj
 0001:00012ed8       ?__acrt_stdio_free_stream@@YAXV__crt_stdio_stream@@@Z 0000000180013ed8 f   libucrt:stream.obj
 0001:00012f30       _get_fpsr                  0000000180013f30 f   libucrt:fpsr.obj
 0001:00012f40       _set_fpsr                  0000000180013f40 f   libucrt:fpsr.obj
 0001:00012f4a       _fclrf                     0000000180013f4a f   libucrt:fpsr.obj
 0001:00012f5e       _frnd                      0000000180013f5e f   libucrt:fpsr.obj
 0001:00012f80       _raise_exc                 0000000180013f80 f   libucrt:fpexcept.obj
 0001:00012fa8       _raise_exc_ex              0000000180013fa8 f   libucrt:fpexcept.obj
 0001:000132b0       _set_errno_from_matherr    00000001800142b0 f   libucrt:fpexcept.obj
 0001:000132e0       _clrfp                     00000001800142e0 f   libucrt:fpctrl.obj
 0001:00013300       _ctrlfp                    0000000180014300 f   libucrt:fpctrl.obj
 0001:0001337c       _set_statfp                000000018001437c f   libucrt:fpctrl.obj
 0001:0001339c       _statfp                    000000018001439c f   libucrt:fpctrl.obj
 0001:000133b0       __dcrt_lowio_initialize_console_output 00000001800143b0 f   libucrt:initcon.obj
 0001:000133ec       __dcrt_terminate_console_output 00000001800143ec f   libucrt:initcon.obj
 0001:0001340c       IsProcessorFeaturePresent  000000018001440c f   kernel32:KERNEL32.dll
 0001:00013412       RtlUnwindEx                0000000180014412 f   kernel32:KERNEL32.dll
 0001:00013420       _FindPESection             0000000180014420 f   LIBCMT:pesect.obj
 0001:00013470       _IsNonwritableInCurrentImage 0000000180014470 f   LIBCMT:pesect.obj
 0001:000134c0       _ValidateImageBase         00000001800144c0 f   LIBCMT:pesect.obj
 0001:00013500       memcmp                     0000000180014500 f   libvcruntime:memcmp.obj
 0001:000135c8       strrchr                    00000001800145c8 f   libvcruntime:strrchr.obj
 0001:00013730       _guard_dispatch_icall_nop  0000000180014730 f   LIBCMT:_guard_dispatch_.obj
 0001:00013750       __guard_ss_verify_failure  0000000180014750 f   LIBCMT:_rfgfailure_.obj
 0001:0001375b       __guard_ss_verify_failure_rcx 000000018001475b     LIBCMT:_rfgfailure_.obj
 0001:00013761       __guard_ss_verify_failure_rdx 0000000180014761     LIBCMT:_rfgfailure_.obj
 0001:00013767       __guard_ss_verify_failure_r8 0000000180014767     LIBCMT:_rfgfailure_.obj
 0001:0001376d       __guard_ss_verify_failure_r9 000000018001476d     LIBCMT:_rfgfailure_.obj
 0001:00013773       __guard_ss_verify_failure_r10 0000000180014773     LIBCMT:_rfgfailure_.obj
 0001:00013780       __guard_ss_verify_failure_default 0000000180014780 f   LIBCMT:_rfgfailure_.obj
 0001:000137e0       __guard_ss_verify_sp       00000001800147e0 f   LIBCMT:_rfgfailure_.obj
 0001:000137f0       __guard_ss_verify_sp_default 00000001800147f0 f   LIBCMT:_rfgfailure_.obj
 0002:00000000       __imp_RegQueryValueExW     0000000180015000     advapi32:ADVAPI32.dll
 0002:00000008       __imp_RegOpenKeyExW        0000000180015008     advapi32:ADVAPI32.dll
 0002:00000010       __imp_RegCreateKeyExW      0000000180015010     advapi32:ADVAPI32.dll
 0002:00000018       __imp_RegCloseKey          0000000180015018     advapi32:ADVAPI32.dll
 0002:00000020       __imp_RegSetValueExW       0000000180015020     advapi32:ADVAPI32.dll
 0002:00000028       \177ADVAPI32_NULL_THUNK_DATA 0000000180015028     advapi32:ADVAPI32.dll
 0002:00000030       __imp_SelectObject         0000000180015030     gdi32:GDI32.dll
 0002:00000038       __imp_LineTo               0000000180015038     gdi32:GDI32.dll
 0002:00000040       __imp_DeleteObject         0000000180015040     gdi32:GDI32.dll
 0002:00000048       __imp_CreateSolidBrush     0000000180015048     gdi32:GDI32.dll
 0002:00000050       __imp_CreatePen            0000000180015050     gdi32:GDI32.dll
 0002:00000058       __imp_MoveToEx             0000000180015058     gdi32:GDI32.dll
 0002:00000060       \177GDI32_NULL_THUNK_DATA  0000000180015060     gdi32:GDI32.dll
 0002:00000068       __imp_MultiByteToWideChar  0000000180015068     kernel32:KERNEL32.dll
 0002:00000070       __imp_lstrlenA             0000000180015070     kernel32:KERNEL32.dll
 0002:00000078       __imp_WriteConsoleW        0000000180015078     kernel32:KERNEL32.dll
 0002:00000080       __imp_FlushFileBuffers     0000000180015080     kernel32:KERNEL32.dll
 0002:00000088       __imp_SetFilePointerEx     0000000180015088     kernel32:KERNEL32.dll
 0002:00000090       __imp_lstrcpyA             0000000180015090     kernel32:KERNEL32.dll
 0002:00000098       __imp_lstrcpynA            0000000180015098     kernel32:KERNEL32.dll
 0002:000000a0       __imp_lstrcpynW            00000001800150a0     kernel32:KERNEL32.dll
 0002:000000a8       __imp_GetModuleFileNameW   00000001800150a8     kernel32:KERNEL32.dll
 0002:000000b0       __imp_lstrlenW             00000001800150b0     kernel32:KERNEL32.dll
 0002:000000b8       __imp_GetLastError         00000001800150b8     kernel32:KERNEL32.dll
 0002:000000c0       __imp_lstrcpyW             00000001800150c0     kernel32:KERNEL32.dll
 0002:000000c8       __imp_VirtualProtect       00000001800150c8     kernel32:KERNEL32.dll
 0002:000000d0       __imp_CloseHandle          00000001800150d0     kernel32:KERNEL32.dll
 0002:000000d8       __imp_EnterCriticalSection 00000001800150d8     kernel32:KERNEL32.dll
 0002:000000e0       __imp_DebugBreak           00000001800150e0     kernel32:KERNEL32.dll
 0002:000000e8       __imp_HeapCreate           00000001800150e8     kernel32:KERNEL32.dll
 0002:000000f0       __imp_HeapDestroy          00000001800150f0     kernel32:KERNEL32.dll
 0002:000000f8       __imp_HeapAlloc            00000001800150f8     kernel32:KERNEL32.dll
 0002:00000100       __imp_HeapReAlloc          0000000180015100     kernel32:KERNEL32.dll
 0002:00000108       __imp_HeapFree             0000000180015108     kernel32:KERNEL32.dll
 0002:00000110       __imp_RtlCaptureContext    0000000180015110     kernel32:KERNEL32.dll
 0002:00000118       __imp_RtlLookupFunctionEntry 0000000180015118     kernel32:KERNEL32.dll
 0002:00000120       __imp_RtlVirtualUnwind     0000000180015120     kernel32:KERNEL32.dll
 0002:00000128       __imp_UnhandledExceptionFilter 0000000180015128     kernel32:KERNEL32.dll
 0002:00000130       __imp_SetUnhandledExceptionFilter 0000000180015130     kernel32:KERNEL32.dll
 0002:00000138       __imp_GetCurrentProcess    0000000180015138     kernel32:KERNEL32.dll
 0002:00000140       __imp_TerminateProcess     0000000180015140     kernel32:KERNEL32.dll
 0002:00000148       __imp_IsProcessorFeaturePresent 0000000180015148     kernel32:KERNEL32.dll
 0002:00000150       __imp_QueryPerformanceCounter 0000000180015150     kernel32:KERNEL32.dll
 0002:00000158       __imp_GetCurrentProcessId  0000000180015158     kernel32:KERNEL32.dll
 0002:00000160       __imp_GetCurrentThreadId   0000000180015160     kernel32:KERNEL32.dll
 0002:00000168       __imp_GetSystemTimeAsFileTime 0000000180015168     kernel32:KERNEL32.dll
 0002:00000170       __imp_InitializeSListHead  0000000180015170     kernel32:KERNEL32.dll
 0002:00000178       __imp_IsDebuggerPresent    0000000180015178     kernel32:KERNEL32.dll
 0002:00000180       __imp_GetStartupInfoW      0000000180015180     kernel32:KERNEL32.dll
 0002:00000188       __imp_GetModuleHandleW     0000000180015188     kernel32:KERNEL32.dll
 0002:00000190       __imp_RtlUnwindEx          0000000180015190     kernel32:KERNEL32.dll
 0002:00000198       __imp_InterlockedFlushSList 0000000180015198     kernel32:KERNEL32.dll
 0002:000001a0       __imp_SetLastError         00000001800151a0     kernel32:KERNEL32.dll
 0002:000001a8       __imp_CreateFileW          00000001800151a8     kernel32:KERNEL32.dll
 0002:000001b0       __imp_LeaveCriticalSection 00000001800151b0     kernel32:KERNEL32.dll
 0002:000001b8       __imp_DeleteCriticalSection 00000001800151b8     kernel32:KERNEL32.dll
 0002:000001c0       __imp_InitializeCriticalSectionAndSpinCount 00000001800151c0     kernel32:KERNEL32.dll
 0002:000001c8       __imp_TlsAlloc             00000001800151c8     kernel32:KERNEL32.dll
 0002:000001d0       __imp_TlsGetValue          00000001800151d0     kernel32:KERNEL32.dll
 0002:000001d8       __imp_TlsSetValue          00000001800151d8     kernel32:KERNEL32.dll
 0002:000001e0       __imp_TlsFree              00000001800151e0     kernel32:KERNEL32.dll
 0002:000001e8       __imp_FreeLibrary          00000001800151e8     kernel32:KERNEL32.dll
 0002:000001f0       __imp_GetProcAddress       00000001800151f0     kernel32:KERNEL32.dll
 0002:000001f8       __imp_LoadLibraryExW       00000001800151f8     kernel32:KERNEL32.dll
 0002:00000200       __imp_RaiseException       0000000180015200     kernel32:KERNEL32.dll
 0002:00000208       __imp_ExitProcess          0000000180015208     kernel32:KERNEL32.dll
 0002:00000210       __imp_GetModuleHandleExW   0000000180015210     kernel32:KERNEL32.dll
 0002:00000218       __imp_GetModuleFileNameA   0000000180015218     kernel32:KERNEL32.dll
 0002:00000220       __imp_WideCharToMultiByte  0000000180015220     kernel32:KERNEL32.dll
 0002:00000228       __imp_GetStringTypeW       0000000180015228     kernel32:KERNEL32.dll
 0002:00000230       __imp_GetACP               0000000180015230     kernel32:KERNEL32.dll
 0002:00000238       __imp_GetStdHandle         0000000180015238     kernel32:KERNEL32.dll
 0002:00000240       __imp_GetFileType          0000000180015240     kernel32:KERNEL32.dll
 0002:00000248       __imp_LCMapStringW         0000000180015248     kernel32:KERNEL32.dll
 0002:00000250       __imp_FindClose            0000000180015250     kernel32:KERNEL32.dll
 0002:00000258       __imp_FindFirstFileExA     0000000180015258     kernel32:KERNEL32.dll
 0002:00000260       __imp_FindNextFileA        0000000180015260     kernel32:KERNEL32.dll
 0002:00000268       __imp_IsValidCodePage      0000000180015268     kernel32:KERNEL32.dll
 0002:00000270       __imp_GetOEMCP             0000000180015270     kernel32:KERNEL32.dll
 0002:00000278       __imp_GetCPInfo            0000000180015278     kernel32:KERNEL32.dll
 0002:00000280       __imp_GetCommandLineA      0000000180015280     kernel32:KERNEL32.dll
 0002:00000288       __imp_GetCommandLineW      0000000180015288     kernel32:KERNEL32.dll
 0002:00000290       __imp_GetEnvironmentStringsW 0000000180015290     kernel32:KERNEL32.dll
 0002:00000298       __imp_FreeEnvironmentStringsW 0000000180015298     kernel32:KERNEL32.dll
 0002:000002a0       __imp_GetProcessHeap       00000001800152a0     kernel32:KERNEL32.dll
 0002:000002a8       __imp_SetStdHandle         00000001800152a8     kernel32:KERNEL32.dll
 0002:000002b0       __imp_HeapSize             00000001800152b0     kernel32:KERNEL32.dll
 0002:000002b8       __imp_WriteFile            00000001800152b8     kernel32:KERNEL32.dll
 0002:000002c0       __imp_GetConsoleCP         00000001800152c0     kernel32:KERNEL32.dll
 0002:000002c8       __imp_GetConsoleMode       00000001800152c8     kernel32:KERNEL32.dll
 0002:000002d0       \177KERNEL32_NULL_THUNK_DATA 00000001800152d0     kernel32:KERNEL32.dll
 0002:000002d8       __imp_wsprintfW            00000001800152d8     user32:USER32.dll
 0002:000002e0       __imp_FillRect             00000001800152e0     user32:USER32.dll
 0002:000002e8       __imp_wsprintfA            00000001800152e8     user32:USER32.dll
 0002:000002f0       \177USER32_NULL_THUNK_DATA 00000001800152f0     user32:USER32.dll
 0002:000002f8       __imp_VerQueryValueW       00000001800152f8     version:VERSION.dll
 0002:00000300       __imp_GetFileVersionInfoW  0000000180015300     version:VERSION.dll
 0002:00000308       __imp_GetFileVersionInfoSizeW 0000000180015308     version:VERSION.dll
 0002:00000310       \177VERSION_NULL_THUNK_DATA 0000000180015310     version:VERSION.dll
 0002:00000318       __guard_check_icall_fptr   0000000180015318     LIBCMT:guard_support.obj
 0002:00000320       __guard_dispatch_icall_fptr 0000000180015320     LIBCMT:guard_support.obj
 0002:00000328       __guard_ss_verify_failure_fptr 0000000180015328     LIBCMT:guard_support.obj
 0002:00000330       __guard_ss_verify_sp_fptr  0000000180015330     LIBCMT:guard_support.obj
 0002:00000338       __xc_a                     0000000180015338     LIBCMT:initializers.obj
 0002:00000340       __xc_z                     0000000180015340     LIBCMT:initializers.obj
 0002:00000348       __xi_a                     0000000180015348     LIBCMT:initializers.obj
 0002:00000350       __acrt_stdio_initializer   0000000180015350     libucrt:stdio_initializer.obj
 0002:00000358       __acrt_multibyte_initializer 0000000180015358     libucrt:multibyte_initializer.obj
 0002:00000360       __acrt_tran_fma3_initializer 0000000180015360     libucrt:fma3_initializer.obj
 0002:00000368       __xi_z                     0000000180015368     LIBCMT:initializers.obj
 0002:00000370       __xp_a                     0000000180015370     LIBCMT:initializers.obj
 0002:00000378       __acrt_locale_terminator   0000000180015378     libucrt:locale_initializer.obj
 0002:00000380       __dcrt_console_output_terminator 0000000180015380     libucrt:console_output_initializer.obj
 0002:00000388       __acrt_stdio_terminator    0000000180015388     libucrt:stdio_initializer.obj
 0002:00000390       __xp_z                     0000000180015390     LIBCMT:initializers.obj
 0002:00000398       __xt_a                     0000000180015398     LIBCMT:initializers.obj
 0002:000003a0       __xt_z                     00000001800153a0     LIBCMT:initializers.obj
 0002:000003b0       ??_C@_1BM@GCLEPEKO@?$AAP?$AAl?$AAu?$AAg?$AAi?$AAn?$AAE?$AAn?$AAa?$AAb?$AAl?$AAe?$AAd?$AA?$AA@ 00000001800153b0     ConEmuLn.obj
 0002:000003d0       ??_C@_1BG@GKMEIIHO@?$AAL?$AAi?$AAn?$AAe?$AAs?$AAP?$AAa?$AAn?$AAe?$AAl?$AA?$AA@ 00000001800153d0     ConEmuLn.obj
 0002:000003e8       ??_C@_1BG@FMPDIDHG@?$AAL?$AAi?$AAn?$AAe?$AAs?$AAC?$AAo?$AAl?$AAo?$AAr?$AA?$AA@ 00000001800153e8     ConEmuLn.obj
 0002:00000400       ??_C@_1BI@DNACCAMK@?$AAL?$AAi?$AAn?$AAe?$AAs?$AAE?$AAd?$AAi?$AAt?$AAo?$AAr?$AA?$AA@ 0000000180015400     ConEmuLn.obj
 0002:00000418       ??_C@_1CC@LODMIFLF@?$AAL?$AAi?$AAn?$AAe?$AAs?$AAE?$AAd?$AAi?$AAt?$AAo?$AAr?$AAC?$AAo?$AAl?$AAo?$AAr?$AA?$AA@ 0000000180015418     ConEmuLn.obj
 0002:00000440       ??_C@_1BI@IMFGPMJI@?$AAL?$AAi?$AAn?$AAe?$AAs?$AAV?$AAi?$AAe?$AAw?$AAe?$AAr?$AA?$AA@ 0000000180015440     ConEmuLn.obj
 0002:00000458       ??_C@_1CC@KGIANIMF@?$AAL?$AAi?$AAn?$AAe?$AAs?$AAV?$AAi?$AAe?$AAw?$AAe?$AAr?$AAC?$AAo?$AAl?$AAo?$AAr?$AA?$AA@ 0000000180015458     ConEmuLn.obj
 0002:00000480       ??_C@_1BI@PPOFOFEE@?$AAH?$AAi?$AAl?$AAi?$AAg?$AAh?$AAt?$AAT?$AAy?$AAp?$AAe?$AA?$AA@ 0000000180015480     ConEmuLn.obj
 0002:00000498       ??_C@_1BO@FGCOGFB@?$AAH?$AAi?$AAl?$AAi?$AAg?$AAh?$AAt?$AAP?$AAl?$AAu?$AAg?$AAi?$AAn?$AAs?$AA?$AA@ 0000000180015498     ConEmuLn.obj
 0002:000004b8       ??_C@_1CA@GLKFLGCI@?$AAH?$AAi?$AAl?$AAi?$AAg?$AAh?$AAt?$AAP?$AAl?$AAu?$AAg?$AAB?$AAa?$AAc?$AAk?$AA?$AA@ 00000001800154b8     ConEmuLn.obj
 0002:000004d8       ??_C@_08BCACMCCB@ExitFARW?$AA@ 00000001800154d8     ConEmuLn.obj
 0002:000004e8       ??_C@_0L@DJCGGOCO@ConfigureW?$AA@ 00000001800154e8     ConEmuLn.obj
 0002:000004f4       ??_C@_11LOCGONAA@?$AA?$AA@ 00000001800154f4     ConEmuLn.obj
 0002:000004f8       ??_C@_13FPGAJAPJ@?$AA?2?$AA?$AA@ 00000001800154f8     ConEmuLn.obj
 0002:00000500       ??_C@_1FG@DPPGENBC@?$AAL?$AAo?$AAa?$AAd?$AAA?$AAp?$AAp?$AAV?$AAe?$AAr?$AAs?$AAi?$AAo?$AAn?$AA?4?$AAV?$AAe?$AAr?$AAQ?$AAu?$AAe?$AAr?$AAy?$AAV?$AAa?$AAl?$AAu?$AAe?$AA?$CI?$AA?$CC?$AA?2?$AA?$CC@ 0000000180015500     ConEmuLn.obj
 0002:00000560       ??_C@_1FK@HILEEFML@?$AAL?$AAo?$AAa?$AAd?$AAA?$AAp?$AAp?$AAV?$AAe?$AAr?$AAs?$AAi?$AAo?$AAn?$AA?4?$AAG?$AAe?$AAt?$AAF?$AAi?$AAl?$AAe?$AAV?$AAe?$AAr?$AAs?$AAi?$AAo?$AAn?$AAI?$AAn?$AAf@ 0000000180015560     ConEmuLn.obj
 0002:000005c0       ??_C@_1GC@BINFLBDC@?$AAL?$AAo?$AAa?$AAd?$AAA?$AAp?$AAp?$AAV?$AAe?$AAr?$AAs?$AAi?$AAo?$AAn?$AA?5?$AAf?$AAa?$AAi?$AAl?$AAe?$AAd?$AA?$CB?$AA?5?$AAC?$AAa?$AAn?$AA?8?$AAt?$AA?5?$AAa?$AAl?$AAl@ 00000001800155c0     ConEmuLn.obj
 0002:00000630       ??_C@_1GC@CPPHDKJK@?$AAL?$AAo?$AAa?$AAd?$AAA?$AAp?$AAp?$AAV?$AAe?$AAr?$AAs?$AAi?$AAo?$AAn?$AA?4?$AAG?$AAe?$AAt?$AAF?$AAi?$AAl?$AAe?$AAV?$AAe?$AAr?$AAs?$AAi?$AAo?$AAn?$AAI?$AAn?$AAf@ 0000000180015630     ConEmuLn.obj
 0002:000006a0       ??_C@_1EG@IINOBDEG@?$AAI?$AAn?$AAv?$AAa?$AAl?$AAi?$AAd?$AA?5?$AAa?$AAs?$AAM?$AAo?$AAd?$AAu?$AAl?$AAe?$AAP?$AAa?$AAt?$AAh?$AA?5?$AAw?$AAa?$AAs?$AA?5?$AAs?$AAp?$AAe?$AAc?$AAi?$AAf?$AAi@ 00000001800156a0     ConEmuLn.obj
 0002:000006e8       ??_C@_1CA@GGFPMHLH@?$AA?6?$AAE?$AAr?$AAr?$AAC?$AAo?$AAd?$AAe?$AA?$DN?$AA0?$AAx?$AA?$CF?$AA0?$AA8?$AAX?$AA?$AA@ 00000001800156e8     ConEmuLn.obj
 0002:00000710       ??_C@_1FG@LNADFPCE@?$AAL?$AAo?$AAa?$AAd?$AAF?$AAa?$AAr?$AAV?$AAe?$AAr?$AAs?$AAi?$AAo?$AAn?$AA?4?$AAG?$AAe?$AAt?$AAM?$AAo?$AAd?$AAu?$AAl?$AAe?$AAF?$AAi?$AAl?$AAe?$AAN?$AAa?$AAm?$AAe@ 0000000180015710     ConEmuLn.obj
 0002:00000768       ??_C@_1BC@KLDFICIN@?$AA0?$AAx?$AAX?$AAX?$AAX?$AAX?$AAX?$AAX?$AA?$AA@ 0000000180015768     ConEmuLn1900.obj
 0002:00000780       ??_C@_19OMFGMPJN@?$AA?$CF?$AA0?$AA6?$AAX?$AA?$AA@ 0000000180015780     ConEmuLn1900.obj
 0002:00000790       __xmm@00000000000000030000000500000008 0000000180015790     ConEmuLn1900.obj
 0002:000007a0       __xmm@00000000000000050000000500000009 00000001800157a0     ConEmuLn1900.obj
 0002:000007b0       __xmm@00000000000000070000000500000008 00000001800157b0     ConEmuLn1900.obj
 0002:000007c0       __xmm@00000000000000080000000500000008 00000001800157c0     ConEmuLn1900.obj
 0002:000007d0       __xmm@00000000000000090000000500000008 00000001800157d0     ConEmuLn1900.obj
 0002:000007e0       __xmm@000000000000000b0000000500000008 00000001800157e0     ConEmuLn1900.obj
 0002:000007f0       __xmm@000000000000000c0000000500000000 00000001800157f0     ConEmuLn1900.obj
 0002:00000800       __xmm@000000000000000e0000000000000000 0000000180015800     ConEmuLn1900.obj
 0002:00000810       __xmm@000000000000000f0000000000000007 0000000180015810     ConEmuLn1900.obj
 0002:00000820       __xmm@00000024000000070000001d00000006 0000000180015820     ConEmuLn1900.obj
 0002:00000830       __xmm@00000024000000080000001d00000006 0000000180015830     ConEmuLn1900.obj
 0002:00000840       __xmm@00000024000000090000001d00000006 0000000180015840     ConEmuLn1900.obj
 0002:00000850       __xmm@000000240000000c0000001d00000006 0000000180015850     ConEmuLn1900.obj
 0002:00000860       __xmm@00000026000000010000000300000003 0000000180015860     ConEmuLn1900.obj
 0002:00000870       ??_C@_1CE@PCHJHFGJ@?$AAC?$AAo?$AAn?$AAE?$AAm?$AAu?$AA?5?$AAU?$AAn?$AAd?$AAe?$AAr?$AAl?$AAi?$AAn?$AAe?$AAs?$AA?$AA@ 0000000180015870     ConEmuLn2800.obj
 0002:000008a0       ??_C@_1GC@KMIACAL@?$AAP?$AAa?$AAi?$AAn?$AAt?$AA?5?$AAu?$AAn?$AAd?$AAe?$AAr?$AAl?$AAi?$AAn?$AAe?$AAd?$AA?5?$AAb?$AAa?$AAc?$AAk?$AAg?$AAr?$AAo?$AAu?$AAn?$AAd?$AA?5?$AAi?$AAn?$AA?5?$AAt@ 00000001800158a0     ConEmuLn2800.obj
 0002:00000908       ??_C@_1DE@DJEAMLPH@?$AAC?$AAo?$AAn?$AAE?$AAm?$AAu?$AA?4?$AAM?$AAa?$AAx?$AAi?$AAm?$AAu?$AAs?$AA5?$AA?$EA?$AAg?$AAm?$AAa?$AAi?$AAl?$AA?4?$AAc?$AAo?$AAm?$AA?$AA@ 0000000180015908     ConEmuLn2800.obj
 0002:00000940       __xmm@00000000000000000000000000000003 0000000180015940     ConEmuLn2800.obj
 0002:00000950       __xmm@00000000000000000000000000000005 0000000180015950     ConEmuLn2800.obj
 0002:00000960       __xmm@00000000000000000000000000000007 0000000180015960     ConEmuLn2800.obj
 0002:00000970       __xmm@00000000000000000000000000000008 0000000180015970     ConEmuLn2800.obj
 0002:00000980       __xmm@00000000000000000000000000000009 0000000180015980     ConEmuLn2800.obj
 0002:00000990       __xmm@0000000000000000000000000000000b 0000000180015990     ConEmuLn2800.obj
 0002:000009a0       __xmm@0000000000000000000000000000000c 00000001800159a0     ConEmuLn2800.obj
 0002:000009b0       __xmm@0000000000000000000000000000000e 00000001800159b0     ConEmuLn2800.obj
 0002:000009c0       __xmm@0000000000000000000000000000000f 00000001800159c0     ConEmuLn2800.obj
 0002:000009d0       __xmm@00000000000000240000000000000007 00000001800159d0     ConEmuLn2800.obj
 0002:000009e0       __xmm@00000000000000240000000000000008 00000001800159e0     ConEmuLn2800.obj
 0002:000009f0       __xmm@00000000000000240000000000000009 00000001800159f0     ConEmuLn2800.obj
 0002:00000a00       __xmm@0000000000000024000000000000000c 0000000180015a00     ConEmuLn2800.obj
 0002:00000a10       __xmm@00000000000000260000000000000001 0000000180015a10     ConEmuLn2800.obj
 0002:00000a20       ??_C@_1BE@MMJMCNIO@?$AAC?$AAo?$AAn?$AAE?$AAm?$AAu?$AAL?$AAn?$AA?2?$AA?$AA@ 0000000180015a20     ConEmuLn995.obj
 0002:00000a40       __xmm@00000000000000000000002400000007 0000000180015a40     ConEmuLn995.obj
 0002:00000a50       __xmm@00000000000000000000002400000008 0000000180015a50     ConEmuLn995.obj
 0002:00000a60       __xmm@00000000000000000000002400000009 0000000180015a60     ConEmuLn995.obj
 0002:00000a70       __xmm@00000001000000000000000000000003 0000000180015a70     ConEmuLn995.obj
 0002:00000a80       ??_C@_08KOICIHPP@0xXXXXXX?$AA@ 0000000180015a80     ConEmuLnA.obj
 0002:00000a8c       ??_C@_04JCFDBOEJ@?$CF06X?$AA@ 0000000180015a8c     ConEmuLnA.obj
 0002:00000a98       _pRawDllMain               0000000180015a98     LIBCMT:dll_dllmain.obj
 0002:00000a98       _pDefaultRawDllMain        0000000180015a98     LIBCMT:dll_dllmain.obj
 0002:00000dd8       ??_C@_08EHJDFFNH@__based?$CI?$AA@ 0000000180015dd8     libvcruntime:undname.obj
 0002:00000de8       ??_C@_07KOLFKCDI@__cdecl?$AA@ 0000000180015de8     libvcruntime:undname.obj
 0002:00000df0       ??_C@_08GHMPAG@__pascal?$AA@ 0000000180015df0     libvcruntime:undname.obj
 0002:00000e00       ??_C@_09IFJBGAPI@__stdcall?$AA@ 0000000180015e00     libvcruntime:undname.obj
 0002:00000e10       ??_C@_0L@NPHFGOKO@__thiscall?$AA@ 0000000180015e10     libvcruntime:undname.obj
 0002:00000e20       ??_C@_0L@JMKHOMEK@__fastcall?$AA@ 0000000180015e20     libvcruntime:undname.obj
 0002:00000e30       ??_C@_0N@BCKKPABJ@__vectorcall?$AA@ 0000000180015e30     libvcruntime:undname.obj
 0002:00000e40       ??_C@_09HIJEGCPM@__clrcall?$AA@ 0000000180015e40     libvcruntime:undname.obj
 0002:00000e4c       ??_C@_06GHPCKEAG@__eabi?$AA@ 0000000180015e4c     libvcruntime:undname.obj
 0002:00000e58       ??_C@_07JOMMBBKO@__ptr64?$AA@ 0000000180015e58     libvcruntime:undname.obj
 0002:00000e60       ??_C@_0L@PILCLIHE@__restrict?$AA@ 0000000180015e60     libvcruntime:undname.obj
 0002:00000e70       ??_C@_0M@GFIIJFMG@__unaligned?$AA@ 0000000180015e70     libvcruntime:undname.obj
 0002:00000e80       ??_C@_09DHDLOLLB@restrict?$CI?$AA@ 0000000180015e80     libvcruntime:undname.obj
 0002:00000e8a       ??_C@_00CNPNBAHC@?$AA@     0000000180015e8a     libvcruntime:undname.obj
 0002:00000e8c       ??_C@_04NIHEBCM@?5new?$AA@ 0000000180015e8c     libvcruntime:undname.obj
 0002:00000e98       ??_C@_07FPCDHGMM@?5delete?$AA@ 0000000180015e98     libvcruntime:undname.obj
 0002:00000ea0       ??_C@_01NEMOKFLO@?$DN?$AA@ 0000000180015ea0     libvcruntime:undname.obj
 0002:00000ea4       ??_C@_02GPIOPFAK@?$DO?$DO?$AA@ 0000000180015ea4     libvcruntime:undname.obj
 0002:00000ea8       ??_C@_02FODMEDOG@?$DM?$DM?$AA@ 0000000180015ea8     libvcruntime:undname.obj
 0002:00000eac       ??_C@_01DCLJPIOD@?$CB?$AA@ 0000000180015eac     libvcruntime:undname.obj
 0002:00000eb0       ??_C@_02EGOFBIJA@?$DN?$DN?$AA@ 0000000180015eb0     libvcruntime:undname.obj
 0002:00000eb4       ??_C@_02FDNJECIE@?$CB?$DN?$AA@ 0000000180015eb4     libvcruntime:undname.obj
 0002:00000eb8       ??_C@_02GPECMEKF@?$FL?$FN?$AA@ 0000000180015eb8     libvcruntime:undname.obj
 0002:00000ec0       ??_C@_08LHJFAFGD@operator?$AA@ 0000000180015ec0     libvcruntime:undname.obj
 0002:00000ecc       ??_C@_02HBOOOICD@?9?$DO?$AA@ 0000000180015ecc     libvcruntime:undname.obj
 0002:00000ed0       ??_C@_01NBENCBCI@?$CK?$AA@ 0000000180015ed0     libvcruntime:undname.obj
 0002:00000ed4       ??_C@_02ECNGHCIF@?$CL?$CL?$AA@ 0000000180015ed4     libvcruntime:undname.obj
 0002:00000ed8       ??_C@_02BAABKJLB@?9?9?$AA@ 0000000180015ed8     libvcruntime:undname.obj
 0002:00000edc       ??_C@_01JOAMLHOP@?9?$AA@   0000000180015edc     libvcruntime:undname.obj
 0002:00000ee0       ??_C@_01MIFGBAGJ@?$CL?$AA@ 0000000180015ee0     libvcruntime:undname.obj
 0002:00000ee4       ??_C@_01HNPIGOCE@?$CG?$AA@ 0000000180015ee4     libvcruntime:undname.obj
 0002:00000ee8       ??_C@_03MNHNFDLC@?9?$DO?$CK?$AA@ 0000000180015ee8     libvcruntime:undname.obj
 0002:00000eec       ??_C@_01KMDKNFGN@?1?$AA@   0000000180015eec     libvcruntime:undname.obj
 0002:00000ef0       ??_C@_01FGNFDNOH@?$CF?$AA@ 0000000180015ef0     libvcruntime:undname.obj
 0002:00000ef4       ??_C@_01MNNFJEPP@?$DM?$AA@ 0000000180015ef4     libvcruntime:undname.obj
 0002:00000ef8       ??_C@_02EHCHHCKH@?$DM?$DN?$AA@ 0000000180015ef8     libvcruntime:undname.obj
 0002:00000efc       ??_C@_01PPODPGHN@?$DO?$AA@ 0000000180015efc     libvcruntime:undname.obj
 0002:00000f00       ??_C@_02EEKDKGMJ@?$DO?$DN?$AA@ 0000000180015f00     libvcruntime:undname.obj
 0002:00000f04       ??_C@_01IHBHIGKO@?0?$AA@   0000000180015f04     libvcruntime:undname.obj
 0002:00000f08       ??_C@_02HCKGKOFO@?$CI?$CJ?$AA@ 0000000180015f08     libvcruntime:undname.obj
 0002:00000f0c       ??_C@_01PJKLJHI@?$HO?$AA@  0000000180015f0c     libvcruntime:undname.obj
 0002:00000f10       ??_C@_01JKBOJNNK@?$FO?$AA@ 0000000180015f10     libvcruntime:undname.obj
 0002:00000f14       ??_C@_01DNKMNLPK@?$HM?$AA@ 0000000180015f14     libvcruntime:undname.obj
 0002:00000f18       ??_C@_02PPKAJPJL@?$CG?$CG?$AA@ 0000000180015f18     libvcruntime:undname.obj
 0002:00000f1c       ??_C@_02NONPIBCD@?$HM?$HM?$AA@ 0000000180015f1c     libvcruntime:undname.obj
 0002:00000f20       ??_C@_02FPIMKNGF@?$CK?$DN?$AA@ 0000000180015f20     libvcruntime:undname.obj
 0002:00000f24       ??_C@_02FOEOMHFC@?$CL?$DN?$AA@ 0000000180015f24     libvcruntime:undname.obj
 0002:00000f28       ??_C@_02FKMDLLOA@?9?$DN?$AA@ 0000000180015f28     libvcruntime:undname.obj
 0002:00000f2c       ??_C@_02FJEHGPIO@?1?$DN?$AA@ 0000000180015f2c     libvcruntime:undname.obj
 0002:00000f30       ??_C@_02FENAOKFI@?$CF?$DN?$AA@ 0000000180015f30     libvcruntime:undname.obj
 0002:00000f34       ??_C@_03IKFCCPFF@?$DO?$DO?$DN?$AA@ 0000000180015f34     libvcruntime:undname.obj
 0002:00000f38       ??_C@_03CDNPDDLA@?$DM?$DM?$DN?$AA@ 0000000180015f38     libvcruntime:undname.obj
 0002:00000f3c       ??_C@_02FGJGFEAB@?$CG?$DN?$AA@ 0000000180015f3c     libvcruntime:undname.obj
 0002:00000f40       ??_C@_02DHLNPPGH@?$HM?$DN?$AA@ 0000000180015f40     libvcruntime:undname.obj
 0002:00000f44       ??_C@_02MHEGNOJ@?$FO?$DN?$AA@ 0000000180015f44     libvcruntime:undname.obj
 0002:00000f48       ??_C@_09IFPLHPGF@?$GAvftable?8?$AA@ 0000000180015f48     libvcruntime:undname.obj
 0002:00000f58       ??_C@_09BLBHBJP@?$GAvbtable?8?$AA@ 0000000180015f58     libvcruntime:undname.obj
 0002:00000f68       ??_C@_07FEEIOKP@?$GAvcall?8?$AA@ 0000000180015f68     libvcruntime:undname.obj
 0002:00000f70       ??_C@_08LLFFHHDJ@?$GAtypeof?8?$AA@ 0000000180015f70     libvcruntime:undname.obj
 0002:00000f80       ??_C@_0BF@KDPPACIK@?$GAlocal?5static?5guard?8?$AA@ 0000000180015f80     libvcruntime:undname.obj
 0002:00000f98       ??_C@_08OBABFOLI@?$GAstring?8?$AA@ 0000000180015f98     libvcruntime:undname.obj
 0002:00000fa8       ??_C@_0BD@JDLKDPAB@?$GAvbase?5destructor?8?$AA@ 0000000180015fa8     libvcruntime:undname.obj
 0002:00000fc0       ??_C@_0BN@DEGPLNFK@?$GAvector?5deleting?5destructor?8?$AA@ 0000000180015fc0     libvcruntime:undname.obj
 0002:00000fe0       ??_C@_0BO@OBMKPJIG@?$GAdefault?5constructor?5closure?8?$AA@ 0000000180015fe0     libvcruntime:undname.obj
 0002:00001000       ??_C@_0BN@IMDCHIKM@?$GAscalar?5deleting?5destructor?8?$AA@ 0000000180016000     libvcruntime:undname.obj
 0002:00001020       ??_C@_0BO@PFGOCPJJ@?$GAvector?5constructor?5iterator?8?$AA@ 0000000180016020     libvcruntime:undname.obj
 0002:00001040       ??_C@_0BN@LFPFMEDL@?$GAvector?5destructor?5iterator?8?$AA@ 0000000180016040     libvcruntime:undname.obj
 0002:00001060       ??_C@_0CE@IKBNEHA@?$GAvector?5vbase?5constructor?5iterat@ 0000000180016060     libvcruntime:undname.obj
 0002:00001088       ??_C@_0BL@NILFHHPC@?$GAvirtual?5displacement?5map?8?$AA@ 0000000180016088     libvcruntime:undname.obj
 0002:000010a8       ??_C@_0CB@JONCMFFK@?$GAeh?5vector?5constructor?5iterator?8@ 00000001800160a8     libvcruntime:undname.obj
 0002:000010d0       ??_C@_0CA@GCEOPDGL@?$GAeh?5vector?5destructor?5iterator?8?$AA@ 00000001800160d0     libvcruntime:undname.obj
 0002:000010f0       ??_C@_0CH@OOJPLCPH@?$GAeh?5vector?5vbase?5constructor?5ite@ 00000001800160f0     libvcruntime:undname.obj
 0002:00001118       ??_C@_0BL@LLKPOHJI@?$GAcopy?5constructor?5closure?8?$AA@ 0000000180016118     libvcruntime:undname.obj
 0002:00001138       ??_C@_0BA@KBCDOMBN@?$GAudt?5returning?8?$AA@ 0000000180016138     libvcruntime:undname.obj
 0002:00001148       ??_C@_03KLGMFNMG@?$GAEH?$AA@ 0000000180016148     libvcruntime:undname.obj
 0002:0000114c       ??_C@_05KHLCHHI@?$GARTTI?$AA@ 000000018001614c     libvcruntime:undname.obj
 0002:00001158       ??_C@_0BA@KKLDJDLB@?$GAlocal?5vftable?8?$AA@ 0000000180016158     libvcruntime:undname.obj
 0002:00001168       ??_C@_0CE@IIHCMGGL@?$GAlocal?5vftable?5constructor?5closu@ 0000000180016168     libvcruntime:undname.obj
 0002:0000118c       ??_C@_06FHBGPFGH@?5new?$FL?$FN?$AA@ 000000018001618c     libvcruntime:undname.obj
 0002:00001198       ??_C@_09LBNFPBCA@?5delete?$FL?$FN?$AA@ 0000000180016198     libvcruntime:undname.obj
 0002:000011a8       ??_C@_0P@HJKNJFNN@?$GAomni?5callsig?8?$AA@ 00000001800161a8     libvcruntime:undname.obj
 0002:000011b8       ??_C@_0BL@CNOONJFP@?$GAplacement?5delete?5closure?8?$AA@ 00000001800161b8     libvcruntime:undname.obj
 0002:000011d8       ??_C@_0BN@CKNJLHMB@?$GAplacement?5delete?$FL?$FN?5closure?8?$AA@ 00000001800161d8     libvcruntime:undname.obj
 0002:000011f8       ??_C@_0CG@CFDHKGGD@?$GAmanaged?5vector?5constructor?5iter@ 00000001800161f8     libvcruntime:undname.obj
 0002:00001220       ??_C@_0CF@IMGKMJNO@?$GAmanaged?5vector?5destructor?5itera@ 0000000180016220     libvcruntime:undname.obj
 0002:00001248       ??_C@_0CG@HLDDJMAG@?$GAeh?5vector?5copy?5constructor?5iter@ 0000000180016248     libvcruntime:undname.obj
 0002:00001270       ??_C@_0CM@FCBBDIGB@?$GAeh?5vector?5vbase?5copy?5constructo@ 0000000180016270     libvcruntime:undname.obj
 0002:000012a0       ??_C@_0BL@CLIPGLGB@?$GAdynamic?5initializer?5for?5?8?$AA@ 00000001800162a0     libvcruntime:undname.obj
 0002:000012c0       ??_C@_0CB@PDBIFEP@?$GAdynamic?5atexit?5destructor?5for?5?8@ 00000001800162c0     libvcruntime:undname.obj
 0002:000012e8       ??_C@_0CD@CGAJBKEJ@?$GAvector?5copy?5constructor?5iterato@ 00000001800162e8     libvcruntime:undname.obj
 0002:00001310       ??_C@_0CJ@GJELGAMM@?$GAvector?5vbase?5copy?5constructor?5i@ 0000000180016310     libvcruntime:undname.obj
 0002:00001340       ??_C@_0CL@FGIJHLCE@?$GAmanaged?5vector?5copy?5constructor@ 0000000180016340     libvcruntime:undname.obj
 0002:00001370       ??_C@_0BM@PMGGMLDN@?$GAlocal?5static?5thread?5guard?8?$AA@ 0000000180016370     libvcruntime:undname.obj
 0002:00001390       ??_C@_0N@BDNMDMOL@operator?5?$CC?$CC?5?$AA@ 0000000180016390     libvcruntime:undname.obj
 0002:000013a0       ??_C@_0BC@GGEBGALA@operator?5co_await?$AA@ 00000001800163a0     libvcruntime:undname.obj
 0002:000013b8       ??_C@_0BC@DAFEJGAK@?5Type?5Descriptor?8?$AA@ 00000001800163b8     libvcruntime:undname.obj
 0002:000013d0       ??_C@_0BM@LDKODKLH@?5Base?5Class?5Descriptor?5at?5?$CI?$AA@ 00000001800163d0     libvcruntime:undname.obj
 0002:000013f0       ??_C@_0BD@LGICGFMM@?5Base?5Class?5Array?8?$AA@ 00000001800163f0     libvcruntime:undname.obj
 0002:00001408       ??_C@_0BN@MECKDCOJ@?5Class?5Hierarchy?5Descriptor?8?$AA@ 0000000180016408     libvcruntime:undname.obj
 0002:00001428       ??_C@_0BK@CFCOFLF@?5Complete?5Object?5Locator?8?$AA@ 0000000180016428     libvcruntime:undname.obj
 0002:00001460       ??_C@_1DM@KHCHBNEB@?$AAa?$AAp?$AAi?$AA?9?$AAm?$AAs?$AA?9?$AAw?$AAi?$AAn?$AA?9?$AAc?$AAo?$AAr?$AAe?$AA?9?$AAf?$AAi?$AAb?$AAe?$AAr?$AAs?$AA?9?$AAl?$AA1?$AA?9?$AA1?$AA?9?$AA1?$AA?$AA@ 0000000180016460     libvcruntime:winapi_downlevel.obj
 0002:000014a0       ??_C@_1DK@LPPGFMPP@?$AAa?$AAp?$AAi?$AA?9?$AAm?$AAs?$AA?9?$AAw?$AAi?$AAn?$AA?9?$AAc?$AAo?$AAr?$AAe?$AA?9?$AAs?$AAy?$AAn?$AAc?$AAh?$AA?9?$AAl?$AA1?$AA?9?$AA2?$AA?9?$AA0?$AA?$AA@ 00000001800164a0     libvcruntime:winapi_downlevel.obj
 0002:000014e0       ??_C@_1BC@GDMECMAK@?$AAk?$AAe?$AAr?$AAn?$AAe?$AAl?$AA3?$AA2?$AA?$AA@ 00000001800164e0     libvcruntime:winapi_downlevel.obj
 0002:000014f8       ??_C@_1BA@PFFKHIOG@?$AAa?$AAp?$AAi?$AA?9?$AAm?$AAs?$AA?9?$AA?$AA@ 00000001800164f8     libvcruntime:winapi_downlevel.obj
 0002:00001508       ??_C@_1BA@IAIFMGEF@?$AAe?$AAx?$AAt?$AA?9?$AAm?$AAs?$AA?9?$AA?$AA@ 0000000180016508     libvcruntime:winapi_downlevel.obj
 0002:00001520       ??_C@_08KNHFBNJ@FlsAlloc?$AA@ 0000000180016520     libvcruntime:winapi_downlevel.obj
 0002:00001538       ??_C@_07PEJMOBNF@FlsFree?$AA@ 0000000180016538     libvcruntime:winapi_downlevel.obj
 0002:00001548       ??_C@_0M@GDNOONDI@FlsGetValue?$AA@ 0000000180016548     libvcruntime:winapi_downlevel.obj
 0002:00001560       ??_C@_0M@JCPCPOEF@FlsSetValue?$AA@ 0000000180016560     libvcruntime:winapi_downlevel.obj
 0002:00001578       ??_C@_0BM@HCFOFFN@InitializeCriticalSectionEx?$AA@ 0000000180016578     libvcruntime:winapi_downlevel.obj
 0002:00001598       _pDestructExceptionObject  0000000180016598     libvcruntime:ehhelpers.obj
 0002:000015a0       standard_lookup_table      00000001800165a0     libucrt:output.obj
 0002:000015fc       ??_C@_06OJHGLDPL@?$CInull?$CJ?$AA@ 00000001800165fc     libucrt:output.obj
 0002:00001608       ??_C@_1O@CEDCILHN@?$AA?$CI?$AAn?$AAu?$AAl?$AAl?$AA?$CJ?$AA?$AA@ 0000000180016608     libucrt:output.obj
 0002:00001620       __acrt_exception_action_table 0000000180016620     libucrt:exception_filter.obj
 0002:000016e0       __acrt_signal_action_table_count 00000001800166e0     libucrt:exception_filter.obj
 0002:000016e8       __acrt_signal_action_first_fpe_index 00000001800166e8     libucrt:exception_filter.obj
 0002:000016f0       __acrt_signal_action_fpe_count 00000001800166f0     libucrt:exception_filter.obj
 0002:000016f8       ??_C@_1BI@BGOHAHKC@?$AAm?$AAs?$AAc?$AAo?$AAr?$AAe?$AAe?$AA?4?$AAd?$AAl?$AAl?$AA?$AA@ 00000001800166f8     libucrt:exit.obj
 0002:00001710       ??_C@_0P@MIGLKIOC@CorExitProcess?$AA@ 0000000180016710     libucrt:exit.obj
 0002:00001980       __newctype                 0000000180016980     libucrt:ctype.obj
 0002:00001c80       __newclmap                 0000000180016c80     libucrt:ctype.obj
 0002:00001e00       __newcumap                 0000000180016e00     libucrt:ctype.obj
 0002:00001f80       _wctype                    0000000180016f80     libucrt:ctype.obj
 0002:00002190       __lc_time_c                0000000180017190     libucrt:nlsdata.obj
 0002:00002450       ??_C@_03KOEHGMDN@Sun?$AA@  0000000180017450     libucrt:nlsdata.obj
 0002:00002454       ??_C@_03PDAGKDH@Mon?$AA@   0000000180017454     libucrt:nlsdata.obj
 0002:00002458       ??_C@_03NAGEINEP@Tue?$AA@  0000000180017458     libucrt:nlsdata.obj
 0002:0000245c       ??_C@_03MHOMLAJA@Wed?$AA@  000000018001745c     libucrt:nlsdata.obj
 0002:00002460       ??_C@_03IOFIKPDN@Thu?$AA@  0000000180017460     libucrt:nlsdata.obj
 0002:00002464       ??_C@_03IDIOELNC@Fri?$AA@  0000000180017464     libucrt:nlsdata.obj
 0002:00002468       ??_C@_03FEFJNEK@Sat?$AA@   0000000180017468     libucrt:nlsdata.obj
 0002:0000246c       ??_C@_06OOPIFAJ@Sunday?$AA@ 000000018001746c     libucrt:nlsdata.obj
 0002:00002474       ??_C@_06JLEDEDGH@Monday?$AA@ 0000000180017474     libucrt:nlsdata.obj
 0002:00002480       ??_C@_07BAAGCFCM@Tuesday?$AA@ 0000000180017480     libucrt:nlsdata.obj
 0002:00002488       ??_C@_09DLIGFAKA@Wednesday?$AA@ 0000000180017488     libucrt:nlsdata.obj
 0002:00002498       ??_C@_08HACCIKIA@Thursday?$AA@ 0000000180017498     libucrt:nlsdata.obj
 0002:000024a4       ??_C@_06JECMNKMI@Friday?$AA@ 00000001800174a4     libucrt:nlsdata.obj
 0002:000024b0       ??_C@_08INBOOONO@Saturday?$AA@ 00000001800174b0     libucrt:nlsdata.obj
 0002:000024bc       ??_C@_03JIHJHPIE@Jan?$AA@  00000001800174bc     libucrt:nlsdata.obj
 0002:000024c0       ??_C@_03HJBDCHOM@Feb?$AA@  00000001800174c0     libucrt:nlsdata.obj
 0002:000024c4       ??_C@_03ODNJBKGA@Mar?$AA@  00000001800174c4     libucrt:nlsdata.obj
 0002:000024c8       ??_C@_03LEOLGMJP@Apr?$AA@  00000001800174c8     libucrt:nlsdata.obj
 0002:000024cc       ??_C@_03CNMDKL@May?$AA@    00000001800174cc     libucrt:nlsdata.obj
 0002:000024d0       ??_C@_03IDFGHECI@Jun?$AA@  00000001800174d0     libucrt:nlsdata.obj
 0002:000024d4       ??_C@_03LBGABGKK@Jul?$AA@  00000001800174d4     libucrt:nlsdata.obj
 0002:000024d8       ??_C@_03IFJFEIGA@Aug?$AA@  00000001800174d8     libucrt:nlsdata.obj
 0002:000024dc       ??_C@_03GGCAPAJC@Sep?$AA@  00000001800174dc     libucrt:nlsdata.obj
 0002:000024e0       ??_C@_03BMAOKBAD@Oct?$AA@  00000001800174e0     libucrt:nlsdata.obj
 0002:000024e4       ??_C@_03JPJOFNIA@Nov?$AA@  00000001800174e4     libucrt:nlsdata.obj
 0002:000024e8       ??_C@_03MKABNOCG@Dec?$AA@  00000001800174e8     libucrt:nlsdata.obj
 0002:000024f0       ??_C@_07CGJPFGJA@January?$AA@ 00000001800174f0     libucrt:nlsdata.obj
 0002:000024f8       ??_C@_08GNJGEPFN@February?$AA@ 00000001800174f8     libucrt:nlsdata.obj
 0002:00002504       ??_C@_05HPCKOFNC@March?$AA@ 0000000180017504     libucrt:nlsdata.obj
 0002:0000250c       ??_C@_05DMJDNLEJ@April?$AA@ 000000018001750c     libucrt:nlsdata.obj
 0002:00002514       ??_C@_04CNLMGBGM@June?$AA@ 0000000180017514     libucrt:nlsdata.obj
 0002:0000251c       ??_C@_04MIEPOIFP@July?$AA@ 000000018001751c     libucrt:nlsdata.obj
 0002:00002524       ??_C@_06LBBHFDDG@August?$AA@ 0000000180017524     libucrt:nlsdata.obj
 0002:00002530       ??_C@_09BHHEALKD@September?$AA@ 0000000180017530     libucrt:nlsdata.obj
 0002:00002540       ??_C@_07JJNFCEND@October?$AA@ 0000000180017540     libucrt:nlsdata.obj
 0002:00002548       ??_C@_08HCHEGEOA@November?$AA@ 0000000180017548     libucrt:nlsdata.obj
 0002:00002558       ??_C@_08EDHMEBNP@December?$AA@ 0000000180017558     libucrt:nlsdata.obj
 0002:00002564       ??_C@_02DEDBPAFC@AM?$AA@   0000000180017564     libucrt:nlsdata.obj
 0002:00002568       ??_C@_02CJNFDJBF@PM?$AA@   0000000180017568     libucrt:nlsdata.obj
 0002:00002570       ??_C@_08BPBNCDIB@MM?1dd?1yy?$AA@ 0000000180017570     libucrt:nlsdata.obj
[...]
 0004:000009a8       $pdata$??$?RV<lambda_5e887d1dcbef67a5eb4283622ba103bf>@@AEAV<lambda_4466841279450cc726390878d4a41900>@@V<lambda_341c25c0346d94847f1f3c463c57e077>@@@?$__crt_seh_guarded_call@X@@QEAAX$$QEAV<lambda_5e887d1dcbef67a5eb4283622ba103bf>@@AEAV<lambda_4466841279450cc726390878d4a41900>@@$$QEAV<lambda_341c25c0346d94847f1f3c463c57e077>@@@Z 00000001800239a8     libucrt:per_thread_data.obj
 0004:000009b4       $pdata$??$?RV<lambda_46352004c1216016012b18bd6f87e700>@@AEAV<lambda_3bd07e1a1191394380780325891bf33f>@@V<lambda_334532d3f185bcaa59b5be82d7d22bff>@@@?$__crt_seh_guarded_call@X@@QEAAX$$QEAV<lambda_46352004c1216016012b18bd6f87e700>@@AEAV<lambda_3bd07e1a1191394380780325891bf33f>@@$$QEAV<lambda_334532d3f185bcaa59b5be82d7d22bff>@@@Z 00000001800239b4     libucrt:per_thread_data.obj
 0004:000009c0       $pdata$??$?RV<lambda_fb3a7dec4e47f37f22dae91bb15c9095>@@AEAV<lambda_698284760c8add0bfb0756c19673e34b>@@V<lambda_dfb8eca1e75fef3034a8fb18dd509707>@@@?$__crt_seh_guarded_call@X@@QEAAX$$QEAV<lambda_fb3a7dec4e47f37f22dae91bb15c9095>@@AEAV<lambda_698284760c8add0bfb0756c19673e34b>@@$$QEAV<lambda_dfb8eca1e75fef3034a8fb18dd509707>@@@Z 00000001800239c0     libucrt:per_thread_data.obj
 0004:000009cc       $pdata$__acrt_update_locale_info 00000001800239cc     libucrt:locale_update.obj
 0004:000009d8       $pdata$__acrt_update_multibyte_info 00000001800239d8     libucrt:locale_update.obj
 0004:000009e4       $pdata$__acrt_uninitialize_locale 00000001800239e4     libucrt:wsetlocale.obj
 0004:000009f0       $pdata$__acrt_update_thread_locale_data$fin$0 00000001800239f0     libucrt:locale_refcounting.obj
 0004:000009f0       $pdata$__acrt_uninitialize_locale$fin$0 00000001800239f0     libucrt:wsetlocale.obj
 0004:000009fc       $pdata$isdigit             00000001800239fc     libucrt:_ctype.obj
 0004:00000a08       $pdata$tolower             0000000180023a08     libucrt:tolower_toupper.obj
 0004:00000a14       $pdata$_tolower_l          0000000180023a14     libucrt:tolower_toupper.obj
 0004:00000a20       $pdata$?internal_isupper_l@@YA_NHQEAU__crt_locale_pointers@@@Z 0000000180023a20     libucrt:tolower_toupper.obj
 0004:00000a2c       $pdata$_mbtowc_l           0000000180023a2c     libucrt:mbtowc.obj
 0004:00000a38       $pdata$wcsnlen             0000000180023a38     libucrt:strnlen.obj
 0004:00000a44       $pdata$__acrt_fp_format    0000000180023a44     libucrt:cvt.obj
 0004:00000a50       $pdata$?fp_format_nan_or_infinity@@YAHW4__acrt_fp_class@@_NPEAD_K1@Z 0000000180023a50     libucrt:cvt.obj
 0004:00000a5c       $pdata$?fp_format_e_internal@@YAHQEAD_KH_NIQEAU_strflt@@2QEAU__crt_locale_pointers@@@Z 0000000180023a5c     libucrt:cvt.obj
 0004:00000a68       $pdata$?fp_format_e@@YAHQEBNQEAD_K12H_NIQEAU__crt_locale_pointers@@@Z 0000000180023a68     libucrt:cvt.obj
 0004:00000a74       $pdata$?fp_format_a@@YAHQEBNPEAD_KQEAD2H_NIQEAU__crt_locale_pointers@@@Z 0000000180023a74     libucrt:cvt.obj
 0004:00000a80       $pdata$?fp_format_f_internal@@YAHQEAD_KHQEAU_strflt@@_NQEAU__crt_locale_pointers@@@Z 0000000180023a80     libucrt:cvt.obj
 0004:00000a8c       $pdata$?fp_format_g@@YAHQEBNQEAD_K12H_NIQEAU__crt_locale_pointers@@@Z 0000000180023a8c     libucrt:cvt.obj
 0004:00000a98       $pdata$_fileno             0000000180023a98     libucrt:fileno.obj
 0004:00000aa4       $pdata$__acrt_initialize_stdio 0000000180023aa4     libucrt:_file.obj
 0004:00000ab0       $pdata$__acrt_uninitialize_stdio 0000000180023ab0     libucrt:_file.obj
 0004:00000abc       $pdata$__acrt_initialize_lowio 0000000180023abc     libucrt:ioinit.obj
 0004:00000ac8       $pdata$__acrt_initialize_lowio$fin$0 0000000180023ac8     libucrt:ioinit.obj
 0004:00000ac8       $pdata$__acrt_lowio_ensure_fh_exists$fin$0 0000000180023ac8     libucrt:osfinfo.obj
 0004:00000ad4       $pdata$__acrt_uninitialize_lowio 0000000180023ad4     libucrt:ioinit.obj
 0004:00000ae0       $pdata$?initialize_inherited_file_handles_nolock@@YAXXZ 0000000180023ae0     libucrt:ioinit.obj
 0004:00000aec       $pdata$?initialize_stdio_handles_nolock@@YAXXZ 0000000180023aec     libucrt:ioinit.obj
 0004:00000af8       $pdata$__acrt_initialize_locks 0000000180023af8     libucrt:locks.obj
 0004:00000b04       $pdata$__acrt_uninitialize_locks 0000000180023b04     libucrt:locks.obj
 0004:00000b10       $pdata$__acrt_FlsAlloc     0000000180023b10     libucrt:winapi_thunks.obj
 0004:00000b1c       $pdata$__acrt_FlsFree      0000000180023b1c     libucrt:winapi_thunks.obj
 0004:00000b28       $pdata$__acrt_FlsGetValue  0000000180023b28     libucrt:winapi_thunks.obj
 0004:00000b34       $pdata$__acrt_FlsSetValue  0000000180023b34     libucrt:winapi_thunks.obj
 0004:00000b40       $pdata$__acrt_initialize_winapi_thunks 0000000180023b40     libucrt:winapi_thunks.obj
 0004:00000b4c       $pdata$__acrt_uninitialize_winapi_thunks 0000000180023b4c     libucrt:winapi_thunks.obj
 0004:00000b58       $pdata$__acrt_InitializeCriticalSectionEx 0000000180023b58     libucrt:winapi_thunks.obj
 0004:00000b64       $pdata$__acrt_LCMapStringEx 0000000180023b64     libucrt:winapi_thunks.obj
 0004:00000b70       $pdata$__acrt_LocaleNameToLCID 0000000180023b70     libucrt:winapi_thunks.obj
 0004:00000b7c       $pdata$__acrt_is_packaged_app 0000000180023b7c     libucrt:winapi_thunks.obj
 0004:00000b88       $pdata$?try_get_function@@YAPEAXW4function_id@?A0x63058377@@QEBDQEBW4module_id@2@2@Z 0000000180023b88     libucrt:winapi_thunks.obj
 0004:00000b94       $pdata$??$common_expand_argv_wildcards@D@@YAHQEAPEADQEAPEAPEAD@Z 0000000180023b94     libucrt:argv_wildcards.obj
 0004:00000ba0       $pdata$?expand_if_necessary@?$argument_list@D@?A0xca0879c4@@AEAAHXZ 0000000180023ba0     libucrt:argv_wildcards.obj
 0004:00000bac       $pdata$??$copy_and_add_argument_to_buffer@D@@YAHQEBD0_KAEAV?$argument_list@D@?A0xca0879c4@@@Z 0000000180023bac     libucrt:argv_wildcards.obj
 0004:00000bb8       $pdata$??$expand_argument_wildcards@D@@YAHQEAD0AEAV?$argument_list@D@?A0xca0879c4@@@Z 0000000180023bb8     libucrt:argv_wildcards.obj
 0004:00000bc4       $pdata$__acrt_update_thread_multibyte_data 0000000180023bc4     libucrt:mbctype.obj
 0004:00000bd0       $pdata$__acrt_update_thread_multibyte_data$fin$0 0000000180023bd0     libucrt:mbctype.obj
 0004:00000bdc       $pdata$__acrt_initialize_multibyte 0000000180023bdc     libucrt:mbctype.obj
 0004:00000be8       $pdata$_setmbcp_nolock     0000000180023be8     libucrt:mbctype.obj
 0004:00000bf4       $pdata$?getSystemCP@@YAHH@Z 0000000180023bf4     libucrt:mbctype.obj
 0004:00000c00       $pdata$?setSBCS@@YAXPEAU__crt_multibyte_data@@@Z 0000000180023c00     libucrt:mbctype.obj
 0004:00000c0c       $pdata$?setSBUpLow@@YAXPEAU__crt_multibyte_data@@@Z 0000000180023c0c     libucrt:mbctype.obj
 0004:00000c18       $pdata$?setmbcp_internal@@YAHH_N@Z 0000000180023c18     libucrt:mbctype.obj
 0004:00000c24       $pdata$??R<lambda_ad1ced32f4ac17aa236e5ef05d6b3b7c>@@QEBAXXZ 0000000180023c24     libucrt:mbctype.obj
 0004:00000c30       $pdata$??$?RV<lambda_99476a1ad63dd22509b5d3e65b0ffc95>@@AEAV<lambda_ad1ced32f4ac17aa236e5ef05d6b3b7c>@@V<lambda_f7424dd8d45958661754dc4f2697e9c3>@@@?$__crt_seh_guarded_call@X@@QEAAX$$QEAV<lambda_99476a1ad63dd22509b5d3e65b0ffc95>@@AEAV<lambda_ad1ced32f4ac17aa236e5ef05d6b3b7c>@@$$QEAV<lambda_f7424dd8d45958661754dc4f2697e9c3>@@@Z 0000000180023c30     libucrt:mbctype.obj
 0004:00000c3c       $pdata$?x_ismbbtype_l@@YAHPEAU__crt_locale_pointers@@IHH@Z 0000000180023c3c     libucrt:ismbbyte.obj
 0004:00000c48       $pdata$__acrt_initialize_command_line 0000000180023c48     libucrt:argv_data.obj
 0004:00000c54       $pdata$__dcrt_get_narrow_environment_from_os 0000000180023c54     libucrt:get_environment_from_os.obj
 0004:00000c60       $pdata$_recalloc_base      0000000180023c60     libucrt:recalloc.obj
 0004:00000c6c       $pdata$__acrt_initialize_heap 0000000180023c6c     libucrt:heap_handle.obj
 0004:00000c78       $pdata$__acrt_execute_initializers 0000000180023c78     libucrt:shared_initialization.obj
 0004:00000c84       $pdata$__acrt_execute_uninitializers 0000000180023c84     libucrt:shared_initialization.obj
 0004:00000c90       $pdata$_callnewh           0000000180023c90     libucrt:new_handler.obj
 0004:00000c9c       $pdata$_query_new_handler  0000000180023c9c     libucrt:new_handler.obj
 0004:00000ca8       $pdata$_query_new_handler$fin$0 0000000180023ca8     libucrt:new_handler.obj
 0004:00000cb4       $pdata$__acrt_get_sigabrt_handler 0000000180023cb4     libucrt:signal.obj
 0004:00000cc0       $pdata$raise               0000000180023cc0     libucrt:signal.obj
 0004:00000ccc       $pdata$raise$fin$0         0000000180023ccc     libucrt:signal.obj
 0004:00000cd8       $pdata$??$?RV<lambda_c36588078e9f5dfd39652860aa6b3aaf>@@AEAV<lambda_ec61778202f4f5fc7e7711acc23c3bca>@@V<lambda_dc9d2797ccde5d239b4a0efae8ebd7db>@@@?$__crt_seh_guarded_call@P6AXH@Z@@QEAAP6AXH@Z$$QEAV<lambda_c36588078e9f5dfd39652860aa6b3aaf>@@AEAV<lambda_ec61778202f4f5fc7e7711acc23c3bca>@@$$QEAV<lambda_dc9d2797ccde5d239b4a0efae8ebd7db>@@@Z 0000000180023cd8     libucrt:signal.obj
 0004:00000ce4       $pdata$__acrt_invoke_user_matherr 0000000180023ce4     libucrt:matherr.obj
 0004:00000cf0       $pdata$_isleadbyte_l       0000000180023cf0     libucrt:_wctype.obj
 0004:00000cfc       $pdata$__acrt_GetStringTypeA 0000000180023cfc     libucrt:getstringtypea.obj
 0004:00000d08       $pdata$__acrt_release_locale_ref 0000000180023d08     libucrt:locale_refcounting.obj
 0004:00000d14       $pdata$__acrt_free_locale  0000000180023d14     libucrt:locale_refcounting.obj
 0004:00000d20       $pdata$__acrt_locale_free_lc_time_if_unreferenced 0000000180023d20     libucrt:locale_refcounting.obj
 0004:00000d2c       $pdata$__acrt_update_thread_locale_data 0000000180023d2c     libucrt:locale_refcounting.obj
 0004:00000d38       $pdata$_updatetlocinfoEx_nolock 0000000180023d38     libucrt:locale_refcounting.obj
 0004:00000d44       $pdata$__acrt_locale_free_monetary 0000000180023d44     libucrt:initmon.obj
 0004:00000d50       $pdata$__acrt_locale_free_numeric 0000000180023d50     libucrt:initnum.obj
 0004:00000d5c       $pdata$__acrt_locale_free_time 0000000180023d5c     libucrt:inittime.obj
 0004:00000d68       $pdata$?free_crt_array_internal@@YAXQEAPEBX_K@Z 0000000180023d68     libucrt:inittime.obj
 0004:00000d74       $pdata$__acrt_LCMapStringA 0000000180023d74     libucrt:lcmapstringa.obj
 0004:00000d80       $pdata$?__acrt_LCMapStringA_stat@@YAHPEAU__crt_locale_pointers@@PEB_WKPEBDHPEADHHH@Z 0000000180023d80     libucrt:lcmapstringa.obj
 0004:00000d8c       $pdata$__acrt_fp_strflt_to_string 0000000180023d8c     libucrt:_fptostr.obj
 0004:00000d98       $pdata$memcpy_s            0000000180023d98     libucrt:cfout.obj
 0004:00000da4       $pdata$__acrt_fltout       0000000180023da4     libucrt:cfout.obj
 0004:00000db0       $pdata$?divide@__crt_strtox@@YA_KAEAUbig_integer@1@AEBU21@@Z 0000000180023db0     libucrt:cfout.obj
 0004:00000dbc       $pdata$5$?divide@__crt_strtox@@YA_KAEAUbig_integer@1@AEBU21@@Z 0000000180023dbc     libucrt:cfout.obj
 0004:00000dc8       $pdata$6$?divide@__crt_strtox@@YA_KAEAUbig_integer@1@AEBU21@@Z 0000000180023dc8     libucrt:cfout.obj
 0004:00000dd4       $pdata$_fcloseall          0000000180023dd4     libucrt:closeall.obj
 0004:00000de0       $pdata$_fcloseall$fin$0    0000000180023de0     libucrt:closeall.obj
 0004:00000dec       $pdata$_fflush_nolock      0000000180023dec     libucrt:fflush.obj
 0004:00000df8       $pdata$__acrt_stdio_flush_nolock 0000000180023df8     libucrt:fflush.obj
 0004:00000e04       $pdata$common_flush_all    0000000180023e04     libucrt:fflush.obj
 0004:00000e10       $pdata$common_flush_all$fin$0 0000000180023e10     libucrt:fflush.obj
 0004:00000e1c       $pdata$common_flush_all$fin$1 0000000180023e1c     libucrt:fflush.obj
 0004:00000e28       $pdata$__acrt_stdio_free_buffer_nolock 0000000180023e28     libucrt:_freebuf.obj
 0004:00000e34       $pdata$_isatty             0000000180023e34     libucrt:isatty.obj
 0004:00000e40       $pdata$_get_osfhandle      0000000180023e40     libucrt:osfinfo.obj
 0004:00000e4c       $pdata$_free_osfhnd        0000000180023e4c     libucrt:osfinfo.obj
 0004:00000e58       $pdata$__acrt_lowio_create_handle_array 0000000180023e58     libucrt:osfinfo.obj
 0004:00000e64       $pdata$__acrt_lowio_destroy_handle_array 0000000180023e64     libucrt:osfinfo.obj
 0004:00000e70       $pdata$__acrt_lowio_ensure_fh_exists 0000000180023e70     libucrt:osfinfo.obj
 0004:00000e7c       $pdata$__acrt_DownlevelLocaleNameToLCID 0000000180023e7c     libucrt:lcidtoname_downlevel.obj
 0004:00000e88       $pdata$?GetTableIndexFromLocaleName@@YAHPEB_W@Z 0000000180023e88     libucrt:lcidtoname_downlevel.obj
 0004:00000e94       $pdata$qsort               0000000180023e94     libucrt:qsort.obj
 0004:00000ea0       $pdata$4$qsort             0000000180023ea0     libucrt:qsort.obj
 0004:00000eac       $pdata$5$qsort             0000000180023eac     libucrt:qsort.obj
 0004:00000eb8       $pdata$?shortsort@@YAXPEAD0_KP6AHPEBX2@Z@Z 0000000180023eb8     libucrt:qsort.obj
 0004:00000ec4       $pdata$2$?shortsort@@YAXPEAD0_KP6AHPEBX2@Z@Z 0000000180023ec4     libucrt:qsort.obj
 0004:00000ed0       $pdata$3$?shortsort@@YAXPEAD0_KP6AHPEBX2@Z@Z 0000000180023ed0     libucrt:qsort.obj
 0004:00000edc       $pdata$strncpy_s           0000000180023edc     libucrt:strncpy_s.obj
 0004:00000ee8       $pdata$strpbrk             0000000180023ee8     libucrt:strpbrk.obj
 0004:00000ef4       $pdata$_mbsdec_l           0000000180023ef4     libucrt:mbsdec.obj
 0004:00000f00       $pdata$?initialize_multibyte@@YAHXZ 0000000180023f00     libucrt:multibyte_initializer.obj
 0004:00000f0c       $pdata$_msize              0000000180023f0c     libucrt:msize.obj
 0004:00000f18       $pdata$_realloc_base       0000000180023f18     libucrt:realloc_base.obj
 0004:00000f24       $pdata$fegetenv            0000000180023f24     libucrt:fegetenv.obj
 0004:00000f30       $pdata$fesetenv            0000000180023f30     libucrt:fesetenv.obj
 0004:00000f3c       $pdata$feholdexcept        0000000180023f3c     libucrt:feholdexcept.obj
 0004:00000f54       $pdata$_write              0000000180023f54     libucrt:write.obj
 0004:00000f60       $pdata$_write$fin$0        0000000180023f60     libucrt:write.obj
 0004:00000f6c       $pdata$_write_nolock       0000000180023f6c     libucrt:write.obj
 0004:00000f78       $pdata$?write_double_translated_ansi_nolock@@YA?AUwrite_result@?A0x9c548279@@HQEBDI@Z 0000000180023f78     libucrt:write.obj
 0004:00000f84       $pdata$?write_text_ansi_nolock@@YA?AUwrite_result@?A0x9c548279@@HQEBDI@Z 0000000180023f84     libucrt:write.obj
 0004:00000f90       $pdata$?write_text_utf16le_nolock@@YA?AUwrite_result@?A0x9c548279@@HQEBDI@Z 0000000180023f90     libucrt:write.obj
 0004:00000f9c       $pdata$?write_text_utf8_nolock@@YA?AUwrite_result@?A0x9c548279@@HQEBDI@Z 0000000180023f9c     libucrt:write.obj
 0004:00000fa8       $pdata$??$common_lseek_nolock@_J@@YA_JH_JH@Z 0000000180023fa8     libucrt:lseek.obj
 0004:00000fb4       $pdata$fclose              0000000180023fb4     libucrt:fclose.obj
 0004:00000fc0       $pdata$fclose$fin$0        0000000180023fc0     libucrt:fclose.obj
 0004:00000fcc       $pdata$_fclose_nolock      0000000180023fcc     libucrt:fclose.obj
 0004:00000fd8       $pdata$_commit             0000000180023fd8     libucrt:commit.obj
 0004:00000fe4       $pdata$??$?RV<lambda_b521505b218e5242e90febf6bfebc422>@@AEAV<lambda_6978c1fb23f02e42e1d9e99668cc68aa>@@V<lambda_314360699dd331753a4119843814e9a7>@@@?$__crt_seh_guarded_call@H@@QEAAH$$QEAV<lambda_b521505b218e5242e90febf6bfebc422>@@AEAV<lambda_6978c1fb23f02e42e1d9e99668cc68aa>@@$$QEAV<lambda_314360699dd331753a4119843814e9a7>@@@Z 0000000180023fe4     libucrt:commit.obj
 0004:00000ff0       $pdata$?fin$0@?0???$?RV<lambda_b521505b218e5242e90febf6bfebc422>@@AEAV<lambda_6978c1fb23f02e42e1d9e99668cc68aa>@@V<lambda_314360699dd331753a4119843814e9a7>@@@?$__crt_seh_guarded_call@H@@QEAAH$$QEAV<lambda_b521505b218e5242e90febf6bfebc422>@@AEAV<lambda_6978c1fb23f02e42e1d9e99668cc68aa>@@$$QEAV<lambda_314360699dd331753a4119843814e9a7>@@@Z@4HA 0000000180023ff0     libucrt:commit.obj
 0004:00000ff0       $pdata$?fin$0@?0???$?RV<lambda_bfedae4ebbf01fab1bb6dcc6a9e276e0>@@AEAV<lambda_2fe9b910cf3cbf4a0ab98a02ba45b3ec>@@V<lambda_237c231691f317818eb88cc1d5d642d6>@@@?$__crt_seh_guarded_call@H@@QEAAH$$QEAV<lambda_bfedae4ebbf01fab1bb6dcc6a9e276e0>@@AEAV<lambda_2fe9b910cf3cbf4a0ab98a02ba45b3ec>@@$$QEAV<lambda_237c231691f317818eb88cc1d5d642d6>@@@Z@4HA 0000000180023ff0     libucrt:close.obj
 0004:00000ffc       $pdata$_setfpstatusword    0000000180023ffc     libucrt:_fenvutils.obj
 0004:00001008       $pdata$_getfpcontrolword   0000000180024008     libucrt:_fenvutils.obj
 0004:00001014       $pdata$_getfpstatusword    0000000180024014     libucrt:_fenvutils.obj
 0004:00001020       $pdata$_clearfp            0000000180024020     libucrt:ieee.obj
 0004:0000102c       $pdata$common_control87    000000018002402c     libucrt:ieee.obj
 0004:00001038       $pdata$_ctrlfp$filt$0      0000000180024038     libucrt:fpctrl.obj
 0004:00001038       $pdata$common_control87$filt$0 0000000180024038     libucrt:ieee.obj
 0004:00001044       $pdata$_call_matherr       0000000180024044     libucrt:libm_error.obj
 0004:00001050       $pdata$_exception_enabled  0000000180024050     libucrt:libm_error.obj
 0004:0000105c       $pdata$_handle_error       000000018002405c     libucrt:libm_error.obj
 0004:00001068       $pdata$__acrt_initialize_fma3 0000000180024068     libucrt:fma3_available.obj
 0004:00001074       $pdata$_log_special_common 0000000180024074     libucrt:log_special.obj
 0004:00001080       $pdata$_log10_special      0000000180024080     libucrt:log_special.obj
 0004:0000108c       $pdata$_putwch_nolock      000000018002408c     libucrt:putwch.obj
 0004:00001098       $pdata$_close              0000000180024098     libucrt:close.obj
 0004:000010a4       $pdata$_close_nolock       00000001800240a4     libucrt:close.obj
 0004:000010b0       $pdata$??$?RV<lambda_bfedae4ebbf01fab1bb6dcc6a9e276e0>@@AEAV<lambda_2fe9b910cf3cbf4a0ab98a02ba45b3ec>@@V<lambda_237c231691f317818eb88cc1d5d642d6>@@@?$__crt_seh_guarded_call@H@@QEAAH$$QEAV<lambda_bfedae4ebbf01fab1bb6dcc6a9e276e0>@@AEAV<lambda_2fe9b910cf3cbf4a0ab98a02ba45b3ec>@@$$QEAV<lambda_237c231691f317818eb88cc1d5d642d6>@@@Z 00000001800240b0     libucrt:close.obj
 0004:000010c8       $pdata$_set_errno_from_matherr 00000001800240c8     libucrt:fpexcept.obj
 0004:000010d4       $pdata$_raise_exc          00000001800240d4     libucrt:fpexcept.obj
 0004:000010e0       $pdata$_raise_exc_ex       00000001800240e0     libucrt:fpexcept.obj
 0004:000010ec       $pdata$_clrfp              00000001800240ec     libucrt:fpctrl.obj
 0004:000010f8       $pdata$_ctrlfp             00000001800240f8     libucrt:fpctrl.obj
 0004:00001104       $pdata$_statfp             0000000180024104     libucrt:fpctrl.obj
 0004:00001110       $pdata$_set_statfp         0000000180024110     libucrt:fpctrl.obj
 0004:0000111c       $pdata$__dcrt_lowio_initialize_console_output 000000018002411c     libucrt:initcon.obj
 0004:00001128       $pdata$__dcrt_terminate_console_output 0000000180024128     libucrt:initcon.obj
 0004:00001134       $pdata$_IsNonwritableInCurrentImage 0000000180024134     LIBCMT:pesect.obj
 0004:00001140       $pdata$_IsNonwritableInCurrentImage$filt$0 0000000180024140     LIBCMT:pesect.obj
 0004:00001158       $pdata$strrchr             0000000180024158     libvcruntime:strrchr.obj
 0005:000000a0       $R000000                   00000001800250a0     ConEmuLn.res
 0005:000003c0       $R000320                   00000001800253c0     ConEmuLn.res
