 ConEmuLn

 Timestamp is 5af011c4 (Mon May  7 11:43:48 2018)

 Preferred load address is 10000000

 Start         Length     Name                   Class
 0001:00000000 000129bbH .text$mn                CODE
 0001:000129bb 00000000H .text$x                 CODE
 0002:00000000 00000184H .idata$5                DATA
 0002:00000184 00000004H .00cfg                  DATA
 0002:00000188 00000004H .CRT$XCA                DATA
 0002:0000018c 00000004H .CRT$XCZ                DATA
 0002:00000190 00000004H .CRT$XIA                DATA
 0002:00000194 0000000cH .CRT$XIC                DATA
 0002:000001a0 00000004H .CRT$XIZ                DATA
 0002:000001a4 00000004H .CRT$XPA                DATA
 0002:000001a8 00000008H .CRT$XPX                DATA
 0002:000001b0 00000004H .CRT$XPXA               DATA
 0002:000001b4 00000004H .CRT$XPZ                DATA
 0002:000001b8 00000004H .CRT$XTA                DATA
 0002:000001bc 00000004H .CRT$XTZ                DATA
 0002:000001c0 00000000H .gfids$x                DATA
 0002:000001c0 00000000H .gfids$y                DATA
 0002:000001c0 00005bb0H .rdata                  DATA
 0002:00005d68 00000000H .rdata$r                DATA
 0002:00005d70 0000000cH .rdata$sxdata           DATA
 0002:00005d7c 000002d8H .rdata$zzzdbg           DATA
 0002:00006054 00000004H .rtc$IAA                DATA
 0002:00006058 00000004H .rtc$IZZ                DATA
 0002:0000605c 00000004H .rtc$TAA                DATA
 0002:00006060 00000008H .rtc$TZZ                DATA
 0002:00006068 00000398H .xdata$x                DATA
 0002:00006400 0000018cH .edata                  DATA
 0002:0000658c 00000064H .idata$2                DATA
 0002:000065f0 00000014H .idata$3                DATA
 0002:00006604 00000184H .idata$4                DATA
 0002:00006788 0000068aH .idata$6                DATA
 0003:00000000 000008a0H .data                   DATA
 0003:000008a0 00000000H .data$r                 DATA
 0003:000008a0 00001188H .bss                    DATA
 0004:00000000 000000a0H .rsrc$01                DATA
 0004:000000a0 00000498H .rsrc$02                DATA

  Address         Publics by Value              Rva+Base       Lib:Object

 0000:00000000       ___guard_fids_count        00000000     <absolute>
 0000:00000000       ___enclave_config          00000000     <absolute>
 0000:00000000       ___guard_longjmp_count     00000000     <absolute>
 0000:00000000       __except_list              00000000     <absolute>
 0000:00000000       ___guard_longjmp_table     00000000     <absolute>
 0000:00000000       ___guard_iat_table         00000000     <absolute>
 0000:00000000       ___guard_iat_count         00000000     <absolute>
 0000:00000000       ___hybrid_auxiliary_iat    00000000     <absolute>
 0000:00000000       ___hybrid_code_map         00000000     <absolute>
 0000:00000000       ___guard_fids_table        00000000     <absolute>
 0000:00000000       ___hybrid_code_map_count   00000000     <absolute>
 0000:00000000       ___dynamic_value_reloc_table 00000000     <absolute>
 0000:00000003       ___safe_se_handler_count   00000003     <absolute>
 0000:00000100       ___guard_flags             00000100     <absolute>
 0000:00000000       ___ImageBase               10000000     <linker-defined>
 0001:00000000       _ConfigureW@4              10001000 f   ConEmuLn.obj
 0001:00000046       _ExitFARW@0                10001046 f   ConEmuLn.obj
 0001:0000006b       ?ExitFARW3@@YGXPAX@Z       1000106b f   ConEmuLn.obj
 0001:00000099       ?ConfigureW3@@YGHPAX@Z     10001099 f   ConEmuLn.obj
 0001:00000211       ?ExitPlugin@@YAXXZ         10001211 f   ConEmuLn.obj
 0001:00000254       ?GetMsgW@@YAPB_WH@Z        10001254 f   ConEmuLn.obj
 0001:00000294       ?GetPluginInfoWcmn@@YGXPAX@Z 10001294 f   ConEmuLn.obj
 0001:000002c5       ?LoadFarVersion@@YAHXZ     100012c5 f   ConEmuLn.obj
 0001:00000609       ?OnConEmuLoaded@@YGXPAUConEmuLoadedArg@@@Z 10001609 f   ConEmuLn.obj
 0001:00000639       ?OpenPluginWcmn@@YAPAXHH@Z 10001639 f   ConEmuLn.obj
 0001:00000666       ?OpenW@@YGPAXPBX@Z         10001666 f   ConEmuLn.obj
 0001:00000691       ?PaintBack@@YAXPAUHDC__@@KUtagRECT@@@Z 10001691 f   ConEmuLn.obj
 0001:000006e1       ?PaintConEmuBackground@@YGHPAUPaintBackgroundArg@@@Z 100016e1 f   ConEmuLn.obj
 0001:00000951       ?PaintLines@@YAXPAUHDC__@@KHHHHH@Z 10001951 f   ConEmuLn.obj
 0001:00000a3e       ?SettingsLoad@@YAXXZ       10001a3e f   ConEmuLn.obj
 0001:00000a7d       ?SettingsLoadReg@@YAXPB_W@Z 10001a7d f   ConEmuLn.obj
 0001:00000b44       ?SettingsSave@@YAXXZ       10001b44 f   ConEmuLn.obj
 0001:00000b79       ?SettingsSaveReg@@YAXPB_W@Z 10001b79 f   ConEmuLn.obj
 0001:00000bfa       ?StartPlugin@@YAXH@Z       10001bfa f   ConEmuLn.obj
 0001:00000d4b       ?StringCchCatW@@YGJPA_WIPB_W@Z 10001d4b f i ConEmuLn.obj
 0001:00000d8b       ?StringCchCopyW@@YGJPA_WIPB_W@Z 10001d8b f i ConEmuLn.obj
 0001:00000ea1       _DllMain@12                10001ea1 f   ConEmuLn.obj
 0001:00000ef8       _GetMinFarVersionW@0       10001ef8 f   ConEmuLn.obj
 0001:00000efe       _SetStartupInfoW@4         10001efe f   ConEmuLn.obj
 0001:00001777       ?ConfigureW1900@@YAHH@Z    10002777 f   ConEmuLn1900.obj
 0001:0000178d       ?ExitFARW1900@@YAXXZ       1000278d f   ConEmuLn1900.obj
 0001:000017bc       ?GetMsgW1900@@YAPB_WH@Z    100027bc f   ConEmuLn1900.obj
 0001:000017e2       ?GetPluginInfoW1900@@YAXPAX@Z 100027e2 f   ConEmuLn1900.obj
 0001:00001846       ?OpenW2800@@YGPAXPBX@Z     10002846 f   ConEmuLn2800.obj
 0001:00001846       ?OpenW1900@@YGPAXPBX@Z     10002846 f   ConEmuLn1900.obj
 0001:0000186a       ?SetStartupInfoW1900@@YAXPAX@Z 1000286a f   ConEmuLn1900.obj
 0001:00001961       ?SettingsLoadW1900@@YAXXZ  10002961 f   ConEmuLn1900.obj
 0001:00001a5f       ?SettingsSaveW1900@@YAXXZ  10002a5f f   ConEmuLn1900.obj
 0001:00002376       ?ConfigureW2800@@YAHH@Z    10003376 f   ConEmuLn2800.obj
 0001:0000238c       ?ExitFARW2800@@YAXXZ       1000338c f   ConEmuLn2800.obj
 0001:000023bb       ?GetMsgW2800@@YAPB_WH@Z    100033bb f   ConEmuLn2800.obj
 0001:000023e1       ?GetPluginInfoW2800@@YAXPAX@Z 100033e1 f   ConEmuLn2800.obj
 0001:00002445       ?SetStartupInfoW2800@@YAXPAX@Z 10003445 f   ConEmuLn2800.obj
 0001:0000253c       ?SettingsLoadW2800@@YAXXZ  1000353c f   ConEmuLn2800.obj
 0001:00002630       ?SettingsSaveW2800@@YAXXZ  10003630 f   ConEmuLn2800.obj
 0001:00002703       _GetGlobalInfoW@4          10003703 f   ConEmuLn2800.obj
 0001:00002f78       ?ConfigureW995@@YAHH@Z     10003f78 f   ConEmuLn995.obj
 0001:00002f8e       ?ExitFARW995@@YAXXZ        10003f8e f   ConEmuLn995.obj
 0001:00002fd4       ?GetMsgW995@@YAPB_WH@Z     10003fd4 f   ConEmuLn995.obj
 0001:00002ff8       ?GetPluginInfoW995@@YAXPAX@Z 10003ff8 f   ConEmuLn995.obj
 0001:0000304f       ?SetStartupInfoW995@@YAXPAX@Z 1000404f f   ConEmuLn995.obj
 0001:0000318e       ?SettingsLoadW995@@YAXXZ   1000418e f   ConEmuLn995.obj
 0001:0000319b       ?SettingsSaveW995@@YAXXZ   1000419b f   ConEmuLn995.obj
 0001:000031a8       _OpenPluginW@8             100041a8 f   ConEmuLn995.obj
 0001:00003a74       ?SettingsLoadA@@YAXXZ      10004a74 f   ConEmuLnA.obj
 0001:00003a81       ?SettingsSaveA@@YAXXZ      10004a81 f   ConEmuLnA.obj
 0001:00003a8e       _Configure@4               10004a8e f   ConEmuLnA.obj
 0001:00003aab       _ExitFAR@0                 10004aab f   ConEmuLnA.obj
 0001:00003af6       _GetMinFarVersion@0        10004af6 f   ConEmuLnA.obj
 0001:00003b1b       _GetPluginInfo@4           10004b1b f   ConEmuLnA.obj
 0001:00003b87       _OpenPlugin@8              10004b87 f   ConEmuLnA.obj
 0001:00003b9e       _SetStartupInfo@4          10004b9e f   ConEmuLnA.obj
 0001:00003d0a       _GetFileVersionInfoSizeW@8 10004d0a f   version:VERSION.dll
 0001:00003d10       _GetFileVersionInfoW@16    10004d10 f   version:VERSION.dll
 0001:00003d16       _VerQueryValueW@16         10004d16 f   version:VERSION.dll
 0001:00003d1c       ?StringCchVPrintfW@@YGJPA_WIPB_WPAD@Z 10004d1c f i common-kernel32:MStrSafe.obj
 0001:00003d73       ?swprintf_c@@YAHPA_WHPB_WZZ 10004d73 f   common-kernel32:MStrSafe.obj
 0001:00003d96       ___local_stdio_printf_options 10004d96 f i common-kernel32:MStrSafe.obj
 0001:00003d9c       __vsnwprintf_l             10004d9c f i common-kernel32:MStrSafe.obj
 0001:00003dce       ?HeapDeinitialize@@YAXXZ   10004dce f   common-kernel32:Memory.obj
 0001:00003de6       ?HeapInitialize@@YA_NXZ    10004de6 f   common-kernel32:Memory.obj
 0001:00003e08       ?xf_calloc@@YAPAXII@Z      10004e08 f   common-kernel32:Memory.obj
 0001:00003e23       ?xf_free@@YAXPAX@Z         10004e23 f   common-kernel32:Memory.obj
 0001:00003e43       @__security_check_cookie@4 10004e43 f   LIBCMT:_secchk_.obj
 0001:00003e60       __chkstk                   10004e60 f   LIBCMT:chkstk.obj
 0001:00003e60       __alloca_probe             10004e60 f   LIBCMT:chkstk.obj
 0001:0000419a       __DllMainCRTStartup@12     1000519a f   LIBCMT:dll_dllmain.obj
 0001:000041bd       ___raise_securityfailure   100051bd f   LIBCMT:gs_report.obj
 0001:000041e5       ___report_gsfailure        100051e5 f   LIBCMT:gs_report.obj
 0001:0000432f       ___security_init_cookie    1000532f f   LIBCMT:gs_support.obj
 0001:0000437a       ?__scrt_initialize_type_info@@YAXXZ 1000537a f   LIBCMT:tncleanup.obj
 0001:00004386       ?__scrt_uninitialize_type_info@@YAXXZ 10005386 f   LIBCMT:tncleanup.obj
 0001:00004392       ___local_stdio_scanf_options 10005392 f i LIBCMT:default_local_stdio_options.obj
 0001:00004398       ___scrt_initialize_default_local_stdio_options 10005398 f   LIBCMT:default_local_stdio_options.obj
 0001:000043f9       ___scrt_acquire_startup_lock 100053f9 f   LIBCMT:utility.obj
 0001:0000442e       ___scrt_dllmain_after_initialize_c 1000542e f   LIBCMT:utility.obj
 0001:00004459       ___scrt_dllmain_before_initialize_c 10005459 f   LIBCMT:utility.obj
 0001:00004467       ___scrt_dllmain_crt_thread_attach 10005467 f   LIBCMT:utility.obj
 0001:00004486       ___scrt_dllmain_crt_thread_detach 10005486 f   LIBCMT:utility.obj
 0001:00004493       ___scrt_dllmain_exception_filter 10005493 f   LIBCMT:utility.obj
 0001:000044c6       ___scrt_dllmain_uninitialize_c 100054c6 f   LIBCMT:utility.obj
 0001:000044e9       ___scrt_dllmain_uninitialize_critical 100054e9 f   LIBCMT:utility.obj
 0001:000044f6       ___scrt_initialize_crt     100054f6 f   LIBCMT:utility.obj
 0001:0000452f       ___scrt_initialize_onexit_tables 1000552f f   LIBCMT:utility.obj
 0001:000045d9       ___scrt_is_nonwritable_in_current_image 100055d9 f   LIBCMT:utility.obj
 0001:00004663       ___scrt_release_startup_lock 10005663 f   LIBCMT:utility.obj
 0001:00004680       ___scrt_uninitialize_crt   10005680 f   LIBCMT:utility.obj
 0001:000046a8       ___scrt_get_dyn_tls_init_callback 100056a8 f   LIBCMT:dyn_tls_init.obj
 0001:000046ae       ___scrt_fastfail           100056ae f   LIBCMT:utility_desktop.obj
 0001:000047ca       __crt_debugger_hook        100057ca f   LIBCMT:utility_desktop.obj
 0001:000047d2       __RTC_Initialize           100057d2 f   LIBCMT:_initsect_.obj
 0001:000047fd       __RTC_Terminate            100057fd f   LIBCMT:_initsect_.obj
 0001:00004828       @_guard_check_icall@4      10005828 f i LIBCMT:checkcfg.obj
 0001:00004830       __SEH_prolog4              10005830 f   LIBCMT:_sehprolg4_.obj
 0001:00004876       __SEH_epilog4              10005876 f   LIBCMT:_sehprolg4_.obj
 0001:0000488b       ___isa_available_init      1000588b f   LIBCMT:_cpu_disp_.obj
 0001:00004a24       __get_startup_argv_mode    10005a24 f   LIBCMT:argv_mode.obj
 0001:00004a28       ___scrt_is_ucrt_dll_in_use 10005a28 f   LIBCMT:ucrt_detection.obj
 0001:00004a34       @_guard_check_icall_nop@4  10005a34 f i LIBCMT:guard_support.obj
 0001:00004a40       _memmove                   10005a40 f   libvcruntime:memmove.obj
 0001:00004fc0       _memset                    10005fc0 f   libvcruntime:memset.obj
 0001:00005160       __except_handler4          10006160 f   libvcruntime:_chandler4_.obj
 0001:000052bd       ___std_type_info_destroy_list 100062bd f   libvcruntime:std_type_info.obj
 0001:000052e0       ___vcrt_initialize         100062e0 f   libvcruntime:initialization.obj
 0001:00005309       ___vcrt_thread_attach      10006309 f   libvcruntime:initialization.obj
 0001:00005314       ___vcrt_thread_detach      10006314 f   libvcruntime:initialization.obj
 0001:0000531f       ___vcrt_uninitialize       1000631f f   libvcruntime:initialization.obj
 0001:0000533e       ___vcrt_uninitialize_critical 1000633e f   libvcruntime:initialization.obj
 0001:00005350       __local_unwind4            10006350 f   libvcruntime:_exsup4_.obj
 0001:00005428       __seh_longjmp_unwind4@4    10006428 f   libvcruntime:_exsup4_.obj
 0001:00005450       @_EH4_CallFilterFunc@8     10006450 f   libvcruntime:_exsup4_.obj
 0001:00005468       @_EH4_TransferToHandler@8  10006468 f   libvcruntime:_exsup4_.obj
 0001:00005484       @_EH4_GlobalUnwind2@8      10006484 f   libvcruntime:_exsup4_.obj
 0001:000054a0       @_EH4_LocalUnwind@16       100064a0 f   libvcruntime:_exsup4_.obj
 0001:000054b7       ___except_validate_context_record 100064b7 f   libvcruntime:jbcxrval.obj
 0001:000054e7       ___except_validate_jump_buffer 100064e7 f   libvcruntime:jbcxrval.obj
 0001:00005514       ___vcrt_freefls@4          10006514 f   libvcruntime:per_thread_data.obj
 0001:00005530       ___vcrt_freeptd            10006530 f   libvcruntime:per_thread_data.obj
 0001:00005573       ___vcrt_getptd_noexit      10006573 f   libvcruntime:per_thread_data.obj
 0001:00005605       ___vcrt_initialize_ptd     10006605 f   libvcruntime:per_thread_data.obj
 0001:0000564b       ___vcrt_uninitialize_ptd   1000664b f   libvcruntime:per_thread_data.obj
 0001:00005666       ___vcrt_initialize_locks   10006666 f   libvcruntime:locks.obj
 0001:000056a2       ___vcrt_uninitialize_locks 100066a2 f   libvcruntime:locks.obj
 0001:000056d1       ??$__crt_fast_encode_pointer@PAX@@YAPAXQAX@Z 100066d1 f i libvcruntime:winapi_downlevel.obj
 0001:0000583b       ___vcrt_FlsAlloc           1000683b f   libvcruntime:winapi_downlevel.obj
 0001:00005875       ___vcrt_FlsFree            10006875 f   libvcruntime:winapi_downlevel.obj
 0001:000058af       ___vcrt_FlsGetValue        100068af f   libvcruntime:winapi_downlevel.obj
 0001:000058e9       ___vcrt_FlsSetValue        100068e9 f   libvcruntime:winapi_downlevel.obj
 0001:00005926       ___vcrt_InitializeCriticalSectionEx 10006926 f   libvcruntime:winapi_downlevel.obj
 0001:0000596c       ___vcrt_initialize_winapi_thunks 1000696c f   libvcruntime:winapi_downlevel.obj
 0001:000059a6       ___vcrt_uninitialize_winapi_thunks 100069a6 f   libvcruntime:winapi_downlevel.obj
 0001:000059d8       ___vcrt_initialize_pure_virtual_call_handler 100069d8 f   libvcruntime:purevirt_data.obj
 0001:00005a00       __global_unwind2           10006a00 f   libvcruntime:_exsup_.obj
 0001:00005a66       __local_unwind2            10006a66 f   libvcruntime:_exsup_.obj
 0001:00005aea       __abnormal_termination     10006aea f   libvcruntime:_exsup_.obj
 0001:00005b10       __NLG_Notify1              10006b10 f   libvcruntime:_exsup_.obj
 0001:00005b1c       __NLG_Notify               10006b1c f   libvcruntime:_exsup_.obj
 0001:00005b33       __NLG_Dispatch             10006b33     libvcruntime:_exsup_.obj
 0001:00005b33       __NLG_Dispatch2            10006b33     libvcruntime:_exsup_.obj
 0001:00005b3b       __NLG_Call                 10006b3b f   libvcruntime:_exsup_.obj
 0001:00005b3d       __NLG_Return2              10006b3d     libvcruntime:_exsup_.obj
 0001:00005b40       _memcpy                    10006b40 f   libvcruntime:memcpy.obj
 0001:000060c0       __CallSettingFrame@12      100070c0 f   libvcruntime:lowhelpr.obj
 0001:000060e7       __NLG_Return               100070e7     libvcruntime:lowhelpr.obj
 0001:0000610c       ___DestructExceptionObject 1000710c f   libvcruntime:ehhelpers.obj
 0001:000061a1       ?_CallMemberFunction0@@YGXQAX0@Z 100071a1 f i libvcruntime:ehhelpers.obj
 0001:000061ae       ??$is_overflow_condition@K@__crt_strtox@@YA_NIK@Z 100071ae f i libucrt:strtox.obj
 0001:000061e1       ??$make_c_string_character_source@_WPAPA_W@__crt_strtox@@YA?AV?$c_string_character_source@_W@0@QB_WQAPA_W@Z 100071e1 f i libucrt:strtox.obj
 0001:000061e1       ??$make_c_string_character_source@DPAPAD@__crt_strtox@@YA?AV?$c_string_character_source@D@0@QBDQAPAD@Z 100071e1 f i libucrt:strtox.obj
 0001:000061fc       ??$parse_integer@KV?$c_string_character_source@D@__crt_strtox@@@__crt_strtox@@YAKQAU__crt_locale_pointers@@V?$c_string_character_source@D@0@H_N@Z 100071fc f i libucrt:strtox.obj
 0001:00006424       ??$parse_integer@KV?$c_string_character_source@_W@__crt_strtox@@@__crt_strtox@@YAKQAU__crt_locale_pointers@@V?$c_string_character_source@_W@0@H_N@Z 10007424 f i libucrt:strtox.obj
 0001:00006b09       ??0_LocaleUpdate@@QAE@QAU__crt_locale_pointers@@@Z 10007b09 f i libucrt:strtox.obj
 0001:00006b8c       ?unget@?$c_string_character_source@D@__crt_strtox@@QAEXD@Z 10007b8c f i libucrt:strtox.obj
 0001:00006bb4       ?unget@?$c_string_character_source@_W@__crt_strtox@@QAEX_W@Z 10007bb4 f i libucrt:strtox.obj
 0001:00006be0       ?validate@?$string_output_adapter@_W@__crt_stdio_output@@QBE_NXZ 10007be0 f i libucrt:output.obj
 0001:00006be0       ?validate@?$c_string_character_source@_W@__crt_strtox@@QBE_NXZ 10007be0 f i libucrt:strtox.obj
 0001:00006be0       ?validate@?$c_string_character_source@D@__crt_strtox@@QBE_NXZ 10007be0 f i libucrt:strtox.obj
 0001:00006bfb       __chvalidchk_l             10007bfb f i libucrt:strtox.obj
 0001:00006c25       __ischartype_l             10007c25 f i libucrt:strtox.obj
 0001:00006c58       _strtoul                   10007c58 f   libucrt:strtox.obj
 0001:00006c84       _wcstol                    10007c84 f   libucrt:strtox.obj
 0001:00006cb0       _wcstoul                   10007cb0 f   libucrt:strtox.obj
 0001:00006e61       ??$count@D@formatting_buffer@__crt_stdio_output@@QBEIXZ 10007e61 f i libucrt:output.obj
 0001:00006e79       ??$ensure_buffer_is_big_enough@D@formatting_buffer@__crt_stdio_output@@QAE_NI@Z 10007e79 f i libucrt:output.obj
 0001:00006eff       ??$is_wide_character_specifier@_W@__crt_stdio_output@@YA_N_K_WW4length_modifier@0@@Z 10007eff f i libucrt:output.obj
 0001:00006f4e       ??$scratch_data@D@formatting_buffer@__crt_stdio_output@@QAEPADXZ 10007f4e f i libucrt:output.obj
 0001:00006f6c       ??$type_case_integer_parse_into_buffer@I@?$output_processor@_WV?$string_output_adapter@_W@__crt_stdio_output@@V?$standard_base@_WV?$string_output_adapter@_W@__crt_stdio_output@@@2@@__crt_stdio_output@@AAEXII_N@Z 10007f6c f i libucrt:output.obj
 0001:00006fe1       ??$type_case_integer_parse_into_buffer@_K@?$output_processor@_WV?$string_output_adapter@_W@__crt_stdio_output@@V?$standard_base@_WV?$string_output_adapter@_W@__crt_stdio_output@@@2@@__crt_stdio_output@@AAEX_KI_N@Z 10007fe1 f i libucrt:output.obj
 0001:00007069       ??$write_multiple_characters@V?$string_output_adapter@_W@__crt_stdio_output@@D@__crt_stdio_output@@YAXABV?$string_output_adapter@_W@0@DHQAH@Z 10008069 f i libucrt:output.obj
 0001:0000709a       ??0?$common_data@_W@__crt_stdio_output@@IAE@XZ 1000809a f i libucrt:output.obj
 0001:000070e6       ??0?$output_adapter_data@_WV?$string_output_adapter@_W@__crt_stdio_output@@@__crt_stdio_output@@IAE@ABV?$string_output_adapter@_W@1@_KQB_WQAU__crt_locale_pointers@@QAD@Z 100080e6 f i libucrt:output.obj
 0001:00007122       ??0?$output_processor@_WV?$string_output_adapter@_W@__crt_stdio_output@@V?$standard_base@_WV?$string_output_adapter@_W@__crt_stdio_output@@@2@@__crt_stdio_output@@QAE@ABV?$string_output_adapter@_W@1@_KQB_WQAU__crt_locale_pointers@@QAD@Z 10008122 f i libucrt:output.obj
 0001:00007157       ??1formatting_buffer@__crt_stdio_output@@QAE@XZ 10008157 f i libucrt:output.obj
 0001:00007171       ??4?$__crt_unique_heap_ptr@DU__crt_internal_free_policy@@@@QAEAAV0@$$QAV0@@Z 10008171 f i libucrt:output.obj
 0001:00007195       ?crop_zeroes@__crt_stdio_output@@YAXPADQAU__crt_locale_pointers@@@Z 10008195 f i libucrt:output.obj
 0001:000071ec       ?find_next_state@?$output_processor@_WV?$string_output_adapter@_W@__crt_stdio_output@@V?$standard_base@_WV?$string_output_adapter@_W@__crt_stdio_output@@@2@@__crt_stdio_output@@ABE?AW4state@2@_WW432@@Z 100081ec f i libucrt:output.obj
 0001:00007220       ?force_decimal_point@__crt_stdio_output@@YAXPADQAU__crt_locale_pointers@@@Z 10008220 f i libucrt:output.obj
 0001:0000727c       ?parse_int_from_format_string@?$output_processor@_WV?$string_output_adapter@_W@__crt_stdio_output@@V?$standard_base@_WV?$string_output_adapter@_W@__crt_stdio_output@@@2@@__crt_stdio_output@@AAE_NQAH@Z 1000827c f i libucrt:output.obj
 0001:000072da       ?process@?$output_processor@_WV?$string_output_adapter@_W@__crt_stdio_output@@V?$standard_base@_WV?$string_output_adapter@_W@__crt_stdio_output@@@2@@__crt_stdio_output@@QAEHXZ 100082da f i libucrt:output.obj
 0001:000073fa       ?state_case_flag@?$output_processor@_WV?$string_output_adapter@_W@__crt_stdio_output@@V?$standard_base@_WV?$string_output_adapter@_W@__crt_stdio_output@@@2@@__crt_stdio_output@@AAE_NXZ 100083fa f i libucrt:output.obj
 0001:00007437       ?state_case_normal@?$output_processor@_WV?$string_output_adapter@_W@__crt_stdio_output@@V?$standard_base@_WV?$string_output_adapter@_W@__crt_stdio_output@@@2@@__crt_stdio_output@@AAE_NXZ 10008437 f i libucrt:output.obj
 0001:00007456       ?state_case_normal_common@?$output_processor@_WV?$string_output_adapter@_W@__crt_stdio_output@@V?$standard_base@_WV?$string_output_adapter@_W@__crt_stdio_output@@@2@@__crt_stdio_output@@AAE_NXZ 10008456 f i libucrt:output.obj
 0001:00007471       ?state_case_precision@?$output_processor@_WV?$string_output_adapter@_W@__crt_stdio_output@@V?$standard_base@_WV?$string_output_adapter@_W@__crt_stdio_output@@@2@@__crt_stdio_output@@AAE_NXZ 10008471 f i libucrt:output.obj
 0001:0000749a       ?state_case_size@?$output_processor@_WV?$string_output_adapter@_W@__crt_stdio_output@@V?$standard_base@_WV?$string_output_adapter@_W@__crt_stdio_output@@@2@@__crt_stdio_output@@AAE_NXZ 1000849a f i libucrt:output.obj
 0001:00007616       ?state_case_type@?$output_processor@_WV?$string_output_adapter@_W@__crt_stdio_output@@V?$standard_base@_WV?$string_output_adapter@_W@__crt_stdio_output@@@2@@__crt_stdio_output@@AAE_NXZ 10008616 f i libucrt:output.obj
 0001:00007873       ?state_case_width@?$output_processor@_WV?$string_output_adapter@_W@__crt_stdio_output@@V?$standard_base@_WV?$string_output_adapter@_W@__crt_stdio_output@@@2@@__crt_stdio_output@@AAE_NXZ 10008873 f i libucrt:output.obj
 0001:0000789f       ?to_integer_size@__crt_stdio_output@@YAIW4length_modifier@1@@Z 1000889f f i libucrt:output.obj
 0001:000078fb       ?type_case_Z@?$output_processor@_WV?$string_output_adapter@_W@__crt_stdio_output@@V?$standard_base@_WV?$string_output_adapter@_W@__crt_stdio_output@@@2@@__crt_stdio_output@@AAE_NXZ 100088fb f i libucrt:output.obj
 0001:0000795e       ?type_case_a@?$output_processor@_WV?$string_output_adapter@_W@__crt_stdio_output@@V?$standard_base@_WV?$string_output_adapter@_W@__crt_stdio_output@@@2@@__crt_stdio_output@@AAE_NXZ 1000895e f i libucrt:output.obj
 0001:00007ad0       ?type_case_c_tchar@?$output_processor@_WV?$string_output_adapter@_W@__crt_stdio_output@@V?$standard_base@_WV?$string_output_adapter@_W@__crt_stdio_output@@@2@@__crt_stdio_output@@AAE_N_W@Z 10008ad0 f i libucrt:output.obj
 0001:00007b68       ?type_case_integer@?$output_processor@_WV?$string_output_adapter@_W@__crt_stdio_output@@V?$standard_base@_WV?$string_output_adapter@_W@__crt_stdio_output@@@2@@__crt_stdio_output@@AAE_NI_N@Z 10008b68 f i libucrt:output.obj
 0001:00007cb2       ?type_case_n@?$output_processor@_WV?$string_output_adapter@_W@__crt_stdio_output@@V?$standard_base@_WV?$string_output_adapter@_W@__crt_stdio_output@@@2@@__crt_stdio_output@@AAE_NXZ 10008cb2 f i libucrt:output.obj
 0001:00007d26       ?type_case_o@?$output_processor@_WV?$string_output_adapter@_W@__crt_stdio_output@@V?$standard_base@_WV?$string_output_adapter@_W@__crt_stdio_output@@@2@@__crt_stdio_output@@AAE_NXZ 10008d26 f i libucrt:output.obj
 0001:00007d45       ?type_case_p@?$output_processor@_WV?$string_output_adapter@_W@__crt_stdio_output@@V?$standard_base@_WV?$string_output_adapter@_W@__crt_stdio_output@@@2@@__crt_stdio_output@@AAE_NXZ 10008d45 f i libucrt:output.obj
 0001:00007d5d       ?type_case_s@?$output_processor@_WV?$string_output_adapter@_W@__crt_stdio_output@@V?$standard_base@_WV?$string_output_adapter@_W@__crt_stdio_output@@@2@@__crt_stdio_output@@AAE_NXZ 10008d5d f i libucrt:output.obj
 0001:00007dd1       ?type_case_s_compute_narrow_string_length@?$output_processor@_WV?$string_output_adapter@_W@__crt_stdio_output@@V?$standard_base@_WV?$string_output_adapter@_W@__crt_stdio_output@@@2@@__crt_stdio_output@@ABEHH_W@Z 10008dd1 f i libucrt:output.obj
 0001:00007e11       ?write_character@?$string_output_adapter@_W@__crt_stdio_output@@QBE_N_WQAH@Z 10008e11 f i libucrt:output.obj
 0001:00007e56       ?write_stored_string_tchar@?$output_processor@_WV?$string_output_adapter@_W@__crt_stdio_output@@V?$standard_base@_WV?$string_output_adapter@_W@__crt_stdio_output@@@2@@__crt_stdio_output@@AAE_N_W@Z 10008e56 f i libucrt:output.obj
 0001:00007ee1       ?write_string@?$string_output_adapter@_W@__crt_stdio_output@@QBEXQB_WHQAH1@Z 10008ee1 f i libucrt:output.obj
 0001:00007f7b       ___stdio_common_vswprintf  10008f7b f   libucrt:output.obj
 0001:00007f9f       _wcsncmp                   10008f9f f   libucrt:wcsncmp.obj
 0001:00007fd9       __initterm                 10008fd9 f   libucrt:initterm.obj
 0001:00008035       __initterm_e               10009035 f   libucrt:initterm.obj
 0001:0000807a       __seh_filter_dll           1000907a f   libucrt:exception_filter.obj
 0001:0000809a       __seh_filter_exe           1000909a f   libucrt:exception_filter.obj
 0001:00008428       ___acrt_initialize_thread_local_exit_callback 10009428 f   libucrt:exit.obj
 0001:00008437       __cexit                    10009437 f   libucrt:exit.obj
 0001:00008446       __exit                     10009446 f   libucrt:exit.obj
 0001:0000845c       __is_c_termination_complete 1000945c f   libucrt:exit.obj
 0001:000086fb       ___acrt_allocate_buffer_for_argv 100096fb f   libucrt:argv_parsing.obj
 0001:00008750       __configure_narrow_argv    10009750 f   libucrt:argv_parsing.obj
 0001:000088b4       ??$uninitialize@A6AXAAPAPA_W@Z@?$dual_state_global@PAPA_W@__crt_state_management@@QAEXA6AXAAPAPA_W@Z@Z 100098b4 f i libucrt:environment_initialization.obj
 0001:000088b4       ??$uninitialize@A6AXAAPAPAD@Z@?$dual_state_global@PAPAD@__crt_state_management@@QAEXA6AXAAPAPAD@Z@Z 100098b4 f i libucrt:environment_initialization.obj
 0001:0000892a       ?initialize@?$dual_state_global@P6AHPAU_exception@@@Z@__crt_state_management@@QAEXQ6AHPAU_exception@@@Z@Z 1000992a f i libucrt:matherr.obj
 0001:0000892a       ?initialize@?$dual_state_global@P6AXH@Z@__crt_state_management@@QAEXQ6AXH@Z@Z 1000992a f i libucrt:signal.obj
 0001:0000892a       ?initialize@?$dual_state_global@P6AHI@Z@__crt_state_management@@QAEXQ6AHI@Z@Z 1000992a f i libucrt:new_handler.obj
 0001:0000892a       ?initialize@?$dual_state_global@PAPAD@__crt_state_management@@QAEXQAPAD@Z 1000992a f i libucrt:environment_initialization.obj
 0001:0000892a       ?initialize@?$dual_state_global@PAU__crt_locale_data@@@__crt_state_management@@QAEXQAU__crt_locale_data@@@Z 1000992a f i libucrt:initialization.obj
 0001:0000892a       ?initialize@?$dual_state_global@P6AXPB_W00II@Z@__crt_state_management@@QAEXQ6AXPB_W00II@Z@Z 1000992a f i libucrt:invalid_parameter.obj
 0001:0000895b       ___dcrt_uninitialize_environments_nolock 1000995b f   libucrt:environment_initialization.obj
 0001:00008992       __initialize_narrow_environment 10009992 f   libucrt:environment_initialization.obj
 0001:00008997       ??$?RV<lambda_995298e7d72eb4c2aab26c0585b3abe5>@@AAV<lambda_275893d493268fdec8709772e3fcec0e>@@V<lambda_293819299cbf9a7022e18b56a874bb5c>@@@?$__crt_seh_guarded_call@H@@QAEH$$QAV<lambda_995298e7d72eb4c2aab26c0585b3abe5>@@AAV<lambda_275893d493268fdec8709772e3fcec0e>@@$$QAV<lambda_293819299cbf9a7022e18b56a874bb5c>@@@Z 10009997 f i libucrt:onexit.obj
 0001:000089e8       ??$__acrt_lock_and_call@V<lambda_275893d493268fdec8709772e3fcec0e>@@@@YAHW4__acrt_lock_id@@$$QAV<lambda_275893d493268fdec8709772e3fcec0e>@@@Z 100099e8 f i libucrt:onexit.obj
 0001:00008b30       __execute_onexit_table     10009b30 f   libucrt:onexit.obj
 0001:00008b4d       __initialize_onexit_table  10009b4d f   libucrt:onexit.obj
 0001:00008bb6       ___acrt_uninitialize_command_line 10009bb6 f   libucrt:argv_data.obj
 0001:00008c7e       ___acrt_initialize         10009c7e f   libucrt:initialization.obj
 0001:00008c90       ___acrt_thread_attach      10009c90 f   libucrt:initialization.obj
 0001:00008c9b       ___acrt_thread_detach      10009c9b f   libucrt:initialization.obj
 0001:00008ca3       ___acrt_uninitialize       10009ca3 f   libucrt:initialization.obj
 0001:00008cb5       ___acrt_uninitialize_critical 10009cb5 f   libucrt:initialization.obj
 0001:00008cc7       _terminate                 10009cc7 f   libucrt:terminate.obj
 0001:00008d03       __free_base                10009d03 f   libucrt:free_base.obj
 0001:00008d3d       __malloc_base              10009d3d f   libucrt:malloc_base.obj
 0001:00008d8b       _strcpy_s                  10009d8b f   libucrt:strcpy_s.obj
 0001:00008df0       _strncmp                   10009df0 f   libucrt:strncmp.obj
 0001:00008e68       _abort                     10009e68 f   libucrt:abort.obj
 0001:00008eab       __calloc_base              10009eab f   libucrt:calloc_base.obj
 0001:00008f08       ___acrt_call_reportfault   10009f08 f   libucrt:invalid_parameter.obj
 0001:00009043       ___acrt_initialize_invalid_parameter_handler 1000a043 f   libucrt:invalid_parameter.obj
 0001:00009057       __invalid_parameter        1000a057 f   libucrt:invalid_parameter.obj
 0001:000090d2       __invalid_parameter_noinfo 1000a0d2 f   libucrt:invalid_parameter.obj
 0001:000090e2       __invoke_watson            1000a0e2 f   libucrt:invalid_parameter.obj
 0001:00009115       ___acrt_errno_from_os_error 1000a115 f   libucrt:errno.obj
 0001:00009158       ___acrt_errno_map_os_error 1000a158 f   libucrt:errno.obj
 0001:0000917b       ___doserrno                1000a17b f   libucrt:errno.obj
 0001:0000918e       __errno                    1000a18e f   libucrt:errno.obj
 0001:000091a1       ___pctype_func             1000a1a1 f   libucrt:ctype.obj
 0001:000091c7       _iswctype                  1000a1c7 f   libucrt:iswctype.obj
 0001:00009226       __isctype_l                1000a226 f   libucrt:isctype.obj
 0001:000092f8       ??$?RV<lambda_3518db117f0e7cdb002338c5d3c47b6c>@@AAV<lambda_b2ea41f6bbb362cd97d94c6828d90b61>@@V<lambda_abdedf541bb04549bc734292b4a045d4>@@@?$__crt_seh_guarded_call@X@@QAEX$$QAV<lambda_3518db117f0e7cdb002338c5d3c47b6c>@@AAV<lambda_b2ea41f6bbb362cd97d94c6828d90b61>@@$$QAV<lambda_abdedf541bb04549bc734292b4a045d4>@@@Z 1000a2f8 f i libucrt:per_thread_data.obj
 0001:00009348       ??$?RV<lambda_51b6e8b1eb166f2a3faf91f424b38130>@@AAV<lambda_6250bd4b2a391816dd638c3bf72b0bcb>@@V<lambda_0b5a4a3e68152e1d9b943535f5f47bed>@@@?$__crt_seh_guarded_call@X@@QAEX$$QAV<lambda_51b6e8b1eb166f2a3faf91f424b38130>@@AAV<lambda_6250bd4b2a391816dd638c3bf72b0bcb>@@$$QAV<lambda_0b5a4a3e68152e1d9b943535f5f47bed>@@@Z 1000a348 f i libucrt:per_thread_data.obj
 0001:000093a9       ??$?RV<lambda_5b71d36f03204c0beab531769a5b5694>@@AAV<lambda_be2b3da3f62db62e9dad5dc70221a656>@@V<lambda_8f9ce462984622f9bf76b59e2aaaf805>@@@?$__crt_seh_guarded_call@X@@QAEX$$QAV<lambda_5b71d36f03204c0beab531769a5b5694>@@AAV<lambda_be2b3da3f62db62e9dad5dc70221a656>@@$$QAV<lambda_8f9ce462984622f9bf76b59e2aaaf805>@@@Z 1000a3a9 f i libucrt:per_thread_data.obj
 0001:000093f4       ??$?RV<lambda_9df27f884b057bc3edfc946cb5b7cf47>@@AAV<lambda_e69574bed617af4e071282c136b37893>@@V<lambda_cc0d902bcbbeb830f749456577db4721>@@@?$__crt_seh_guarded_call@X@@QAEX$$QAV<lambda_9df27f884b057bc3edfc946cb5b7cf47>@@AAV<lambda_e69574bed617af4e071282c136b37893>@@$$QAV<lambda_cc0d902bcbbeb830f749456577db4721>@@@Z 1000a3f4 f i libucrt:per_thread_data.obj
 0001:0000943c       ??$__acrt_lock_and_call@V<lambda_6250bd4b2a391816dd638c3bf72b0bcb>@@@@YAXW4__acrt_lock_id@@$$QAV<lambda_6250bd4b2a391816dd638c3bf72b0bcb>@@@Z 1000a43c f i libucrt:per_thread_data.obj
 0001:00009464       ??$__acrt_lock_and_call@V<lambda_b2ea41f6bbb362cd97d94c6828d90b61>@@@@YAXW4__acrt_lock_id@@$$QAV<lambda_b2ea41f6bbb362cd97d94c6828d90b61>@@@Z 1000a464 f i libucrt:per_thread_data.obj
 0001:0000948c       ??$__acrt_lock_and_call@V<lambda_be2b3da3f62db62e9dad5dc70221a656>@@@@YAXW4__acrt_lock_id@@$$QAV<lambda_be2b3da3f62db62e9dad5dc70221a656>@@@Z 1000a48c f i libucrt:per_thread_data.obj
 0001:000094b4       ??$__acrt_lock_and_call@V<lambda_e69574bed617af4e071282c136b37893>@@@@YAXW4__acrt_lock_id@@$$QAV<lambda_e69574bed617af4e071282c136b37893>@@@Z 1000a4b4 f i libucrt:per_thread_data.obj
 0001:0000966a       ___acrt_freeptd            1000a66a f   libucrt:per_thread_data.obj
 0001:00009696       ___acrt_getptd             1000a696 f   libucrt:per_thread_data.obj
 0001:0000971a       ___acrt_getptd_noexit      1000a71a f   libucrt:per_thread_data.obj
 0001:0000979f       ___acrt_initialize_ptd     1000a79f f   libucrt:per_thread_data.obj
 0001:000097cb       ___acrt_uninitialize_ptd   1000a7cb f   libucrt:per_thread_data.obj
 0001:000097e5       ___acrt_update_locale_info 1000a7e5 f   libucrt:locale_update.obj
 0001:00009812       ___acrt_update_multibyte_info 1000a812 f   libucrt:locale_update.obj
 0001:0000983f       ___acrt_set_locale_changed 1000a83f f   libucrt:wsetlocale.obj
 0001:0000984a       ___acrt_uninitialize_locale 1000a84a f   libucrt:wsetlocale.obj
 0001:0000989c       __isdigit_l                1000a89c f i libucrt:_ctype.obj
 0001:000098d4       _isdigit                   1000a8d4 f i libucrt:_ctype.obj
 0001:00009a68       __tolower_l                1000aa68 f   libucrt:tolower_toupper.obj
 0001:00009a82       _tolower                   1000aa82 f   libucrt:tolower_toupper.obj
 0001:00009ab2       __mbtowc_l                 1000aab2 f   libucrt:mbtowc.obj
 0001:00009bac       _mbtowc                    1000abac f   libucrt:mbtowc.obj
 0001:00009bc6       _wcsnlen                   1000abc6 f   libucrt:strnlen.obj
 0001:00009d7d       ?__acrt_fp_classify@@YA?AW4__acrt_fp_class@@ABN@Z 1000ad7d f i libucrt:cvt.obj
 0001:00009de9       ?__acrt_fp_is_negative@@YA_NABN@Z 1000ade9 f i libucrt:cvt.obj
 0001:0000a648       ___acrt_fp_format          1000b648 f   libucrt:cvt.obj
 0001:0000a792       __fileno                   1000b792 f   libucrt:fileno.obj
 0001:0000a7b8       ___acrt_initialize_stdio   1000b7b8 f   libucrt:_file.obj
 0001:0000a880       ___acrt_uninitialize_stdio 1000b880 f   libucrt:_file.obj
 0001:0000a8cc       __lock_file                1000b8cc f   libucrt:_file.obj
 0001:0000a8e0       __unlock_file              1000b8e0 f   libucrt:_file.obj
 0001:0000a8f4       __get_printf_count_output  1000b8f4 f   libucrt:printf_count_output.obj
 0001:0000aa75       ___acrt_initialize_lowio   1000ba75 f   libucrt:ioinit.obj
 0001:0000aacb       ___acrt_uninitialize_lowio 1000bacb f   libucrt:ioinit.obj
 0001:0000aaf7       ___acrt_initialize_locks   1000baf7 f   libucrt:locks.obj
 0001:0000ab38       ___acrt_lock               1000bb38 f   libucrt:locks.obj
 0001:0000ab4f       ___acrt_uninitialize_locks 1000bb4f f   libucrt:locks.obj
 0001:0000ab80       ___acrt_unlock             1000bb80 f   libucrt:locks.obj
 0001:0000acae       ___acrt_FlsAlloc@4         1000bcae f   libucrt:winapi_thunks.obj
 0001:0000ad04       ___acrt_FlsFree@4          1000bd04 f   libucrt:winapi_thunks.obj
 0001:0000ad5a       ___acrt_FlsGetValue@4      1000bd5a f   libucrt:winapi_thunks.obj
 0001:0000adb0       ___acrt_FlsSetValue@8      1000bdb0 f   libucrt:winapi_thunks.obj
 0001:0000ae09       ___acrt_InitializeCriticalSectionEx@12 1000be09 f   libucrt:winapi_thunks.obj
 0001:0000ae6b       ___acrt_LCMapStringEx@36   1000be6b f   libucrt:winapi_thunks.obj
 0001:0000aef3       ___acrt_LocaleNameToLCID@8 1000bef3 f   libucrt:winapi_thunks.obj
 0001:0000af4f       ___acrt_initialize_winapi_thunks 1000bf4f f   libucrt:winapi_thunks.obj
 0001:0000af75       ___acrt_is_packaged_app    1000bf75 f   libucrt:winapi_thunks.obj
 0001:0000affc       ___acrt_uninitialize_winapi_thunks 1000bffc f   libucrt:winapi_thunks.obj
 0001:0000b3f4       ??1?$argument_list@D@?A0xb0e4b824@@QAE@XZ 1000c3f4 f i libucrt:argv_wildcards.obj
 0001:0000b419       ?append@?$argument_list@D@?A0xb0e4b824@@QAEHQAD@Z 1000c419 f i libucrt:argv_wildcards.obj
 0001:0000b44e       ?expand_if_necessary@?$argument_list@D@?A0xb0e4b824@@AAEHXZ 1000c44e f i libucrt:argv_wildcards.obj
 0001:0000b4d5       ___acrt_expand_narrow_argv_wildcards 1000c4d5 f   libucrt:argv_wildcards.obj
 0001:0000b4e0       ??$?RV<lambda_978dc153c237d78434369da87b74ff60>@@AAV<lambda_ad1ced32f4ac17aa236e5ef05d6b3b7c>@@V<lambda_4a8533e2866a575feecb8298ce776b0d>@@@?$__crt_seh_guarded_call@X@@QAEX$$QAV<lambda_978dc153c237d78434369da87b74ff60>@@AAV<lambda_ad1ced32f4ac17aa236e5ef05d6b3b7c>@@$$QAV<lambda_4a8533e2866a575feecb8298ce776b0d>@@@Z 1000c4e0 f i libucrt:mbctype.obj
 0001:0000b523       ??$__acrt_lock_and_call@V<lambda_ad1ced32f4ac17aa236e5ef05d6b3b7c>@@@@YAXW4__acrt_lock_id@@$$QAV<lambda_ad1ced32f4ac17aa236e5ef05d6b3b7c>@@@Z 1000c523 f i libucrt:mbctype.obj
 0001:0000b9ba       ___acrt_initialize_multibyte 1000c9ba f   libucrt:mbctype.obj
 0001:0000b9d8       ___acrt_update_thread_multibyte_data 1000c9d8 f   libucrt:mbctype.obj
 0001:0000ba7a       __setmbcp_nolock           1000ca7a f   libucrt:mbctype.obj
 0001:0000bd45       __ismbblead                1000cd45 f   libucrt:ismbbyte.obj
 0001:0000bd5d       ___acrt_initialize_command_line 1000cd5d f   libucrt:argv_data.obj
 0001:0000bdad       ___dcrt_get_narrow_environment_from_os 1000cdad f   libucrt:get_environment_from_os.obj
 0001:0000be30       __recalloc                 1000ce30 f   libucrt:recalloc.obj
 0001:0000be3b       __recalloc_base            1000ce3b f   libucrt:recalloc.obj
 0001:0000bea8       ___acrt_initialize_heap    1000cea8 f   libucrt:heap_handle.obj
 0001:0000beb9       ___acrt_uninitialize_heap  1000ceb9 f   libucrt:heap_handle.obj
 0001:0000bec3       ___acrt_execute_initializers 1000cec3 f   libucrt:shared_initialization.obj
 0001:0000bf46       ___acrt_execute_uninitializers 1000cf46 f   libucrt:shared_initialization.obj
 0001:0000bf93       ___acrt_initialize_new_handler 1000cf93 f   libucrt:new_handler.obj
 0001:0000bfa7       __callnewh                 1000cfa7 f   libucrt:new_handler.obj
 0001:0000bfeb       __query_new_handler        1000cfeb f   libucrt:new_handler.obj
 0001:0000c03d       ??$?RV<lambda_a048d3beccc847880fc8490e18b82769>@@AAV<lambda_ec61778202f4f5fc7e7711acc23c3bca>@@V<lambda_f7496a158712204296dd6628a163878e>@@@?$__crt_seh_guarded_call@P6AXH@Z@@QAEP6AXH@Z$$QAV<lambda_a048d3beccc847880fc8490e18b82769>@@AAV<lambda_ec61778202f4f5fc7e7711acc23c3bca>@@$$QAV<lambda_f7496a158712204296dd6628a163878e>@@@Z 1000d03d f i libucrt:signal.obj
 0001:0000c097       ??$__acrt_lock_and_call@V<lambda_ec61778202f4f5fc7e7711acc23c3bca>@@@@YAP6AXH@ZW4__acrt_lock_id@@$$QAV<lambda_ec61778202f4f5fc7e7711acc23c3bca>@@@Z 1000d097 f i libucrt:signal.obj
 0001:0000c129       ___acrt_get_sigabrt_handler 1000d129 f   libucrt:signal.obj
 0001:0000c140       ___acrt_initialize_signal_handlers 1000d140 f   libucrt:signal.obj
 0001:0000c17b       ___fpecode                 1000d17b f   libucrt:signal.obj
 0001:0000c184       _raise                     1000d184 f   libucrt:signal.obj
 0001:0000c38c       ___acrt_has_user_matherr   1000d38c f   libucrt:matherr.obj
 0001:0000c3a5       ___acrt_initialize_user_matherr 1000d3a5 f   libucrt:matherr.obj
 0001:0000c3b9       ___acrt_invoke_user_matherr 1000d3b9 f   libucrt:matherr.obj
 0001:0000c402       __query_new_mode           1000d402 f   libucrt:new_mode.obj
 0001:0000c408       __isleadbyte_l             1000d408 f i libucrt:_wctype.obj
 0001:0000c441       ___acrt_GetStringTypeA     1000d441 f   libucrt:getstringtypea.obj
 0001:0000c55e       __freea_crt                1000d55e f i libucrt:getstringtypea.obj
 0001:0000c57e       ___acrt_add_locale_ref     1000d57e f   libucrt:locale_refcounting.obj
 0001:0000c5fb       ___acrt_free_locale        1000d5fb f   libucrt:locale_refcounting.obj
 0001:0000c745       ___acrt_locale_add_lc_time_reference 1000d745 f   libucrt:locale_refcounting.obj
 0001:0000c76e       ___acrt_locale_free_lc_time_if_unreferenced 1000d76e f   libucrt:locale_refcounting.obj
 0001:0000c79e       ___acrt_locale_release_lc_time_reference 1000d79e f   libucrt:locale_refcounting.obj
 0001:0000c7c7       ___acrt_release_locale_ref 1000d7c7 f   libucrt:locale_refcounting.obj
 0001:0000c848       ___acrt_update_thread_locale_data 1000d848 f   libucrt:locale_refcounting.obj
 0001:0000c8bf       __updatetlocinfoEx_nolock  1000d8bf f   libucrt:locale_refcounting.obj
 0001:0000c90f       ___acrt_locale_free_monetary 1000d90f f   libucrt:initmon.obj
 0001:0000ca0d       ___acrt_locale_free_numeric 1000da0d f   libucrt:initnum.obj
 0001:0000cab2       ___acrt_locale_free_time   1000dab2 f   libucrt:inittime.obj
 0001:0000cdb3       ___acrt_LCMapStringA       1000ddb3 f   libucrt:lcmapstringa.obj
 0001:0000cdfe       ___acrt_fp_strflt_to_string 1000ddfe f   libucrt:_fptostr.obj
 0001:0000ceba       ??0scoped_fp_state_reset@?A0x48fbfdd4@@QAE@XZ 1000deba f i libucrt:cfout.obj
 0001:0000cef0       ?divide@__crt_strtox@@YA_KAAUbig_integer@1@ABU21@@Z 1000def0 f i libucrt:cfout.obj
 0001:0000d39e       ___acrt_fltout             1000e39e f   libucrt:cfout.obj
 0001:0000e73a       __fcloseall                1000f73a f   libucrt:closeall.obj
 0001:0000e7da       ___acrt_stdio_flush_nolock 1000f7da f   libucrt:fflush.obj
 0001:0000e840       __fflush_nolock            1000f840 f   libucrt:fflush.obj
 0001:0000e887       __flushall                 1000f887 f   libucrt:fflush.obj
 0001:0000e968       ___acrt_stdio_free_buffer_nolock 1000f968 f   libucrt:_freebuf.obj
 0001:0000e9a6       __isatty                   1000f9a6 f   libucrt:isatty.obj
 0001:0000e9fc       ___acrt_lowio_create_handle_array 1000f9fc f   libucrt:osfinfo.obj
 0001:0000ea76       ___acrt_lowio_destroy_handle_array 1000fa76 f   libucrt:osfinfo.obj
 0001:0000eaab       ___acrt_lowio_ensure_fh_exists 1000faab f   libucrt:osfinfo.obj
 0001:0000eb43       ___acrt_lowio_lock_fh      1000fb43 f   libucrt:osfinfo.obj
 0001:0000eb66       ___acrt_lowio_unlock_fh    1000fb66 f   libucrt:osfinfo.obj
 0001:0000eb89       __free_osfhnd              1000fb89 f   libucrt:osfinfo.obj
 0001:0000ec1a       __get_osfhandle            1000fc1a f   libucrt:osfinfo.obj
 0001:0000ed40       ___acrt_DownlevelLocaleNameToLCID 1000fd40 f   libucrt:lcidtoname_downlevel.obj
 0001:0000ee50       _qsort                     1000fe50 f   libucrt:qsort.obj
 0001:0000f29b       _strncpy_s                 1001029b f   libucrt:strncpy_s.obj
 0001:0000f2b0       _strpbrk                   100102b0 f   libucrt:strpbrk.obj
 0001:0000f2f0       __mbsdec                   100102f0 f   libucrt:mbsdec.obj
 0001:0000f307       __mbsdec_l                 10010307 f   libucrt:mbsdec.obj
 0001:0000f3a3       __msize                    100103a3 f   libucrt:msize.obj
 0001:0000f3d6       __realloc_base             100103d6 f   libucrt:realloc_base.obj
 0001:0000f43f       ___strncnt                 1001043f f   libucrt:strncnt.obj
 0001:0000f45b       _fegetenv                  1001045b f   libucrt:fegetenv.obj
 0001:0000f478       _fesetenv                  10010478 f   libucrt:fesetenv.obj
 0001:0000f4c1       _feholdexcept              100104c1 f   libucrt:feholdexcept.obj
 0001:0000f510       _log10                     10010510 f   libucrt:log10.obj
 0001:0000f550       __CIlog10                  10010550 f   libucrt:log10.obj
 0001:0000f58b       __CIlog10_default          1001058b f   libucrt:log10.obj
 0001:0000f59f       __log10_default            1001059f     libucrt:log10.obj
 0001:0000f660       _ceil                      10010660 f   libucrt:ceil_pentium4.obj
 0001:0000f6a0       __ceil_pentium4            100106a0 f   libucrt:ceil_pentium4.obj
 0001:0000fd0d       __write                    10010d0d f   libucrt:write.obj
 0001:0000fdf8       __write_nolock             10010df8 f   libucrt:write.obj
 0001:00010082       __lseeki64_nolock          10011082 f   libucrt:lseek.obj
 0001:0001009d       __fclose_nolock            1001109d f   libucrt:fclose.obj
 0001:00010113       _fclose                    10011113 f   libucrt:fclose.obj
 0001:00010193       ??$?RV<lambda_61cee617f5178ae960314fd4d05640a0>@@AAV<lambda_6978c1fb23f02e42e1d9e99668cc68aa>@@V<lambda_9cd88cf8ad10232537feb2133f08c833>@@@?$__crt_seh_guarded_call@H@@QAEH$$QAV<lambda_61cee617f5178ae960314fd4d05640a0>@@AAV<lambda_6978c1fb23f02e42e1d9e99668cc68aa>@@$$QAV<lambda_9cd88cf8ad10232537feb2133f08c833>@@@Z 10011193 f i libucrt:commit.obj
 0001:0001022b       ??$__acrt_lowio_lock_fh_and_call@V<lambda_6978c1fb23f02e42e1d9e99668cc68aa>@@@@YAHH$$QAV<lambda_6978c1fb23f02e42e1d9e99668cc68aa>@@@Z 1001122b f i libucrt:commit.obj
 0001:00010253       __commit                   10011253 f   libucrt:commit.obj
 0001:000102c2       __query_app_type           100112c2 f   libucrt:report_runtime_error.obj
 0001:0001056b       __getfpcontrolword         1001156b f   libucrt:_fenvutils.obj
 0001:000105ae       __getfpstatusword          100115ae f   libucrt:_fenvutils.obj
 0001:00010656       __setfpcontrolword         10011656 f   libucrt:_fenvutils.obj
 0001:000106d6       __setfpstatusword          100116d6 f   libucrt:_fenvutils.obj
 0001:00010756       __clearfp                  10011756 f   libucrt:ieee87.obj
 0001:00010834       ___acrt_initialize_sse2    10011834 f   libucrt:mathfcns.obj
 0001:00010850       __CIlog10_pentium4         10011850 f   libucrt:log10_pentium4.obj
 0001:00010868       __log10_pentium4           10011868     libucrt:log10_pentium4.obj
 0001:00010af1       __fFEXP                    10011af1     libucrt:87tran.obj
 0001:00010b48       __rtinfpopse               10011b48     libucrt:87tran.obj
 0001:00010b4a       __rtinfnpopse              10011b4a     libucrt:87tran.obj
 0001:00010b5a       __fFLN                     10011b5a     libucrt:87tran.obj
 0001:00010c0f       __rtinfpop                 10011c0f     libucrt:87tran.obj
 0001:00010c11       __rtinfnpop                10011c11     libucrt:87tran.obj
 0001:00010c2e       __ffexpm1                  10011c2e     libucrt:87tran.obj
 0001:00010ce0       __trandisp1                10011ce0 f   libucrt:87disp.obj
 0001:00010d47       __trandisp2                10011d47 f   libucrt:87disp.obj
 0001:00010dd3       __rttospopde               10011dd3     libucrt:87disp.obj
 0001:00010dd8       __rttospop                 10011dd8     libucrt:87disp.obj
 0001:00010dda       __rtnospop                 10011dda     libucrt:87disp.obj
 0001:00010ddc       __rttosnpop                10011ddc     libucrt:87disp.obj
 0001:00010ddd       __rtnospopde               10011ddd     libucrt:87disp.obj
 0001:00010de4       __rtzeropop                10011de4     libucrt:87disp.obj
 0001:00010de6       __rtzeronpop               10011de6     libucrt:87disp.obj
 0001:00010deb       __rtzerospop               10011deb     libucrt:87disp.obj
 0001:00010df8       __rtonepop                 10011df8     libucrt:87disp.obj
 0001:00010dfa       __rtonenpop                10011dfa     libucrt:87disp.obj
 0001:00010dff       __tosnan1                  10011dff     libucrt:87disp.obj
 0001:00010e2a       __nosnan2                  10011e2a     libucrt:87disp.obj
 0001:00010e2c       __tosnan2                  10011e2c     libucrt:87disp.obj
 0001:00010e54       __nan2                     10011e54     libucrt:87disp.obj
 0001:00010e93       __rtindfpop                10011e93     libucrt:87disp.obj
 0001:00010e95       __rtindfnpop               10011e95     libucrt:87disp.obj
 0001:00010ea6       __rttosnpopde              10011ea6     libucrt:87disp.obj
 0001:00010eb0       __rtatan2inf               10011eb0     libucrt:87disp.obj
 0001:00010ecd       __rtchsifneg               10011ecd     libucrt:87disp.obj
 0001:00010ee0       __twoToTOS                 10011ee0 f   libucrt:common.obj
 0001:00010ef5       __load_CW                  10011ef5 f   libucrt:common.obj
 0001:00010f0c       __convertTOStoQNaN         10011f0c f   libucrt:common.obj
 0001:00010f25       __fload_withFB             10011f25 f   libucrt:common.obj
 0001:00010f68       __checkTOS_withFB          10011f68 f   libucrt:common.obj
 0001:00010f7e       __fast_exit                10011f7e f   libucrt:common.obj
 0001:00010f8b       __math_exit                10011f8b f   libucrt:common.obj
 0001:00010fb5       __check_overflow_exit      10011fb5 f   libucrt:common.obj
 0001:00010fc9       __check_range_exit         10011fc9 f   libucrt:common.obj
 0001:00011070       __startTwoArgErrorHandling 10012070 f   libucrt:genexcep.obj
 0001:00011087       __startOneArgErrorHandling 10012087 f   libucrt:genexcep.obj
 0001:000110c3       ___libm_error_support      100120c3 f   libucrt:libm_error.obj
 0001:000112db       __ceil_default             100122db f   libucrt:ceil.obj
 0001:00011394       __putwch_nolock            10012394 f   libucrt:putwch.obj
 0001:000113d9       ??$?RV<lambda_123407a5e2ac06da108355a851863b7a>@@AAV<lambda_2fe9b910cf3cbf4a0ab98a02ba45b3ec>@@V<lambda_ae55bdf541ad94d75914d381c370e64d>@@@?$__crt_seh_guarded_call@H@@QAEH$$QAV<lambda_123407a5e2ac06da108355a851863b7a>@@AAV<lambda_2fe9b910cf3cbf4a0ab98a02ba45b3ec>@@$$QAV<lambda_ae55bdf541ad94d75914d381c370e64d>@@@Z 100123d9 f i libucrt:close.obj
 0001:0001145b       ??$__acrt_lowio_lock_fh_and_call@V<lambda_2fe9b910cf3cbf4a0ab98a02ba45b3ec>@@@@YAHH$$QAV<lambda_2fe9b910cf3cbf4a0ab98a02ba45b3ec>@@@Z 1001245b f i libucrt:close.obj
 0001:00011483       __close                    10012483 f   libucrt:close.obj
 0001:00011502       __close_nolock             10012502 f   libucrt:close.obj
 0001:0001159e       ?__acrt_stdio_free_stream@@YAXV__crt_stdio_stream@@@Z 1001259e f   libucrt:stream.obj
 0001:000115e0       ___ascii_strnicmp          100125e0 f   libucrt:_strnicm.obj
 0001:00011641       __clrfp                    10012641 f   libucrt:fpctrl.obj
 0001:00011654       __ctrlfp                   10012654 f   libucrt:fpctrl.obj
 0001:00011680       __set_statfp               10012680 f   libucrt:fpctrl.obj
 0001:000116db       __statfp                   100126db f   libucrt:fpctrl.obj
 0001:000116ed       __d_inttype                100126ed f   libucrt:powhlp.obj
 0001:00011757       __powhlp                   10012757 f   libucrt:powhlp.obj
 0001:00011882       __87except                 10012882 f   libucrt:87except.obj
 0001:0001198d       __frnd                     1001298d f   libucrt:frnd.obj
 0001:000119a3       __errcode                  100129a3 f   libucrt:fpexcept.obj
 0001:000119d7       __except1                  100129d7 f   libucrt:fpexcept.obj
 0001:00011aa5       __handle_exc               10012aa5 f   libucrt:fpexcept.obj
 0001:00011c85       __raise_exc                10012c85 f   libucrt:fpexcept.obj
 0001:00011ca8       __raise_exc_ex             10012ca8 f   libucrt:fpexcept.obj
 0001:00011f99       __set_errno_from_matherr   10012f99 f   libucrt:fpexcept.obj
 0001:00011fc8       __umatherr                 10012fc8 f   libucrt:fpexcept.obj
 0001:0001206a       __decomp                   1001306a f   libucrt:util.obj
 0001:0001213e       __set_exp                  1001313e f   libucrt:util.obj
 0001:0001216d       __sptype                   1001316d f   libucrt:util.obj
 0001:000121cb       ___dcrt_lowio_initialize_console_output 100131cb f   libucrt:initcon.obj
 0001:000121ea       ___dcrt_terminate_console_output 100131ea f   libucrt:initcon.obj
 0001:00012201       __fpclass                  10013201 f   libucrt:ieeemisc.obj
 0001:000122a5       _IsProcessorFeaturePresent@4 100132a5 f   kernel32:KERNEL32.dll
 0001:000122b0       __FindPESection            100132b0 f   LIBCMT:pesect.obj
 0001:00012300       __IsNonwritableInCurrentImage 10013300 f   LIBCMT:pesect.obj
 0001:000123c0       __ValidateImageBase        100133c0 f   LIBCMT:pesect.obj
 0001:00012400       __aulldvrm                 10013400 f   LIBCMT:ulldvrm.obj
 0001:000124a0       __allmul                   100134a0 f   LIBCMT:llmul.obj
 0001:000124e0       __SEH_prolog4_GS           100134e0 f   LIBCMT:_sehprolg4gs_.obj
 0001:00012529       __SEH_epilog4_GS           10013529 f   LIBCMT:_sehprolg4gs_.obj
 0001:00012540       __alldvrm                  10013540 f   LIBCMT:lldvrm.obj
 0001:00012620       __aullshr                  10013620 f   LIBCMT:ullshr.obj
 0001:00012640       __alloca_probe_16          10013640 f   LIBCMT:alloca16.obj
 0001:00012656       __alloca_probe_8           10013656     LIBCMT:alloca16.obj
 0001:00012670       __allshl                   10013670 f   LIBCMT:llshl.obj
 0001:00012690       __ftol2_sse                10013690 f   LIBCMT:_ftol2_.obj
 0001:00012699       __ftol2_pentium4           10013699 f   LIBCMT:_ftol2_.obj
 0001:000126ac       __ftol2_sse_excpt          100136ac f   LIBCMT:_ftol2_.obj
 0001:000126d0       __ftol2                    100136d0 f   LIBCMT:_ftol2_.obj
 0001:00012750       _strrchr                   10013750 f   libvcruntime:strrchr.obj
 0001:00012890       _strchr                    10013890 f   libvcruntime:strchr.obj
 0001:000128fe       ___from_strstr_to_strchr   100138fe     libvcruntime:strchr.obj
 0002:00000000       __imp__RegQueryValueExW@24 10014000     advapi32:ADVAPI32.dll
 0002:00000004       __imp__RegOpenKeyExW@20    10014004     advapi32:ADVAPI32.dll
 0002:00000008       __imp__RegCreateKeyExW@36  10014008     advapi32:ADVAPI32.dll
 0002:0000000c       __imp__RegCloseKey@4       1001400c     advapi32:ADVAPI32.dll
 0002:00000010       __imp__RegSetValueExW@24   10014010     advapi32:ADVAPI32.dll
 0002:00000014       \177ADVAPI32_NULL_THUNK_DATA 10014014     advapi32:ADVAPI32.dll
 0002:00000018       __imp__SelectObject@8      10014018     gdi32:GDI32.dll
 0002:0000001c       __imp__LineTo@12           1001401c     gdi32:GDI32.dll
 0002:00000020       __imp__DeleteObject@4      10014020     gdi32:GDI32.dll
 0002:00000024       __imp__CreateSolidBrush@4  10014024     gdi32:GDI32.dll
 0002:00000028       __imp__CreatePen@12        10014028     gdi32:GDI32.dll
 0002:0000002c       __imp__MoveToEx@16         1001402c     gdi32:GDI32.dll
 0002:00000030       \177GDI32_NULL_THUNK_DATA  10014030     gdi32:GDI32.dll
 0002:00000034       __imp__MultiByteToWideChar@24 10014034     kernel32:KERNEL32.dll
 0002:00000038       __imp__lstrlenA@4          10014038     kernel32:KERNEL32.dll
 0002:0000003c       __imp__WriteConsoleW@20    1001403c     kernel32:KERNEL32.dll
 0002:00000040       __imp__DecodePointer@4     10014040     kernel32:KERNEL32.dll
 0002:00000044       __imp__FlushFileBuffers@4  10014044     kernel32:KERNEL32.dll
 0002:00000048       __imp__lstrcpyA@8          10014048     kernel32:KERNEL32.dll
 0002:0000004c       __imp__lstrcpynA@12        1001404c     kernel32:KERNEL32.dll
 0002:00000050       __imp__lstrcpynW@12        10014050     kernel32:KERNEL32.dll
 0002:00000054       __imp__GetModuleFileNameW@12 10014054     kernel32:KERNEL32.dll
 0002:00000058       __imp__lstrlenW@4          10014058     kernel32:KERNEL32.dll
 0002:0000005c       __imp__GetLastError@0      1001405c     kernel32:KERNEL32.dll
 0002:00000060       __imp__lstrcpyW@8          10014060     kernel32:KERNEL32.dll
 0002:00000064       __imp__VirtualProtect@16   10014064     kernel32:KERNEL32.dll
 0002:00000068       __imp__CloseHandle@4       10014068     kernel32:KERNEL32.dll
 0002:0000006c       __imp__DeleteCriticalSection@4 1001406c     kernel32:KERNEL32.dll
 0002:00000070       __imp__DebugBreak@0        10014070     kernel32:KERNEL32.dll
 0002:00000074       __imp__HeapCreate@12       10014074     kernel32:KERNEL32.dll
 0002:00000078       __imp__HeapDestroy@4       10014078     kernel32:KERNEL32.dll
 0002:0000007c       __imp__HeapAlloc@12        1001407c     kernel32:KERNEL32.dll
 0002:00000080       __imp__HeapReAlloc@16      10014080     kernel32:KERNEL32.dll
 0002:00000084       __imp__HeapFree@12         10014084     kernel32:KERNEL32.dll
 0002:00000088       __imp__UnhandledExceptionFilter@4 10014088     kernel32:KERNEL32.dll
 0002:0000008c       __imp__SetUnhandledExceptionFilter@4 1001408c     kernel32:KERNEL32.dll
 0002:00000090       __imp__GetCurrentProcess@0 10014090     kernel32:KERNEL32.dll
 0002:00000094       __imp__TerminateProcess@8  10014094     kernel32:KERNEL32.dll
 0002:00000098       __imp__IsProcessorFeaturePresent@4 10014098     kernel32:KERNEL32.dll
 0002:0000009c       __imp__QueryPerformanceCounter@4 1001409c     kernel32:KERNEL32.dll
 0002:000000a0       __imp__GetCurrentProcessId@0 100140a0     kernel32:KERNEL32.dll
 0002:000000a4       __imp__GetCurrentThreadId@0 100140a4     kernel32:KERNEL32.dll
 0002:000000a8       __imp__GetSystemTimeAsFileTime@4 100140a8     kernel32:KERNEL32.dll
 0002:000000ac       __imp__InitializeSListHead@4 100140ac     kernel32:KERNEL32.dll
 0002:000000b0       __imp__IsDebuggerPresent@0 100140b0     kernel32:KERNEL32.dll
 0002:000000b4       __imp__GetStartupInfoW@4   100140b4     kernel32:KERNEL32.dll
 0002:000000b8       __imp__GetModuleHandleW@4  100140b8     kernel32:KERNEL32.dll
 0002:000000bc       __imp__InterlockedFlushSList@4 100140bc     kernel32:KERNEL32.dll
 0002:000000c0       __imp__RtlUnwind@16        100140c0     kernel32:KERNEL32.dll
 0002:000000c4       __imp__SetLastError@4      100140c4     kernel32:KERNEL32.dll
 0002:000000c8       __imp__EnterCriticalSection@4 100140c8     kernel32:KERNEL32.dll
 0002:000000cc       __imp__LeaveCriticalSection@4 100140cc     kernel32:KERNEL32.dll
 0002:000000d0       __imp__CreateFileW@28      100140d0     kernel32:KERNEL32.dll
 0002:000000d4       __imp__InitializeCriticalSectionAndSpinCount@8 100140d4     kernel32:KERNEL32.dll
 0002:000000d8       __imp__TlsAlloc@0          100140d8     kernel32:KERNEL32.dll
 0002:000000dc       __imp__TlsGetValue@4       100140dc     kernel32:KERNEL32.dll
 0002:000000e0       __imp__TlsSetValue@8       100140e0     kernel32:KERNEL32.dll
 0002:000000e4       __imp__TlsFree@4           100140e4     kernel32:KERNEL32.dll
 0002:000000e8       __imp__FreeLibrary@4       100140e8     kernel32:KERNEL32.dll
 0002:000000ec       __imp__GetProcAddress@8    100140ec     kernel32:KERNEL32.dll
 0002:000000f0       __imp__LoadLibraryExW@12   100140f0     kernel32:KERNEL32.dll
 0002:000000f4       __imp__RaiseException@16   100140f4     kernel32:KERNEL32.dll
 0002:000000f8       __imp__ExitProcess@4       100140f8     kernel32:KERNEL32.dll
 0002:000000fc       __imp__GetModuleHandleExW@12 100140fc     kernel32:KERNEL32.dll
 0002:00000100       __imp__GetModuleFileNameA@12 10014100     kernel32:KERNEL32.dll
 0002:00000104       __imp__WideCharToMultiByte@32 10014104     kernel32:KERNEL32.dll
 0002:00000108       __imp__GetStringTypeW@16   10014108     kernel32:KERNEL32.dll
 0002:0000010c       __imp__GetACP@0            1001410c     kernel32:KERNEL32.dll
 0002:00000110       __imp__GetStdHandle@4      10014110     kernel32:KERNEL32.dll
 0002:00000114       __imp__GetFileType@4       10014114     kernel32:KERNEL32.dll
 0002:00000118       __imp__LCMapStringW@24     10014118     kernel32:KERNEL32.dll
 0002:0000011c       __imp__FindClose@4         1001411c     kernel32:KERNEL32.dll
 0002:00000120       __imp__FindFirstFileExA@24 10014120     kernel32:KERNEL32.dll
 0002:00000124       __imp__FindNextFileA@8     10014124     kernel32:KERNEL32.dll
 0002:00000128       __imp__IsValidCodePage@4   10014128     kernel32:KERNEL32.dll
 0002:0000012c       __imp__GetOEMCP@0          1001412c     kernel32:KERNEL32.dll
 0002:00000130       __imp__GetCPInfo@8         10014130     kernel32:KERNEL32.dll
 0002:00000134       __imp__GetCommandLineA@0   10014134     kernel32:KERNEL32.dll
 0002:00000138       __imp__GetCommandLineW@0   10014138     kernel32:KERNEL32.dll
 0002:0000013c       __imp__GetEnvironmentStringsW@0 1001413c     kernel32:KERNEL32.dll
 0002:00000140       __imp__FreeEnvironmentStringsW@4 10014140     kernel32:KERNEL32.dll
 0002:00000144       __imp__GetProcessHeap@0    10014144     kernel32:KERNEL32.dll
 0002:00000148       __imp__SetStdHandle@8      10014148     kernel32:KERNEL32.dll
 0002:0000014c       __imp__HeapSize@12         1001414c     kernel32:KERNEL32.dll
 0002:00000150       __imp__WriteFile@20        10014150     kernel32:KERNEL32.dll
 0002:00000154       __imp__GetConsoleCP@0      10014154     kernel32:KERNEL32.dll
 0002:00000158       __imp__GetConsoleMode@8    10014158     kernel32:KERNEL32.dll
 0002:0000015c       __imp__SetFilePointerEx@20 1001415c     kernel32:KERNEL32.dll
 0002:00000160       \177KERNEL32_NULL_THUNK_DATA 10014160     kernel32:KERNEL32.dll
 0002:00000164       __imp__wsprintfW           10014164     user32:USER32.dll
 0002:00000168       __imp__FillRect@12         10014168     user32:USER32.dll
 0002:0000016c       __imp__wsprintfA           1001416c     user32:USER32.dll
 0002:00000170       \177USER32_NULL_THUNK_DATA 10014170     user32:USER32.dll
 0002:00000174       __imp__VerQueryValueW@16   10014174     version:VERSION.dll
 0002:00000178       __imp__GetFileVersionInfoW@16 10014178     version:VERSION.dll
 0002:0000017c       __imp__GetFileVersionInfoSizeW@8 1001417c     version:VERSION.dll
 0002:00000180       \177VERSION_NULL_THUNK_DATA 10014180     version:VERSION.dll
 0002:00000184       ___guard_check_icall_fptr  10014184     LIBCMT:guard_support.obj
 0002:00000188       ___xc_a                    10014188     LIBCMT:initializers.obj
 0002:0000018c       ___xc_z                    1001418c     LIBCMT:initializers.obj
 0002:00000190       ___xi_a                    10014190     LIBCMT:initializers.obj
 0002:00000194       ___acrt_stdio_initializer  10014194     libucrt:stdio_initializer.obj
 0002:00000198       ___acrt_multibyte_initializer 10014198     libucrt:multibyte_initializer.obj
 0002:0000019c       ___acrt_tran_sse2_initializer 1001419c     libucrt:sse2_initializer.obj
 0002:000001a0       ___xi_z                    100141a0     LIBCMT:initializers.obj
 0002:000001a4       ___xp_a                    100141a4     LIBCMT:initializers.obj
 0002:000001a8       ___acrt_locale_terminator  100141a8     libucrt:locale_initializer.obj
 0002:000001ac       ___dcrt_console_output_terminator 100141ac     libucrt:console_output_initializer.obj
 0002:000001b0       ___acrt_stdio_terminator   100141b0     libucrt:stdio_initializer.obj
 0002:000001b4       ___xp_z                    100141b4     LIBCMT:initializers.obj
 0002:000001b8       ___xt_a                    100141b8     LIBCMT:initializers.obj
 0002:000001bc       ___xt_z                    100141bc     LIBCMT:initializers.obj
 0002:000001c0       ??_C@_1BM@GCLEPEKO@?$AAP?$AAl?$AAu?$AAg?$AAi?$AAn?$AAE?$AAn?$AAa?$AAb?$AAl?$AAe?$AAd?$AA?$AA@ 100141c0     ConEmuLn.obj
 0002:000001dc       ??_C@_1BG@GKMEIIHO@?$AAL?$AAi?$AAn?$AAe?$AAs?$AAP?$AAa?$AAn?$AAe?$AAl?$AA?$AA@ 100141dc     ConEmuLn.obj
 0002:000001f4       ??_C@_1BG@FMPDIDHG@?$AAL?$AAi?$AAn?$AAe?$AAs?$AAC?$AAo?$AAl?$AAo?$AAr?$AA?$AA@ 100141f4     ConEmuLn.obj
 0002:0000020c       ??_C@_1BI@DNACCAMK@?$AAL?$AAi?$AAn?$AAe?$AAs?$AAE?$AAd?$AAi?$AAt?$AAo?$AAr?$AA?$AA@ 1001420c     ConEmuLn.obj
 0002:00000224       ??_C@_1CC@LODMIFLF@?$AAL?$AAi?$AAn?$AAe?$AAs?$AAE?$AAd?$AAi?$AAt?$AAo?$AAr?$AAC?$AAo?$AAl?$AAo?$AAr?$AA?$AA@ 10014224     ConEmuLn.obj
 0002:00000248       ??_C@_1BI@IMFGPMJI@?$AAL?$AAi?$AAn?$AAe?$AAs?$AAV?$AAi?$AAe?$AAw?$AAe?$AAr?$AA?$AA@ 10014248     ConEmuLn.obj
 0002:00000260       ??_C@_1CC@KGIANIMF@?$AAL?$AAi?$AAn?$AAe?$AAs?$AAV?$AAi?$AAe?$AAw?$AAe?$AAr?$AAC?$AAo?$AAl?$AAo?$AAr?$AA?$AA@ 10014260     ConEmuLn.obj
 0002:00000284       ??_C@_1BI@PPOFOFEE@?$AAH?$AAi?$AAl?$AAi?$AAg?$AAh?$AAt?$AAT?$AAy?$AAp?$AAe?$AA?$AA@ 10014284     ConEmuLn.obj
 0002:0000029c       ??_C@_1BO@FGCOGFB@?$AAH?$AAi?$AAl?$AAi?$AAg?$AAh?$AAt?$AAP?$AAl?$AAu?$AAg?$AAi?$AAn?$AAs?$AA?$AA@ 1001429c     ConEmuLn.obj
 0002:000002bc       ??_C@_1CA@GLKFLGCI@?$AAH?$AAi?$AAl?$AAi?$AAg?$AAh?$AAt?$AAP?$AAl?$AAu?$AAg?$AAB?$AAa?$AAc?$AAk?$AA?$AA@ 100142bc     ConEmuLn.obj
 0002:000002dc       ??_C@_08BCACMCCB@ExitFARW?$AA@ 100142dc     ConEmuLn.obj
 0002:000002e8       ??_C@_0L@DJCGGOCO@ConfigureW?$AA@ 100142e8     ConEmuLn.obj
 0002:000002f4       ??_C@_11LOCGONAA@?$AA?$AA@ 100142f4     ConEmuLn.obj
 0002:000002f8       ??_C@_13FPGAJAPJ@?$AA?2?$AA?$AA@ 100142f8     ConEmuLn.obj
 0002:00000300       ??_C@_1FG@DPPGENBC@?$AAL?$AAo?$AAa?$AAd?$AAA?$AAp?$AAp?$AAV?$AAe?$AAr?$AAs?$AAi?$AAo?$AAn?$AA?4?$AAV?$AAe?$AAr?$AAQ?$AAu?$AAe?$AAr?$AAy?$AAV?$AAa?$AAl?$AAu?$AAe?$AA?$CI?$AA?$CC?$AA?2?$AA?$CC@ 10014300     ConEmuLn.obj
 0002:00000358       ??_C@_1FK@HILEEFML@?$AAL?$AAo?$AAa?$AAd?$AAA?$AAp?$AAp?$AAV?$AAe?$AAr?$AAs?$AAi?$AAo?$AAn?$AA?4?$AAG?$AAe?$AAt?$AAF?$AAi?$AAl?$AAe?$AAV?$AAe?$AAr?$AAs?$AAi?$AAo?$AAn?$AAI?$AAn?$AAf@ 10014358     ConEmuLn.obj
 0002:000003b8       ??_C@_1GC@BINFLBDC@?$AAL?$AAo?$AAa?$AAd?$AAA?$AAp?$AAp?$AAV?$AAe?$AAr?$AAs?$AAi?$AAo?$AAn?$AA?5?$AAf?$AAa?$AAi?$AAl?$AAe?$AAd?$AA?$CB?$AA?5?$AAC?$AAa?$AAn?$AA?8?$AAt?$AA?5?$AAa?$AAl?$AAl@ 100143b8     ConEmuLn.obj
 0002:00000420       ??_C@_1GC@CPPHDKJK@?$AAL?$AAo?$AAa?$AAd?$AAA?$AAp?$AAp?$AAV?$AAe?$AAr?$AAs?$AAi?$AAo?$AAn?$AA?4?$AAG?$AAe?$AAt?$AAF?$AAi?$AAl?$AAe?$AAV?$AAe?$AAr?$AAs?$AAi?$AAo?$AAn?$AAI?$AAn?$AAf@ 10014420     ConEmuLn.obj
 0002:00000488       ??_C@_1EG@IINOBDEG@?$AAI?$AAn?$AAv?$AAa?$AAl?$AAi?$AAd?$AA?5?$AAa?$AAs?$AAM?$AAo?$AAd?$AAu?$AAl?$AAe?$AAP?$AAa?$AAt?$AAh?$AA?5?$AAw?$AAa?$AAs?$AA?5?$AAs?$AAp?$AAe?$AAc?$AAi?$AAf?$AAi@ 10014488     ConEmuLn.obj
 0002:000004d0       ??_C@_1CA@GGFPMHLH@?$AA?6?$AAE?$AAr?$AAr?$AAC?$AAo?$AAd?$AAe?$AA?$DN?$AA0?$AAx?$AA?$CF?$AA0?$AA8?$AAX?$AA?$AA@ 100144d0     ConEmuLn.obj
 0002:000004f0       ??_C@_1FG@LNADFPCE@?$AAL?$AAo?$AAa?$AAd?$AAF?$AAa?$AAr?$AAV?$AAe?$AAr?$AAs?$AAi?$AAo?$AAn?$AA?4?$AAG?$AAe?$AAt?$AAM?$AAo?$AAd?$AAu?$AAl?$AAe?$AAF?$AAi?$AAl?$AAe?$AAN?$AAa?$AAm?$AAe@ 100144f0     ConEmuLn.obj
 0002:00000548       ??_C@_1BC@KLDFICIN@?$AA0?$AAx?$AAX?$AAX?$AAX?$AAX?$AAX?$AAX?$AA?$AA@ 10014548     ConEmuLn1900.obj
 0002:0000055c       ??_C@_19OMFGMPJN@?$AA?$CF?$AA0?$AA6?$AAX?$AA?$AA@ 1001455c     ConEmuLn1900.obj
 0002:00000570       __xmm@00000000000000030000000500000008 10014570     ConEmuLn1900.obj
 0002:00000580       __xmm@00000000000000050000000500000009 10014580     ConEmuLn1900.obj
 0002:00000590       __xmm@00000000000000070000000500000008 10014590     ConEmuLn1900.obj
 0002:000005a0       __xmm@00000000000000080000000500000008 100145a0     ConEmuLn1900.obj
 0002:000005b0       __xmm@00000000000000090000000500000008 100145b0     ConEmuLn1900.obj
 0002:000005c0       __xmm@000000000000000b0000000500000008 100145c0     ConEmuLn1900.obj
 0002:000005d0       __xmm@000000000000000c0000000500000000 100145d0     ConEmuLn1900.obj
 0002:000005e0       __xmm@000000000000000e0000000000000000 100145e0     ConEmuLn1900.obj
 0002:000005f0       __xmm@000000000000000f0000000000000007 100145f0     ConEmuLn1900.obj
 0002:00000600       __xmm@00000024000000070000001d00000006 10014600     ConEmuLn1900.obj
 0002:00000610       __xmm@00000024000000080000001d00000006 10014610     ConEmuLn1900.obj
 0002:00000620       __xmm@00000024000000090000001d00000006 10014620     ConEmuLn1900.obj
 0002:00000630       __xmm@000000240000000c0000001d00000006 10014630     ConEmuLn1900.obj
 0002:00000640       __xmm@00000026000000010000000300000003 10014640     ConEmuLn1900.obj
 0002:00000650       ??_C@_1CE@PCHJHFGJ@?$AAC?$AAo?$AAn?$AAE?$AAm?$AAu?$AA?5?$AAU?$AAn?$AAd?$AAe?$AAr?$AAl?$AAi?$AAn?$AAe?$AAs?$AA?$AA@ 10014650     ConEmuLn2800.obj
 0002:00000678       ??_C@_1GC@KMIACAL@?$AAP?$AAa?$AAi?$AAn?$AAt?$AA?5?$AAu?$AAn?$AAd?$AAe?$AAr?$AAl?$AAi?$AAn?$AAe?$AAd?$AA?5?$AAb?$AAa?$AAc?$AAk?$AAg?$AAr?$AAo?$AAu?$AAn?$AAd?$AA?5?$AAi?$AAn?$AA?5?$AAt@ 10014678     ConEmuLn2800.obj
 0002:000006dc       ??_C@_1DE@DJEAMLPH@?$AAC?$AAo?$AAn?$AAE?$AAm?$AAu?$AA?4?$AAM?$AAa?$AAx?$AAi?$AAm?$AAu?$AAs?$AA5?$AA?$EA?$AAg?$AAm?$AAa?$AAi?$AAl?$AA?4?$AAc?$AAo?$AAm?$AA?$AA@ 100146dc     ConEmuLn2800.obj
 0002:00000710       ??_C@_1BE@MMJMCNIO@?$AAC?$AAo?$AAn?$AAE?$AAm?$AAu?$AAL?$AAn?$AA?2?$AA?$AA@ 10014710     ConEmuLn995.obj
 0002:00000724       ??_C@_08KOICIHPP@0xXXXXXX?$AA@ 10014724     ConEmuLnA.obj
 0002:00000730       ??_C@_04JCFDBOEJ@?$CF06X?$AA@ 10014730     ConEmuLnA.obj
 0002:00000738       __pDefaultRawDllMain       10014738     LIBCMT:dll_dllmain.obj
 0002:00000738       __pRawDllMain              10014738     LIBCMT:dll_dllmain.obj
 0002:000008dc       ??_C@_08EHJDFFNH@__based?$CI?$AA@ 100148dc     libvcruntime:undname.obj
 0002:000008e8       ??_C@_07KOLFKCDI@__cdecl?$AA@ 100148e8     libvcruntime:undname.obj
 0002:000008f0       ??_C@_08GHMPAG@__pascal?$AA@ 100148f0     libvcruntime:undname.obj
 0002:000008fc       ??_C@_09IFJBGAPI@__stdcall?$AA@ 100148fc     libvcruntime:undname.obj
 0002:00000908       ??_C@_0L@NPHFGOKO@__thiscall?$AA@ 10014908     libvcruntime:undname.obj
 0002:00000914       ??_C@_0L@JMKHOMEK@__fastcall?$AA@ 10014914     libvcruntime:undname.obj
 0002:00000920       ??_C@_0N@BCKKPABJ@__vectorcall?$AA@ 10014920     libvcruntime:undname.obj
 0002:00000930       ??_C@_09HIJEGCPM@__clrcall?$AA@ 10014930     libvcruntime:undname.obj
 0002:0000093c       ??_C@_06GHPCKEAG@__eabi?$AA@ 1001493c     libvcruntime:undname.obj
 0002:00000944       ??_C@_07JOMMBBKO@__ptr64?$AA@ 10014944     libvcruntime:undname.obj
 0002:0000094c       ??_C@_0L@PILCLIHE@__restrict?$AA@ 1001494c     libvcruntime:undname.obj
 0002:00000958       ??_C@_0M@GFIIJFMG@__unaligned?$AA@ 10014958     libvcruntime:undname.obj
 0002:00000964       ??_C@_09DHDLOLLB@restrict?$CI?$AA@ 10014964     libvcruntime:undname.obj
 0002:0000096e       ??_C@_00CNPNBAHC@?$AA@     1001496e     libvcruntime:undname.obj
 0002:00000970       ??_C@_04NIHEBCM@?5new?$AA@ 10014970     libvcruntime:undname.obj
 0002:00000978       ??_C@_07FPCDHGMM@?5delete?$AA@ 10014978     libvcruntime:undname.obj
 0002:00000980       ??_C@_01NEMOKFLO@?$DN?$AA@ 10014980     libvcruntime:undname.obj
 0002:00000984       ??_C@_02GPIOPFAK@?$DO?$DO?$AA@ 10014984     libvcruntime:undname.obj
 0002:00000988       ??_C@_02FODMEDOG@?$DM?$DM?$AA@ 10014988     libvcruntime:undname.obj
 0002:0000098c       ??_C@_01DCLJPIOD@?$CB?$AA@ 1001498c     libvcruntime:undname.obj
 0002:00000990       ??_C@_02EGOFBIJA@?$DN?$DN?$AA@ 10014990     libvcruntime:undname.obj
 0002:00000994       ??_C@_02FDNJECIE@?$CB?$DN?$AA@ 10014994     libvcruntime:undname.obj
 0002:00000998       ??_C@_02GPECMEKF@?$FL?$FN?$AA@ 10014998     libvcruntime:undname.obj
 0002:0000099c       ??_C@_08LHJFAFGD@operator?$AA@ 1001499c     libvcruntime:undname.obj
 0002:000009a8       ??_C@_02HBOOOICD@?9?$DO?$AA@ 100149a8     libvcruntime:undname.obj
 0002:000009ac       ??_C@_01NBENCBCI@?$CK?$AA@ 100149ac     libvcruntime:undname.obj
 0002:000009b0       ??_C@_02ECNGHCIF@?$CL?$CL?$AA@ 100149b0     libvcruntime:undname.obj
 0002:000009b4       ??_C@_02BAABKJLB@?9?9?$AA@ 100149b4     libvcruntime:undname.obj
 0002:000009b8       ??_C@_01JOAMLHOP@?9?$AA@   100149b8     libvcruntime:undname.obj
 0002:000009bc       ??_C@_01MIFGBAGJ@?$CL?$AA@ 100149bc     libvcruntime:undname.obj
 0002:000009c0       ??_C@_01HNPIGOCE@?$CG?$AA@ 100149c0     libvcruntime:undname.obj
 0002:000009c4       ??_C@_03MNHNFDLC@?9?$DO?$CK?$AA@ 100149c4     libvcruntime:undname.obj
 0002:000009c8       ??_C@_01KMDKNFGN@?1?$AA@   100149c8     libvcruntime:undname.obj
 0002:000009cc       ??_C@_01FGNFDNOH@?$CF?$AA@ 100149cc     libvcruntime:undname.obj
 0002:000009d0       ??_C@_01MNNFJEPP@?$DM?$AA@ 100149d0     libvcruntime:undname.obj
 0002:000009d4       ??_C@_02EHCHHCKH@?$DM?$DN?$AA@ 100149d4     libvcruntime:undname.obj
 0002:000009d8       ??_C@_01PPODPGHN@?$DO?$AA@ 100149d8     libvcruntime:undname.obj
 0002:000009dc       ??_C@_02EEKDKGMJ@?$DO?$DN?$AA@ 100149dc     libvcruntime:undname.obj
 0002:000009e0       ??_C@_01IHBHIGKO@?0?$AA@   100149e0     libvcruntime:undname.obj
 0002:000009e4       ??_C@_02HCKGKOFO@?$CI?$CJ?$AA@ 100149e4     libvcruntime:undname.obj
 0002:000009e8       ??_C@_01PJKLJHI@?$HO?$AA@  100149e8     libvcruntime:undname.obj
 0002:000009ec       ??_C@_01JKBOJNNK@?$FO?$AA@ 100149ec     libvcruntime:undname.obj
 0002:000009f0       ??_C@_01DNKMNLPK@?$HM?$AA@ 100149f0     libvcruntime:undname.obj
 0002:000009f4       ??_C@_02PPKAJPJL@?$CG?$CG?$AA@ 100149f4     libvcruntime:undname.obj
 0002:000009f8       ??_C@_02NONPIBCD@?$HM?$HM?$AA@ 100149f8     libvcruntime:undname.obj
 0002:000009fc       ??_C@_02FPIMKNGF@?$CK?$DN?$AA@ 100149fc     libvcruntime:undname.obj
 0002:00000a00       ??_C@_02FOEOMHFC@?$CL?$DN?$AA@ 10014a00     libvcruntime:undname.obj
 0002:00000a04       ??_C@_02FKMDLLOA@?9?$DN?$AA@ 10014a04     libvcruntime:undname.obj
 0002:00000a08       ??_C@_02FJEHGPIO@?1?$DN?$AA@ 10014a08     libvcruntime:undname.obj
 0002:00000a0c       ??_C@_02FENAOKFI@?$CF?$DN?$AA@ 10014a0c     libvcruntime:undname.obj
 0002:00000a10       ??_C@_03IKFCCPFF@?$DO?$DO?$DN?$AA@ 10014a10     libvcruntime:undname.obj
 0002:00000a14       ??_C@_03CDNPDDLA@?$DM?$DM?$DN?$AA@ 10014a14     libvcruntime:undname.obj
 0002:00000a18       ??_C@_02FGJGFEAB@?$CG?$DN?$AA@ 10014a18     libvcruntime:undname.obj
 0002:00000a1c       ??_C@_02DHLNPPGH@?$HM?$DN?$AA@ 10014a1c     libvcruntime:undname.obj
 0002:00000a20       ??_C@_02MHEGNOJ@?$FO?$DN?$AA@ 10014a20     libvcruntime:undname.obj
 0002:00000a24       ??_C@_09IFPLHPGF@?$GAvftable?8?$AA@ 10014a24     libvcruntime:undname.obj
 0002:00000a30       ??_C@_09BLBHBJP@?$GAvbtable?8?$AA@ 10014a30     libvcruntime:undname.obj
 0002:00000a3c       ??_C@_07FEEIOKP@?$GAvcall?8?$AA@ 10014a3c     libvcruntime:undname.obj
 0002:00000a44       ??_C@_08LLFFHHDJ@?$GAtypeof?8?$AA@ 10014a44     libvcruntime:undname.obj
 0002:00000a50       ??_C@_0BF@KDPPACIK@?$GAlocal?5static?5guard?8?$AA@ 10014a50     libvcruntime:undname.obj
 0002:00000a68       ??_C@_08OBABFOLI@?$GAstring?8?$AA@ 10014a68     libvcruntime:undname.obj
 0002:00000a74       ??_C@_0BD@JDLKDPAB@?$GAvbase?5destructor?8?$AA@ 10014a74     libvcruntime:undname.obj
 0002:00000a88       ??_C@_0BN@DEGPLNFK@?$GAvector?5deleting?5destructor?8?$AA@ 10014a88     libvcruntime:undname.obj
 0002:00000aa8       ??_C@_0BO@OBMKPJIG@?$GAdefault?5constructor?5closure?8?$AA@ 10014aa8     libvcruntime:undname.obj
 0002:00000ac8       ??_C@_0BN@IMDCHIKM@?$GAscalar?5deleting?5destructor?8?$AA@ 10014ac8     libvcruntime:undname.obj
 0002:00000ae8       ??_C@_0BO@PFGOCPJJ@?$GAvector?5constructor?5iterator?8?$AA@ 10014ae8     libvcruntime:undname.obj
 0002:00000b08       ??_C@_0BN@LFPFMEDL@?$GAvector?5destructor?5iterator?8?$AA@ 10014b08     libvcruntime:undname.obj
 0002:00000b28       ??_C@_0CE@IKBNEHA@?$GAvector?5vbase?5constructor?5iterat@ 10014b28     libvcruntime:undname.obj
 0002:00000b4c       ??_C@_0BL@NILFHHPC@?$GAvirtual?5displacement?5map?8?$AA@ 10014b4c     libvcruntime:undname.obj
 0002:00000b68       ??_C@_0CB@JONCMFFK@?$GAeh?5vector?5constructor?5iterator?8@ 10014b68     libvcruntime:undname.obj
 0002:00000b8c       ??_C@_0CA@GCEOPDGL@?$GAeh?5vector?5destructor?5iterator?8?$AA@ 10014b8c     libvcruntime:undname.obj
 0002:00000bac       ??_C@_0CH@OOJPLCPH@?$GAeh?5vector?5vbase?5constructor?5ite@ 10014bac     libvcruntime:undname.obj
 0002:00000bd4       ??_C@_0BL@LLKPOHJI@?$GAcopy?5constructor?5closure?8?$AA@ 10014bd4     libvcruntime:undname.obj
 0002:00000bf0       ??_C@_0BA@KBCDOMBN@?$GAudt?5returning?8?$AA@ 10014bf0     libvcruntime:undname.obj
 0002:00000c00       ??_C@_03KLGMFNMG@?$GAEH?$AA@ 10014c00     libvcruntime:undname.obj
 0002:00000c04       ??_C@_05KHLCHHI@?$GARTTI?$AA@ 10014c04     libvcruntime:undname.obj
 0002:00000c0c       ??_C@_0BA@KKLDJDLB@?$GAlocal?5vftable?8?$AA@ 10014c0c     libvcruntime:undname.obj
 0002:00000c1c       ??_C@_0CE@IIHCMGGL@?$GAlocal?5vftable?5constructor?5closu@ 10014c1c     libvcruntime:undname.obj
 0002:00000c40       ??_C@_06FHBGPFGH@?5new?$FL?$FN?$AA@ 10014c40     libvcruntime:undname.obj
 0002:00000c48       ??_C@_09LBNFPBCA@?5delete?$FL?$FN?$AA@ 10014c48     libvcruntime:undname.obj
 0002:00000c54       ??_C@_0P@HJKNJFNN@?$GAomni?5callsig?8?$AA@ 10014c54     libvcruntime:undname.obj
 0002:00000c64       ??_C@_0BL@CNOONJFP@?$GAplacement?5delete?5closure?8?$AA@ 10014c64     libvcruntime:undname.obj
 0002:00000c80       ??_C@_0BN@CKNJLHMB@?$GAplacement?5delete?$FL?$FN?5closure?8?$AA@ 10014c80     libvcruntime:undname.obj
 0002:00000ca0       ??_C@_0CG@CFDHKGGD@?$GAmanaged?5vector?5constructor?5iter@ 10014ca0     libvcruntime:undname.obj
 0002:00000cc8       ??_C@_0CF@IMGKMJNO@?$GAmanaged?5vector?5destructor?5itera@ 10014cc8     libvcruntime:undname.obj
 0002:00000cf0       ??_C@_0CG@HLDDJMAG@?$GAeh?5vector?5copy?5constructor?5iter@ 10014cf0     libvcruntime:undname.obj
 0002:00000d18       ??_C@_0CM@FCBBDIGB@?$GAeh?5vector?5vbase?5copy?5constructo@ 10014d18     libvcruntime:undname.obj
 0002:00000d44       ??_C@_0BL@CLIPGLGB@?$GAdynamic?5initializer?5for?5?8?$AA@ 10014d44     libvcruntime:undname.obj
 0002:00000d60       ??_C@_0CB@PDBIFEP@?$GAdynamic?5atexit?5destructor?5for?5?8@ 10014d60     libvcruntime:undname.obj
 0002:00000d84       ??_C@_0CD@CGAJBKEJ@?$GAvector?5copy?5constructor?5iterato@ 10014d84     libvcruntime:undname.obj
 0002:00000da8       ??_C@_0CJ@GJELGAMM@?$GAvector?5vbase?5copy?5constructor?5i@ 10014da8     libvcruntime:undname.obj
 0002:00000dd4       ??_C@_0CL@FGIJHLCE@?$GAmanaged?5vector?5copy?5constructor@ 10014dd4     libvcruntime:undname.obj
 0002:00000e00       ??_C@_0BM@PMGGMLDN@?$GAlocal?5static?5thread?5guard?8?$AA@ 10014e00     libvcruntime:undname.obj
 0002:00000e1c       ??_C@_0N@BDNMDMOL@operator?5?$CC?$CC?5?$AA@ 10014e1c     libvcruntime:undname.obj
 0002:00000e2c       ??_C@_0BC@GGEBGALA@operator?5co_await?$AA@ 10014e2c     libvcruntime:undname.obj
 0002:00000e40       ??_C@_0BC@DAFEJGAK@?5Type?5Descriptor?8?$AA@ 10014e40     libvcruntime:undname.obj
 0002:00000e54       ??_C@_0BM@LDKODKLH@?5Base?5Class?5Descriptor?5at?5?$CI?$AA@ 10014e54     libvcruntime:undname.obj
 0002:00000e70       ??_C@_0BD@LGICGFMM@?5Base?5Class?5Array?8?$AA@ 10014e70     libvcruntime:undname.obj
 0002:00000e84       ??_C@_0BN@MECKDCOJ@?5Class?5Hierarchy?5Descriptor?8?$AA@ 10014e84     libvcruntime:undname.obj
 0002:00000ea4       ??_C@_0BK@CFCOFLF@?5Complete?5Object?5Locator?8?$AA@ 10014ea4     libvcruntime:undname.obj
 0002:00000ecc       ??_C@_1DM@KHCHBNEB@?$AAa?$AAp?$AAi?$AA?9?$AAm?$AAs?$AA?9?$AAw?$AAi?$AAn?$AA?9?$AAc?$AAo?$AAr?$AAe?$AA?9?$AAf?$AAi?$AAb?$AAe?$AAr?$AAs?$AA?9?$AAl?$AA1?$AA?9?$AA1?$AA?9?$AA1?$AA?$AA@ 10014ecc     libvcruntime:winapi_downlevel.obj
 0002:00000f08       ??_C@_1DK@LPPGFMPP@?$AAa?$AAp?$AAi?$AA?9?$AAm?$AAs?$AA?9?$AAw?$AAi?$AAn?$AA?9?$AAc?$AAo?$AAr?$AAe?$AA?9?$AAs?$AAy?$AAn?$AAc?$AAh?$AA?9?$AAl?$AA1?$AA?9?$AA2?$AA?9?$AA0?$AA?$AA@ 10014f08     libvcruntime:winapi_downlevel.obj
 0002:00000f44       ??_C@_1BC@GDMECMAK@?$AAk?$AAe?$AAr?$AAn?$AAe?$AAl?$AA3?$AA2?$AA?$AA@ 10014f44     libvcruntime:winapi_downlevel.obj
 0002:00000f58       ??_C@_1BA@PFFKHIOG@?$AAa?$AAp?$AAi?$AA?9?$AAm?$AAs?$AA?9?$AA?$AA@ 10014f58     libvcruntime:winapi_downlevel.obj
 0002:00000f68       ??_C@_1BA@IAIFMGEF@?$AAe?$AAx?$AAt?$AA?9?$AAm?$AAs?$AA?9?$AA?$AA@ 10014f68     libvcruntime:winapi_downlevel.obj
[...]
 0001:000102c8       ___get_abstract_control_sse2 100112c8 f   libucrt:_fenvutils.obj
 0001:00010345       ___get_abstract_control_x87 10011345 f   libucrt:_fenvutils.obj
 0001:000103b8       ___get_machine_control     100113b8 f   libucrt:_fenvutils.obj
 0001:00010429       ___get_machine_control_sse2 10011429 f   libucrt:_fenvutils.obj
 0001:000104a9       ___get_machine_status_sse2 100114a9 f   libucrt:_fenvutils.obj
 0001:0001050a       ___get_machine_status_x87  1001150a f   libucrt:_fenvutils.obj
 0001:00010850       $$000000                   10011850     libucrt:log10_pentium4.obj
 0001:00010ae0       $$000000                   10011ae0     libucrt:87tran.obj
 0001:00010ce0       $$000000                   10011ce0     libucrt:87disp.obj
 0001:00010ee0       $$000000                   10011ee0     libucrt:common.obj
 0001:00011070       $$000000                   10012070     libucrt:genexcep.obj
 0001:000115e0       $$000000                   100125e0     libucrt:_strnicm.obj
 0001:00012400       $$000000                   10013400     LIBCMT:ulldvrm.obj
 0001:000124a0       $$000000                   100134a0     LIBCMT:llmul.obj
 0001:000124e0       $$000000                   100134e0     LIBCMT:_sehprolg4gs_.obj
 0001:00012540       $$000000                   10013540     LIBCMT:lldvrm.obj
 0001:00012620       $$000000                   10013620     LIBCMT:ullshr.obj
 0001:00012640       $$000000                   10013640     LIBCMT:alloca16.obj
 0001:00012670       $$000000                   10013670     LIBCMT:llshl.obj
 0001:00012690       $$000000                   10013690     LIBCMT:_ftol2_.obj
 0001:00012750       $$000000                   10013750     libvcruntime:strrchr.obj
 0001:00012890       $$000000                   10013890     libvcruntime:strchr.obj
 0002:0000073c       _GS_ExceptionPointers      1001473c     LIBCMT:gs_report.obj
 0002:00000748       ?tokenTable@@3QBQBDB       10014748     libvcruntime:undname.obj
 0002:00000780       ?nameTable@@3QBQBDB        10014780     libvcruntime:undname.obj
 0002:000008c8       ?rttiTable@@3QBQBDB        100148c8     libvcruntime:undname.obj
 0002:00000ec0       ?module_names@?A0x5c10d368@@3QBQB_WB 10014ec0     libvcruntime:winapi_downlevel.obj
 0002:00000f78       ?candidate_modules@?1??try_get_FlsAlloc@@YAP6GKP6GXPAX@Z@ZXZ@4QBW4module_id@?A0x5c10d368@@B 10014f78     libvcruntime:winapi_downlevel.obj
 0002:00000f8c       ?candidate_modules@?1??try_get_FlsFree@@YAP6GHK@ZXZ@4QBW4module_id@?A0x5c10d368@@B 10014f8c     libvcruntime:winapi_downlevel.obj
 0002:00000f9c       ?candidate_modules@?1??try_get_FlsGetValue@@YAP6GPAXK@ZXZ@4QBW4module_id@?A0x5c10d368@@B 10014f9c     libvcruntime:winapi_downlevel.obj
 0002:00000fb0       ?candidate_modules@?1??try_get_FlsSetValue@@YAP6GHKPAX@ZXZ@4QBW4module_id@?A0x5c10d368@@B 10014fb0     libvcruntime:winapi_downlevel.obj
 0002:00000fc4       ?candidate_modules@?1??try_get_InitializeCriticalSectionEx@@YAP6GHPAU_RTL_CRITICAL_SECTION@@KK@ZXZ@4QBW4module_id@?A0x5c10d368@@B 10014fc4     libvcruntime:winapi_downlevel.obj
 0002:00001130       ___acrt_initializers       10015130     libucrt:initialization.obj
 0002:000011a8       _errtable                  100151a8     libucrt:errno.obj
 0002:00002028       _module_names              10016028     libucrt:winapi_thunks.obj
 0002:000024dc       ?candidate_modules@?1??try_get_FlsAlloc@@YAP6GKP6GXPAX@Z@ZXZ@4QBW4module_id@?A0x352e5c4b@@B 100164dc     libucrt:winapi_thunks.obj
 0002:000024e4       ?candidate_modules@?1??try_get_FlsFree@@YAP6GHK@ZXZ@4QBW4module_id@?A0x352e5c4b@@B 100164e4     libucrt:winapi_thunks.obj
 0002:000024ec       ?candidate_modules@?1??try_get_FlsGetValue@@YAP6GPAXK@ZXZ@4QBW4module_id@?A0x352e5c4b@@B 100164ec     libucrt:winapi_thunks.obj
 0002:000024f4       ?candidate_modules@?1??try_get_FlsSetValue@@YAP6GHKPAX@ZXZ@4QBW4module_id@?A0x352e5c4b@@B 100164f4     libucrt:winapi_thunks.obj
 0002:000024fc       ?candidate_modules@?1??try_get_GetCurrentPackageId@@YAP6GJPAIPAE@ZXZ@4QBW4module_id@?A0x352e5c4b@@B 100164fc     libucrt:winapi_thunks.obj
 0002:00002518       ?candidate_modules@?1??try_get_InitializeCriticalSectionEx@@YAP6GHPAU_RTL_CRITICAL_SECTION@@KK@ZXZ@4QBW4module_id@?A0x352e5c4b@@B 10016518     libucrt:winapi_thunks.obj
 0002:00002520       ?candidate_modules@?1??try_get_LCMapStringEx@@YAP6GHPB_WK0HPA_WHPAU_nlsversioninfo@@PAXJ@ZXZ@4QBW4module_id@?A0x352e5c4b@@B 10016520     libucrt:winapi_thunks.obj
 0002:00002538       ?candidate_modules@?1??try_get_LocaleNameToLCID@@YAP6GKPB_WK@ZXZ@4QBW4module_id@?A0x352e5c4b@@B 10016538     libucrt:winapi_thunks.obj
 0002:00002554       __mb_locale_names          10016554     libucrt:mbctype.obj
 0002:00002f88       _LcidToLocaleNameTable     10016f88     libucrt:lcidtoname_downlevel.obj
 0002:000040a8       _LocaleNameToIndexTable    100180a8     libucrt:lcidtoname_downlevel.obj
 0002:00005000       LOG_name                   10019000     libucrt:log10.obj
 0002:00005010       _One                       10019010     libucrt:ceil_pentium4.obj
 0002:00005020       _Bns                       10019020     libucrt:ceil_pentium4.obj
 0002:00005030       _Zero                      10019030     libucrt:ceil_pentium4.obj
 0002:00005040       _S                         10019040     libucrt:ceil_pentium4.obj
 0002:00005050       _NegZero                   10019050     libucrt:ceil_pentium4.obj
 0002:00005060       emask                      10019060     libucrt:log10_pentium4.obj
 0002:00005070       CC                         10019070     libucrt:log10_pentium4.obj
 0002:00005080       Magic                      10019080     libucrt:log10_pentium4.obj
 0002:00005090       hi_mask                    10019090     libucrt:log10_pentium4.obj
 0002:000050a0       LOG10_2                    100190a0     libucrt:log10_pentium4.obj
 0002:000050b0       place_L                    100190b0     libucrt:log10_pentium4.obj
 0002:000050d0       One                        100190d0     libucrt:log10_pentium4.obj
 0002:000050e0       Zero                       100190e0     libucrt:log10_pentium4.obj
 0002:000050f0       Two52                      100190f0     libucrt:log10_pentium4.obj
 0002:00005100       Infs                       10019100     libucrt:log10_pentium4.obj
 0002:00005110       NaN                        10019110     libucrt:log10_pentium4.obj
 0002:00005120       coeff                      10019120     libucrt:log10_pentium4.obj
 0002:0000517e       _log2max                   1001917e     libucrt:87tran.obj
 0002:00005188       _smallarg                  10019188     libucrt:87tran.obj
 0002:00005192       _half                      10019192     libucrt:87tran.obj
 0002:000051de       One                        100191de     libucrt:87disp.obj
 0002:000051e6       Three                      100191e6     libucrt:87disp.obj
 0002:000051ee       XAMtoTagTab                100191ee     libucrt:87disp.obj
 0002:00005200       One                        10019200     libucrt:common.obj
 0002:00005214       DblMax                     10019214     libucrt:common.obj
 0002:0000521c       DblMin                     1001921c     libucrt:common.obj
 0002:00005224       IeeeAdjO                   10019224     libucrt:common.obj
 0002:0000522c       IeeeAdjU                   1001922c     libucrt:common.obj
 0002:00005234       _infinity                  10019234     libucrt:common.obj
 0002:0000523c       _zero                      1001923c     libucrt:common.obj
 0002:00005278       _over                      10019278     libucrt:fpctrl.obj
 0002:00005284       _under                     10019284     libucrt:fpctrl.obj
 0002:00005b48       ?_names@?1??_get_fname@@9@9 10019b48     libucrt:fpexcept.obj
 0002:00006068       __sehtable$?dllmain_crt_process_attach@@YAHQAUHINSTANCE__@@QAX@Z 1001a068     LIBCMT:dll_dllmain.obj
 0002:00006088       __sehtable$?dllmain_crt_process_detach@@YAH_N@Z 1001a088     LIBCMT:dll_dllmain.obj
 0002:000060a8       __sehtable$?dllmain_dispatch@@YAHQAUHINSTANCE__@@KQAX@Z 1001a0a8     LIBCMT:dll_dllmain.obj
 0002:000060c8       __sehtable$___scrt_is_nonwritable_in_current_image 1001a0c8     LIBCMT:utility.obj
 0002:000060e8       __sehtable$___DestructExceptionObject 1001a0e8     libvcruntime:ehhelpers.obj
 0002:00006108       __sehtable$?common_exit@@YAXHW4_crt_exit_cleanup_mode@@W4_crt_exit_return_mode@@@Z 1001a108     libucrt:exit.obj
 0002:00006130       __sehtable$??$?RV<lambda_995298e7d72eb4c2aab26c0585b3abe5>@@AAV<lambda_275893d493268fdec8709772e3fcec0e>@@V<lambda_293819299cbf9a7022e18b56a874bb5c>@@@?$__crt_seh_guarded_call@H@@QAEH$$QAV<lambda_995298e7d72eb4c2aab26c0585b3abe5>@@AAV<lambda_275893d493268fdec8709772e3fcec0e>@@$$QAV<lambda_293819299cbf9a7022e18b56a874bb5c>@@@Z 1001a130     libucrt:onexit.obj
 0002:00006150       __sehtable$_terminate      1001a150     libucrt:terminate.obj
 0002:00006170       __sehtable$??$?RV<lambda_9df27f884b057bc3edfc946cb5b7cf47>@@AAV<lambda_e69574bed617af4e071282c136b37893>@@V<lambda_cc0d902bcbbeb830f749456577db4721>@@@?$__crt_seh_guarded_call@X@@QAEX$$QAV<lambda_9df27f884b057bc3edfc946cb5b7cf47>@@AAV<lambda_e69574bed617af4e071282c136b37893>@@$$QAV<lambda_cc0d902bcbbeb830f749456577db4721>@@@Z 1001a170     libucrt:per_thread_data.obj
 0002:00006190       __sehtable$??$?RV<lambda_3518db117f0e7cdb002338c5d3c47b6c>@@AAV<lambda_b2ea41f6bbb362cd97d94c6828d90b61>@@V<lambda_abdedf541bb04549bc734292b4a045d4>@@@?$__crt_seh_guarded_call@X@@QAEX$$QAV<lambda_3518db117f0e7cdb002338c5d3c47b6c>@@AAV<lambda_b2ea41f6bbb362cd97d94c6828d90b61>@@$$QAV<lambda_abdedf541bb04549bc734292b4a045d4>@@@Z 1001a190     libucrt:per_thread_data.obj
 0002:000061b0       __sehtable$??$?RV<lambda_51b6e8b1eb166f2a3faf91f424b38130>@@AAV<lambda_6250bd4b2a391816dd638c3bf72b0bcb>@@V<lambda_0b5a4a3e68152e1d9b943535f5f47bed>@@@?$__crt_seh_guarded_call@X@@QAEX$$QAV<lambda_51b6e8b1eb166f2a3faf91f424b38130>@@AAV<lambda_6250bd4b2a391816dd638c3bf72b0bcb>@@$$QAV<lambda_0b5a4a3e68152e1d9b943535f5f47bed>@@@Z 1001a1b0     libucrt:per_thread_data.obj
 0002:000061d0       __sehtable$??$?RV<lambda_5b71d36f03204c0beab531769a5b5694>@@AAV<lambda_be2b3da3f62db62e9dad5dc70221a656>@@V<lambda_8f9ce462984622f9bf76b59e2aaaf805>@@@?$__crt_seh_guarded_call@X@@QAEX$$QAV<lambda_5b71d36f03204c0beab531769a5b5694>@@AAV<lambda_be2b3da3f62db62e9dad5dc70221a656>@@$$QAV<lambda_8f9ce462984622f9bf76b59e2aaaf805>@@@Z 1001a1d0     libucrt:per_thread_data.obj
 0002:000061f0       __sehtable$___acrt_uninitialize_locale 1001a1f0     libucrt:wsetlocale.obj
 0002:00006210       __sehtable$___acrt_initialize_lowio 1001a210     libucrt:ioinit.obj
 0002:00006230       __sehtable$___acrt_update_thread_multibyte_data 1001a230     libucrt:mbctype.obj
 0002:00006250       __sehtable$??$?RV<lambda_978dc153c237d78434369da87b74ff60>@@AAV<lambda_ad1ced32f4ac17aa236e5ef05d6b3b7c>@@V<lambda_4a8533e2866a575feecb8298ce776b0d>@@@?$__crt_seh_guarded_call@X@@QAEX$$QAV<lambda_978dc153c237d78434369da87b74ff60>@@AAV<lambda_ad1ced32f4ac17aa236e5ef05d6b3b7c>@@$$QAV<lambda_4a8533e2866a575feecb8298ce776b0d>@@@Z 1001a250     libucrt:mbctype.obj
 0002:00006270       __sehtable$__query_new_handler 1001a270     libucrt:new_handler.obj
 0002:00006290       __sehtable$_raise          1001a290     libucrt:signal.obj
 0002:000062b0       __sehtable$??$?RV<lambda_a048d3beccc847880fc8490e18b82769>@@AAV<lambda_ec61778202f4f5fc7e7711acc23c3bca>@@V<lambda_f7496a158712204296dd6628a163878e>@@@?$__crt_seh_guarded_call@P6AXH@Z@@QAEP6AXH@Z$$QAV<lambda_a048d3beccc847880fc8490e18b82769>@@AAV<lambda_ec61778202f4f5fc7e7711acc23c3bca>@@$$QAV<lambda_f7496a158712204296dd6628a163878e>@@@Z 1001a2b0     libucrt:signal.obj
 0002:000062d0       __sehtable$___acrt_update_thread_locale_data 1001a2d0     libucrt:locale_refcounting.obj
 0002:000062f0       __sehtable$__fcloseall     1001a2f0     libucrt:closeall.obj
 0002:00006310       __sehtable$_common_flush_all 1001a310     libucrt:fflush.obj
 0002:00006338       __sehtable$___acrt_lowio_ensure_fh_exists 1001a338     libucrt:osfinfo.obj
 0002:00006358       __sehtable$__write         1001a358     libucrt:write.obj
 0002:00006378       __sehtable$_fclose         1001a378     libucrt:fclose.obj
 0002:00006398       __sehtable$??$?RV<lambda_61cee617f5178ae960314fd4d05640a0>@@AAV<lambda_6978c1fb23f02e42e1d9e99668cc68aa>@@V<lambda_9cd88cf8ad10232537feb2133f08c833>@@@?$__crt_seh_guarded_call@H@@QAEH$$QAV<lambda_61cee617f5178ae960314fd4d05640a0>@@AAV<lambda_6978c1fb23f02e42e1d9e99668cc68aa>@@$$QAV<lambda_9cd88cf8ad10232537feb2133f08c833>@@@Z 1001a398     libucrt:commit.obj
 0002:000063b8       __sehtable$??$?RV<lambda_123407a5e2ac06da108355a851863b7a>@@AAV<lambda_2fe9b910cf3cbf4a0ab98a02ba45b3ec>@@V<lambda_ae55bdf541ad94d75914d381c370e64d>@@@?$__crt_seh_guarded_call@H@@QAEH$$QAV<lambda_123407a5e2ac06da108355a851863b7a>@@AAV<lambda_2fe9b910cf3cbf4a0ab98a02ba45b3ec>@@$$QAV<lambda_ae55bdf541ad94d75914d381c370e64d>@@@Z 1001a3b8     libucrt:close.obj
 0002:000063d8       __sehtable$__IsNonwritableInCurrentImage 1001a3d8     LIBCMT:pesect.obj
 0002:00006400       .edata                     1001a400     ConEmuLn.exp
 0002:00006428       rgpv                       1001a428     ConEmuLn.exp
 0002:00006464       rgszName                   1001a464     ConEmuLn.exp
 0002:000064a0       rgwOrd                     1001a4a0     ConEmuLn.exp
 0002:000064be       szName                     1001a4be     ConEmuLn.exp
 0002:000064cb       $N00001                    1001a4cb     ConEmuLn.exp
 0002:000064da       $N00002                    1001a4da     ConEmuLn.exp
 0002:000064e9       $N00003                    1001a4e9     ConEmuLn.exp
 0002:000064ef       $N00004                    1001a4ef     ConEmuLn.exp
 0002:000064f9       $N00005                    1001a4f9     ConEmuLn.exp
 0002:00006504       $N00006                    1001a504     ConEmuLn.exp
 0002:0000650c       $N00007                    1001a50c     ConEmuLn.exp
 0002:00006515       $N00008                    1001a515     ConEmuLn.exp
 0002:00006524       $N00009                    1001a524     ConEmuLn.exp
 0002:00006535       $N00010                    1001a535     ConEmuLn.exp
 0002:00006547       $N00011                    1001a547     ConEmuLn.exp
 0002:00006555       $N00012                    1001a555     ConEmuLn.exp
 0002:00006560       $N00013                    1001a560     ConEmuLn.exp
 0002:0000656c       $N00014                    1001a56c     ConEmuLn.exp
 0002:0000657b       $N00015                    1001a57b     ConEmuLn.exp
 0002:000067ca       .idata$6                   1001a7ca     version:VERSION.dll
 0002:0000686c       .idata$6                   1001a86c     kernel32:KERNEL32.dll
 0002:0000689e       .idata$6                   1001a89e     user32:USER32.dll
 0002:00006900       .idata$6                   1001a900     gdi32:GDI32.dll
 0002:00006960       .idata$6                   1001a960     advapi32:ADVAPI32.dll
 0003:00000150       ?__vcrt_flsindex@@3KA      1001b150     libvcruntime:per_thread_data.obj
 0003:00000174       _errno_no_memory           1001b174     libucrt:errno.obj
 0003:00000178       _doserrno_no_memory        1001b178     libucrt:errno.obj
 0003:00000180       ___acrt_flsindex           1001b180     libucrt:per_thread_data.obj
 0003:000002f8       ___rgctypeflag             1001b2f8     libucrt:mbctype.obj
 0003:00000300       ___rgcode_page_info        1001b300     libucrt:mbctype.obj
 0003:000008cc       ?gfRegisterBackground@@3P6GHPAURegisterBackgroundArg@@@ZA 1001b8cc     ConEmuLn.obj
 0003:000008d0       ?bWasRegistered@?1??StartPlugin@@YAXH@Z@4_NA 1001b8d0     ConEmuLn.obj
 0003:000008dc       ?szMenu@?1??GetPluginInfoW1900@@YAXPAX@Z@4PAPA_WA 1001b8dc     ConEmuLn1900.obj
 0003:000008e0       ?szMenu1@?1??GetPluginInfoW1900@@YAXPAX@Z@4PA_WA 1001b8e0     ConEmuLn1900.obj
 0003:00000ae8       ?szMenu@?1??GetPluginInfoW2800@@YAXPAX@Z@4PAPA_WA 1001bae8     ConEmuLn2800.obj
 0003:00000af0       ?szMenu1@?1??GetPluginInfoW2800@@YAXPAX@Z@4PA_WA 1001baf0     ConEmuLn2800.obj
 0003:00000cf8       ?gszRootKeyW995@@3PA_WA    1001bcf8     ConEmuLn995.obj
 0003:00000cfc       ?szMenu@?1??GetPluginInfoW995@@YAXPAX@Z@4PAPA_WA 1001bcfc     ConEmuLn995.obj
 0003:00000d00       ?szMenu1@?1??GetPluginInfoW995@@YAXPAX@Z@4PA_WA 1001bd00     ConEmuLn995.obj
 0003:00000f08       ?gszRootKeyA@@3PA_WA       1001bf08     ConEmuLnA.obj
 0003:00000f0c       ?szMenu@?1??GetPluginInfo@@9@4@4PAPADA 1001bf0c     ConEmuLnA.obj
 0003:00000f10       ?szMenu1@?1??GetPluginInfo@@9@4@4PADA 1001bf10     ConEmuLnA.obj
 0003:00001020       ?__proc_attached@@3HA      1001c020     LIBCMT:dll_dllmain.obj
 0003:00001028       _GS_ExceptionRecord        1001c028     LIBCMT:gs_report.obj
 0003:00001078       _GS_ContextRecord          1001c078     LIBCMT:gs_report.obj
 0003:00001360       ?module_local_atexit_table@@3U_onexit_table_t@@A 1001c360     LIBCMT:utility.obj
 0003:0000136c       ?module_local_at_quick_exit_table@@3U_onexit_table_t@@A 1001c36c     LIBCMT:utility.obj
 0003:00001378       ?module_local_atexit_table_initialized@@3_NA 1001c378     LIBCMT:utility.obj
 0003:00001379       ?is_initialized_as_dll@@3_NA 1001c379     LIBCMT:utility.obj
 0003:000013b0       ?heap@@3V_HeapManager@@A   1001c3b0     libvcruntime:undname.obj
 0003:000013c4       ?__vcrt_startup_thread_ptd@@3U__vcrt_ptd@@A 1001c3c4     libvcruntime:per_thread_data.obj
 0003:000013ec       ___vcrt_lock_table         1001c3ec     libvcruntime:locks.obj
 0003:00001404       ___vcrt_locks_initialized  1001c404     libvcruntime:locks.obj
 0003:00001408       ?module_handles@@3PAPAUHINSTANCE__@@A 1001c408     libvcruntime:winapi_downlevel.obj
 0003:00001414       ?encoded_function_pointers@@3PAPAXA 1001c414     libvcruntime:winapi_downlevel.obj
 0003:00001430       _c_termination_complete    1001c430     libucrt:exit.obj
 0003:00001434       _thread_local_exit_callback_func 1001c434     libucrt:exit.obj
 0003:00001438       ?c_exit_complete@?5??common_exit@@YAXHW4_crt_exit_cleanup_mode@@W4_crt_exit_return_mode@@@Z@4_NA 1001c438     libucrt:exit.obj
 0003:00001440       ?program_name@?5???$common_configure_argv@D@@YAHW4_crt_argv_mode@@@Z@4PADA 1001c440     libucrt:argv_parsing.obj
 0003:00001570       ___acrt_invalid_parameter_handler 1001c570     libucrt:invalid_parameter.obj
 0003:00001584       _enable_percent_n          1001c584     libucrt:printf_count_output.obj
 0003:00001798       ___acrt_lock_table         1001c798     libucrt:locks.obj
 0003:000018d0       ___acrt_locks_initialized  1001c8d0     libucrt:locks.obj
 0003:000018d8       _module_handles            1001c8d8     libucrt:winapi_thunks.obj
 0003:00001928       _encoded_function_pointers 1001c928     libucrt:winapi_thunks.obj
 0003:000019a8       ?state_cache@?1??__acrt_is_packaged_app@@9@4JA 1001c9a8     libucrt:winapi_thunks.obj
 0003:000019c4       _fSystemSet                1001c9c4     libucrt:mbctype.obj
 0003:000019c8       ?initialized@?1??__acrt_initialize_multibyte@@9@4_NA 1001c9c8     libucrt:mbctype.obj
 0003:000019e8       ___acrt_new_handler        1001c9e8     libucrt:new_handler.obj
 0003:000019ec       _ctrlc_action              1001c9ec     libucrt:signal.obj
 0003:000019f0       _ctrlbreak_action          1001c9f0     libucrt:signal.obj
 0003:000019f4       _abort_action              1001c9f4     libucrt:signal.obj
 0003:000019f8       _term_action               1001c9f8     libucrt:signal.obj
 0003:000019fc       _user_matherr              1001c9fc     libucrt:matherr.obj
 0003:00001a00       ___acrt_global_new_mode    1001ca00     libucrt:new_mode.obj
 0003:00001a0c       ___acrt_app_type           1001ca0c     libucrt:report_runtime_error.obj
 0003:00001a14       __pmatherr_set             1001ca14     libucrt:libm_error.obj
 0004:000000a0       $R000000                   1001d0a0     ConEmuLn.res
 0004:000003b8       $R000318                   1001d3b8     ConEmuLn.res
