 ConEmuTh

 Timestamp is 5af011d5 (Mon May  7 11:44:05 2018)

 Preferred load address is 10000000

 Start         Length     Name                   Class
 0001:00000000 0002309dH .text$mn                CODE
 0001:0002309d 00000219H .text$x                 CODE
 0002:00000000 00000324H .idata$5                DATA
 0002:00000324 00000004H .00cfg                  DATA
 0002:00000328 00000004H .CRT$XCA                DATA
 0002:0000032c 00000004H .CRT$XCZ                DATA
 0002:00000330 00000004H .CRT$XIA                DATA
 0002:00000334 0000000cH .CRT$XIC                DATA
 0002:00000340 00000004H .CRT$XIZ                DATA
 0002:00000344 00000004H .CRT$XPA                DATA
 0002:00000348 00000008H .CRT$XPX                DATA
 0002:00000350 00000004H .CRT$XPXA               DATA
 0002:00000354 00000004H .CRT$XPZ                DATA
 0002:00000358 00000004H .CRT$XTA                DATA
 0002:0000035c 00000004H .CRT$XTZ                DATA
 0002:00000360 00000000H .gfids$x                DATA
 0002:00000360 00000000H .gfids$y                DATA
 0002:00000360 00006aa8H .rdata                  DATA
 0002:00006e08 00000208H .rdata$r                DATA
 0002:00007010 00000048H .rdata$sxdata           DATA
 0002:00007058 0000030cH .rdata$zzzdbg           DATA
 0002:00007364 00000004H .rtc$IAA                DATA
 0002:00007368 00000004H .rtc$IZZ                DATA
 0002:0000736c 00000004H .rtc$TAA                DATA
 0002:00007370 00000008H .rtc$TZZ                DATA
 0002:00007378 000006f8H .xdata$x                DATA
 0002:00007a70 00000168H .edata                  DATA
 0002:00007bd8 0000008cH .idata$2                DATA
 0002:00007c64 00000014H .idata$3                DATA
 0002:00007c78 00000324H .idata$4                DATA
 0002:00007f9c 00000db6H .idata$6                DATA
 0003:00000000 00000800H .data                   DATA
 0003:00000800 00000138H .data$r                 DATA
 0003:00000938 00029820H .bss                    DATA
 0004:00000000 00000130H .rsrc$01                DATA
 0004:00000130 00001558H .rsrc$02                DATA

  Address         Publics by Value              Rva+Base       Lib:Object

 0000:00000000       __except_list              00000000     <absolute>
 0000:00000000       ___enclave_config          00000000     <absolute>
 0000:00000000       ___guard_longjmp_count     00000000     <absolute>
 0000:00000000       ___guard_fids_count        00000000     <absolute>
 0000:00000000       ___guard_longjmp_table     00000000     <absolute>
 0000:00000000       ___guard_iat_table         00000000     <absolute>
 0000:00000000       ___guard_iat_count         00000000     <absolute>
 0000:00000000       ___hybrid_code_map         00000000     <absolute>
 0000:00000000       ___hybrid_auxiliary_iat    00000000     <absolute>
 0000:00000000       ___guard_fids_table        00000000     <absolute>
 0000:00000000       ___dynamic_value_reloc_table 00000000     <absolute>
 0000:00000000       ___hybrid_code_map_count   00000000     <absolute>
 0000:00000012       ___safe_se_handler_count   00000012     <absolute>
 0000:00000100       ___guard_flags             00000100     <absolute>
 0000:00000000       ___ImageBase               10000000     <linker-defined>
 0001:00000000       _ExitFARW@0                10001000 f   ConEmuTh.obj
 0001:00000025       _ProcessSynchroEventW@8    10001025 f   ConEmuTh.obj
 0001:00000039       ?ExitFARW3@@YGXPAX@Z       10001039 f   ConEmuTh.obj
 0001:00000067       ??$swprintf_c@$0CAA@@@YAHAAY0CAA@_WPB_WZZ 10001067 f i ConEmuTh.obj
 0001:00000080       ??0?$MFileMapping@Utag_DetectedDialog@@@@QAE@XZ 10001080 f i ConEmuTh.obj
 0001:00000080       ??0?$MFileMapping@UPanelViewSetMapping@@@@QAE@XZ 10001080 f i ConEmuTh.obj
 0001:000000a4       ??1?$MFileMapping@UPanelViewSetMapping@@@@QAE@XZ 100010a4 f i ConEmuTh.obj
 0001:000000ae       ??_G?$MFileMapping@Utag_DetectedDialog@@@@QAEPAXI@Z 100010ae f i ConEmuTh.obj
 0001:0000020f       ?CheckConEmu@@YAHH@Z       1000120f f   ConEmuTh.obj
 0001:000002f1       ?CheckPanelSettings@@YAHH@Z 100012f1 f   ConEmuTh.obj
 0001:00000330       ?CheckVarsInitialized@@YAXXZ 10001330 f   ConEmuTh.obj
 0001:00000469       ?CheckWindows@@YA_NXZ      10001469 f   ConEmuTh.obj
 0001:0000050d       ?CloseMap@?$MFileMapping@Utag_DetectedDialog@@@@QAEXXZ 1000150d f i ConEmuTh.obj
 0001:0000050d       ?CloseMap@?$MFileMapping@UPanelViewSetMapping@@@@QAEXXZ 1000150d f i ConEmuTh.obj
 0001:00000540       ?ClosePtr@?$MFileMapping@UPanelViewSetMapping@@@@QAEXXZ 10001540 f i ConEmuTh.obj
 0001:00000540       ?ClosePtr@?$MFileMapping@Utag_DetectedDialog@@@@QAEXXZ 10001540 f i ConEmuTh.obj
 0001:00000558       ?EntryPoint@@YAXHH_N@Z     10001558 f   ConEmuTh.obj
 0001:000006d7       ?ExecuteInMainThread@@YAXPAUConEmuThSynchroArg@@@Z 100016d7 f   ConEmuTh.obj
 0001:0000074b       ?ExitPlugin@@YAXXZ         1000174b f   ConEmuTh.obj
 0001:00000851       ?FreeItem@CePluginPanelItem@@QAEXXZ 10001851 f   ConEmuTh.obj
 0001:00000866       ?FreeUserData@CePluginPanelItem@@QAEXXZ 10001866 f   ConEmuTh.obj
 0001:000008ae       ?GetActivePanel@@YAPAUCeFullPanelInfo@@XZ 100018ae f   ConEmuTh.obj
 0001:000008f3       ?GetFarRect@@YAHPAU_SMALL_RECT@@@Z 100018f3 f   ConEmuTh.obj
 0001:00000956       ?GetFocusedThumbnails@@YAPAUCeFullPanelInfo@@XZ 10001956 f   ConEmuTh.obj
 0001:000009a6       ?GetMainThreadId@@YAKXZ    100019a6 f   ConEmuTh.obj
 0001:00000a33       ?GetMsgW@@YAPB_WH@Z        10001a33 f   ConEmuTh.obj
 0001:00000a73       ?GetPluginInfoWcmn@@YGXPAX@Z 10001a73 f   ConEmuTh.obj
 0001:00000aa4       ?InitName@?$MFileMapping@UPanelViewSetMapping@@@@QAEPB_WPB_WKK@Z 10001aa4 f i ConEmuTh.obj
 0001:00000aa4       ?InitName@?$MFileMapping@Utag_DetectedDialog@@@@QAEPB_WPB_WKK@Z 10001aa4 f i ConEmuTh.obj
 0001:00000ad5       ?InternalOpenCreate@?$MFileMapping@UPanelViewSetMapping@@@@IAEPAUPanelViewSetMapping@@HHH@Z 10001ad5 f i ConEmuTh.obj
 0001:00000bef       ?InternalOpenCreate@?$MFileMapping@Utag_DetectedDialog@@@@IAEPAUtag_DetectedDialog@@HHH@Z 10001bef f i ConEmuTh.obj
 0001:00000d09       ?IsThumbnailsActive@@YAPAUCeFullPanelInfo@@H@Z 10001d09 f   ConEmuTh.obj
 0001:00000ee9       ?LoadFarVersion@@YAHXZ     10001ee9 f   ConEmuTh.obj
 0001:0000122d       ?LoadPanelItemInfo@@YAXPAUCeFullPanelInfo@@H@Z 1000222d f   ConEmuTh.obj
 0001:0000126c       ?LoadThSet@@YAHK@Z         1000226c f   ConEmuTh.obj
 0001:000013f3       ?OnPostPeekConsole@@YGHPAXPAU_INPUT_RECORD@@KPAKPAH@Z 100023f3 f   ConEmuTh.obj
 0001:0000143d       ?OnPostReadConsole@@YGHPAXPAU_INPUT_RECORD@@KPAKPAH@Z 1000243d f   ConEmuTh.obj
 0001:0000147f       ?OnPrePeekConsole@@YGHPAXPAU_INPUT_RECORD@@KPAKPAH@Z 1000247f f   ConEmuTh.obj
 0001:0000152a       ?OnPreReadConsole@@YGHPAXPAU_INPUT_RECORD@@KPAKPAH@Z 1000252a f   ConEmuTh.obj
 0001:0000154a       ?OnPreWriteConsoleOutput@@YGHPAXPBU_CHAR_INFO@@U_COORD@@2PAU_SMALL_RECT@@@Z 1000254a f   ConEmuTh.obj
 0001:0000166f       ?OnReadyForPanelsReload@@YAXXZ 1000266f f   ConEmuTh.obj
 0001:00001792       ?OpenPluginWcmn@@YAPAXHH_N@Z 10002792 f   ConEmuTh.obj
 0001:000017d2       ?OpenW@@YGPAXPBUOpenInfo@@@Z 100027d2 f   ConEmuTh.obj
 0001:00001804       ?PostMacro@@YAXPA_W@Z      10002804 f   ConEmuTh.obj
 0001:00001944       ?ProcessConsoleInput@@YAHHPAU_INPUT_RECORD@@KPAK@Z 10002944 f   ConEmuTh.obj
 0001:00001c34       ?ProcessSynchroEventCommon@@YAHHPAX@Z 10002c34 f   ConEmuTh.obj
 0001:00001dbf       ?ReloadPanelsInfo@@YAXXZ   10002dbf f   ConEmuTh.obj
 0001:00001f32       ?ReloadResourcesW@@YAXXZ   10002f32 f   ConEmuTh.obj
 0001:00001f95       ?ResetUngetBuffer@@YAXXZ   10002f95 f   ConEmuTh.obj
 0001:00001fa4       ?SavePanelViewState@@YAXHK@Z 10002fa4 f   ConEmuTh.obj
 0001:00001fd8       ?SetFrom@?$MFileMapping@Utag_DetectedDialog@@@@QAE_NPBUtag_DetectedDialog@@H@Z 10002fd8 f i ConEmuTh.obj
 0001:00002024       ?SettingsLoad@@YAHPB_WPAK@Z 10003024 f   ConEmuTh.obj
 0001:00002063       ?SettingsLoadOther@@YAXPB_W@Z 10003063 f   ConEmuTh.obj
 0001:0000215d       ?SettingsLoadReg@@YAHPB_W0PAK@Z 1000315d f   ConEmuTh.obj
 0001:000021bf       ?SettingsSave@@YAXPB_WPAK@Z 100031bf f   ConEmuTh.obj
 0001:000021fe       ?SettingsSaveReg@@YAXPB_W0PAK@Z 100031fe f   ConEmuTh.obj
 0001:0000224a       ?ShowLastError@@YAHXZ      1000324a f   ConEmuTh.obj
 0001:000022d9       ?ShowMessage@@YAHHH@Z      100032d9 f   ConEmuTh.obj
 0001:00002318       ?ShowPluginMenu@@YAHXZ     10003318 f   ConEmuTh.obj
 0001:0000234d       ?StartPlugin@@YAXH@Z       1000334d f   ConEmuTh.obj
 0001:00002474       ?StringCchCatW@@YGJPA_WIPB_W@Z 10003474 f i ConEmuTh.obj
 0001:000024b4       ?StringCchCopyW@@YGJPA_WIPB_W@Z 100034b4 f i ConEmuTh.obj
 0001:000024e8       ?StringCchVPrintfW@@YGJPA_WIPB_WPAD@Z 100034e8 f i ConEmuTh.obj
 0001:00002621       ?UpdateEnvVar@@YAXH@Z      10003621 f   ConEmuTh.obj
 0001:00002642       ?isPreloadByDefault@@YA_NXZ 10003642 f   ConEmuTh.obj
 0001:0000266c       _DllMain@12                1000366c f   ConEmuTh.obj
 0001:0000272c       _GetMinFarVersionW@0       1000372c f   ConEmuTh.obj
 0001:00002732       _SetStartupInfoW@4         10003732 f   ConEmuTh.obj
 0001:0000278b       ___local_stdio_printf_options 1000378b f i ConEmuTh.obj
 0001:00002791       __vsnwprintf_l             10003791 f i ConEmuTh.obj
 0001:000027c3       ?CheckFarPanelsW1900@@YA_NXZ 100037c3 f   ConEmuTh1900.obj
 0001:00002804       ?CheckPanelSettingsW1900@@YAHH@Z 10003804 f   ConEmuTh1900.obj
 0001:0000289b       ?Color2BgIndex@Far3Color@@SAXKHAAGPBK@Z 1000389b f i ConEmuTh1900.obj
 0001:00002976       ?Color2FgIndex@Far3Color@@SAXKAAGPBK@Z 10003976 f i ConEmuTh1900.obj
 0001:00002a30       ?ExecuteInMainThreadW1900@@YAXPAUConEmuThSynchroArg@@@Z 10003a30 f   ConEmuTh1900.obj
 0001:00002a4d       ?ExitFARW1900@@YAXXZ       10003a4d f   ConEmuTh1900.obj
 0001:00002a7c       ?FarColor_3_2@@YAEABUFarColor@@_N@Z 10003a7c f i ConEmuTh1900.obj
 0001:00002b29       ?GetFarRectW1900@@YAXPAU_SMALL_RECT@@@Z 10003b29 f   ConEmuTh1900.obj
 0001:00002b9b       ?GetMsgW1900@@YAPB_WH@Z    10003b9b f   ConEmuTh1900.obj
 0001:00002bc1       ?GetPluginInfoW1900@@YAXPAX@Z 10003bc1 f   ConEmuTh1900.obj
 0001:00002c27       ?GetStdIndex@Far3Color@@SAHKPBK@Z 10003c27 f i ConEmuTh1900.obj
 0001:00002d5a       ?LoadPanelInfoW1900@@YAHH@Z 10003d5a f   ConEmuTh1900.obj
 0001:000031a9       ?LoadPanelItemInfoW1900@@YAXPAUCeFullPanelInfo@@H@Z 100041a9 f   ConEmuTh1900.obj
 0001:0000332b       ?OpenW1900@@YAPAXPBX@Z     1000432b f   ConEmuTh1900.obj
 0001:0000338d       ?PostMacroW1900@@YAXPA_W@Z 1000438d f   ConEmuTh1900.obj
 0001:00003407       ?ReloadPanelsInfoW1900@@YAXXZ 10004407 f   ConEmuTh1900.obj
 0001:00003421       ?SetCurrentPanelItemW1900@@YAXHHH@Z 10004421 f   ConEmuTh1900.obj
 0001:00003523       ?SetStartupInfoW1900@@YAXPAX@Z 10004523 f   ConEmuTh1900.obj
 0001:0000361a       ?LoadPanelItemInfoA@@YAXPAUCeFullPanelInfo@@H@Z 1000461a f   ConEmuThA.obj
 0001:0000361a       ?SettingsLoadOtherW2800@@YAXXZ 1000461a f   ConEmuTh2800.obj
 0001:0000361a       ?SettingsLoadOtherW1900@@YAXXZ 1000461a f   ConEmuTh1900.obj
 0001:0000361a       @_guard_check_icall_nop@4  1000461a f   LIBCMT:guard_support.obj
 0001:0000361a       ?OnThreadStopped@?$CQueueProcessor@PAUIMAGE_CACHE_INFO@@@@MAEXXZ 1000461a f   ImgCache.obj
 0001:0000361b       ?SettingsLoadW1900@@YAHPB_WPAK@Z 1000461b f   ConEmuTh1900.obj
 0001:000036c7       ?SettingsSaveW1900@@YAXPB_WPAK@Z 100046c7 f   ConEmuTh1900.obj
 0001:00003774       ?ShowMessageW1900@@YAHHH@Z 10004774 f   ConEmuTh1900.obj
 0001:000037a9       ?ShowMessageW1900@@YAHPB_WH@Z 100047a9 f   ConEmuTh1900.obj
 0001:00003815       ?ShowPluginMenuW1900@@YAHXZ 10004815 f   ConEmuTh1900.obj
 0001:000039dd       ??$swprintf_c@$0MI@@@YAHAAY0MI@_WPB_WZZ 100049dd f i ConEmuTh2800.obj
 0001:000039f6       ?CheckFarPanelsW2800@@YA_NXZ 100049f6 f   ConEmuTh2800.obj
 0001:00003a51       ?CheckPanelSettingsW2800@@YAHH@Z 10004a51 f   ConEmuTh2800.obj
 0001:00003ae8       ?ExecuteInMainThreadW2800@@YAXPAUConEmuThSynchroArg@@@Z 10004ae8 f   ConEmuTh2800.obj
 0001:00003b05       ?ExitFARW2800@@YAXXZ       10004b05 f   ConEmuTh2800.obj
 0001:00003b34       ?FreePanelItemUserData2800@@YAXPAXKP6GHXZ@Z 10004b34 f   ConEmuTh2800.obj
 0001:00003b64       ?GetFarRectW2800@@YAXPAU_SMALL_RECT@@@Z 10004b64 f   ConEmuTh2800.obj
 0001:00003bd9       ?GetMsgW2800@@YAPB_WH@Z    10004bd9 f   ConEmuTh2800.obj
 0001:00003bff       ?GetPluginInfoW2800@@YAXPAX@Z 10004bff f   ConEmuTh2800.obj
 0001:00003c65       ?IsFarLua@FarVersion@@QBE_NXZ 10004c65 f i ConEmuTh2800.obj
 0001:00003d87       ?LoadPanelInfoW2800@@YAHH@Z 10004d87 f   ConEmuTh2800.obj
 0001:000041d6       ?LoadPanelItemInfoW2800@@YAXPAUCeFullPanelInfo@@H@Z 100051d6 f   ConEmuTh2800.obj
 0001:000043b3       ?OpenW2800@@YAPAXPBX@Z     100053b3 f   ConEmuTh2800.obj
 0001:00004457       ?PostMacroW2800@@YAXPA_W@Z 10005457 f   ConEmuTh2800.obj
 0001:000044d3       ?ProcessSynchroEventW3@@YGHPAX@Z 100054d3 f   ConEmuTh2800.obj
 0001:000044ea       ?ReloadPanelsInfoW2800@@YAXXZ 100054ea f   ConEmuTh2800.obj
 0001:00004504       ?SetCurrentPanelItemW2800@@YAXHHH@Z 10005504 f   ConEmuTh2800.obj
 0001:000045ff       ?SetCurrentPanelItemW2800Int@@YAXHHH@Z 100055ff f   ConEmuTh2800.obj
 0001:000046f4       ?SetStartupInfoW2800@@YAXPAX@Z 100056f4 f   ConEmuTh2800.obj
 0001:000047eb       ?SettingsLoadW2800@@YAHPB_WPAK@Z 100057eb f   ConEmuTh2800.obj
 0001:00004890       ?SettingsSaveW2800@@YAXPB_WPAK@Z 10005890 f   ConEmuTh2800.obj
 0001:00004936       ?ShowMessageW2800@@YAHHH@Z 10005936 f   ConEmuTh2800.obj
 0001:0000496b       ?ShowMessageW2800@@YAHPB_WH@Z 1000596b f   ConEmuTh2800.obj
 0001:000049d7       ?ShowPluginMenuW2800@@YAHXZ 100059d7 f   ConEmuTh2800.obj
 0001:00004b9f       _GetGlobalInfoW@4          10005b9f f   ConEmuTh2800.obj
 0001:00004c34       ?CheckFarPanelsW995@@YA_NXZ 10005c34 f   ConEmuTh995.obj
 0001:00004c8d       ?CheckPanelSettingsW995@@YAHH@Z 10005c8d f   ConEmuTh995.obj
 0001:00004ceb       ?ExecuteInMainThreadW995@@YAXPAUConEmuThSynchroArg@@@Z 10005ceb f   ConEmuTh995.obj
 0001:00004d04       ?ExitFARW995@@YAXXZ        10005d04 f   ConEmuTh995.obj
 0001:00004d4a       ?GetFarRectW995@@YAXPAU_SMALL_RECT@@@Z 10005d4a f   ConEmuTh995.obj
 0001:00004d6f       ?GetMsgW995@@YAPB_WH@Z     10005d6f f   ConEmuTh995.obj
 0001:00004d93       ?GetPluginInfoW995@@YAXPAX@Z 10005d93 f   ConEmuTh995.obj
 0001:00004e26       ?LoadPanelInfo995@@YAHH@Z  10005e26 f   ConEmuTh995.obj
 0001:0000515b       ?LoadPanelItemInfoW995@@YAXPAUCeFullPanelInfo@@H@Z 1000615b f   ConEmuTh995.obj
 0001:00005270       ?PostMacroW995@@YAXPA_W@Z  10006270 f   ConEmuTh995.obj
 0001:000052da       ?ReloadPanelsInfoW995@@YAXXZ 100062da f   ConEmuTh995.obj
 0001:000052f4       ?SetCurrentPanelItemW995@@YAXHHH@Z 100062f4 f   ConEmuTh995.obj
 0001:000053ca       ?SetStartupInfoW995@@YAXPAX@Z 100063ca f   ConEmuTh995.obj
 0001:00005509       ?SettingsLoadOtherW995@@YAXXZ 10006509 f   ConEmuTh995.obj
 0001:00005516       ?SettingsLoadW995@@YAHPB_WPAK@Z 10006516 f   ConEmuTh995.obj
 0001:0000552f       ?SettingsSaveW995@@YAXPB_WPAK@Z 1000652f f   ConEmuTh995.obj
 0001:00005548       ?ShowMessageW995@@YAHHH@Z  10006548 f   ConEmuTh995.obj
 0001:0000557b       ?ShowMessageW995@@YAHPB_WH@Z 1000657b f   ConEmuTh995.obj
 0001:000055a9       ?ShowPluginMenuW995@@YAHXZ 100065a9 f   ConEmuTh995.obj
 0001:000056da       _OpenPluginW@8             100066da f   ConEmuTh995.obj
 0001:00005709       ?CheckFarPanelsA@@YA_NXZ   10006709 f   ConEmuThA.obj
 0001:00005782       ?CheckPanelSettingsA@@YAHH@Z 10006782 f   ConEmuThA.obj
 0001:000057ec       ?GetMsgA@@YAPB_WHPA_W@Z    100067ec f   ConEmuThA.obj
 0001:0000589c       ?LoadPanelInfoA@@YAHH@Z    1000689c f   ConEmuThA.obj
 0001:00005c12       ?PostMacroA@@YAXPAD@Z      10006c12 f   ConEmuThA.obj
 0001:00005c80       ?ReloadPanelsInfoA@@YAXXZ  10006c80 f   ConEmuThA.obj
 0001:00005c9a       ?ReloadResourcesA@@YAXXZ   10006c9a f   ConEmuThA.obj
 0001:00005d45       ?SetCurrentPanelItemA@@YAXHHH@Z 10006d45 f   ConEmuThA.obj
 0001:00005e48       ?SettingsLoadA@@YAHPB_WPAK@Z 10006e48 f   ConEmuThA.obj
 0001:00005e61       ?SettingsLoadOtherA@@YAXXZ 10006e61 f   ConEmuThA.obj
 0001:00005e6e       ?SettingsSaveA@@YAXPB_WPAK@Z 10006e6e f   ConEmuThA.obj
 0001:00005e87       ?ShowMessageA@@YAHHH@Z     10006e87 f   ConEmuThA.obj
 0001:00005ec3       ?ShowMessageA@@YAHPBDH@Z   10006ec3 f   ConEmuThA.obj
 0001:00005ef7       ?ShowPluginMenuA@@YAHXZ    10006ef7 f   ConEmuThA.obj
 0001:00006087       _ExitFAR@0                 10007087 f   ConEmuThA.obj
 0001:000060d2       _GetMinFarVersion@0        100070d2 f   ConEmuThA.obj
 0001:000060f7       _GetPluginInfo@4           100070f7 f   ConEmuThA.obj
 0001:0000615b       _OpenPlugin@8              1000715b f   ConEmuThA.obj
 0001:00006183       _SetStartupInfo@4          10007183 f   ConEmuThA.obj
 0001:000062ed       ??$swprintf_c@$0IA@@@YAHAAY0IA@_WPB_WZZ 100072ed f i Display.obj
 0001:00006306       ?BisItem2CeItem@CeFullPanelInfo@@QAEHHH_KKKHH@Z 10007306 f   Display.obj
 0001:0000638b       ?CalcTopPanelItem@CeFullPanelInfo@@QAEHHH@Z 1000738b f   Display.obj
 0001:0000644a       ?Close@CeFullPanelInfo@@QAEXXZ 1000744a f   Display.obj
 0001:00006485       ?CreateView@CeFullPanelInfo@@QAEPAUHWND__@@XZ 10007485 f   Display.obj
 0001:0000679a       ?DisplayReloadPanel@CeFullPanelInfo@@QAEXXZ 1000779a f   Display.obj
 0001:000067bd       ?DisplayThread@CeFullPanelInfo@@SGKPAX@Z 100077bd f   Display.obj
 0001:000068b9       ?DisplayWndProc@CeFullPanelInfo@@SGJPAUHWND__@@IIJ@Z 100078b9 f   Display.obj
 0001:00006d81       ?DrawItemText@CeFullPanelInfo@@QAEHPAUHDC__@@PAUtagRECT@@1PAUCePluginPanelItem@@PB_WPAUHBRUSH__@@H@Z 10007d81 f   Display.obj
 0001:000073e1       ?FarItem2CeItem@CeFullPanelInfo@@QAEHHPB_W0KU_FILETIME@@_KHPAXKP6GHXZ2K@Z 100083e1 f   Display.obj
 0001:00007688       ?FinalRelease@CeFullPanelInfo@@QAEXXZ 10008688 f   Display.obj
 0001:00007761       ?GetConCoordFromIndex@CeFullPanelInfo@@QAEHHAAU_COORD@@@Z 10008761 f   Display.obj
 0001:000077ef       ?GetIndexFromWndCoord@CeFullPanelInfo@@QAEHHHAAH@Z 100087ef f   Display.obj
 0001:00007866       ?GetItemColors@CeFullPanelInfo@@QAEPAUHBRUSH__@@HPAUCePluginPanelItem@@PAUCePluginPanelItemColor@@HAAK2@Z 10008866 f   Display.obj
 0001:000078bd       ?Invalidate@CeFullPanelInfo@@QAEXXZ 100088bd f   Display.obj
 0001:00007901       ?InvalidateAll@CeFullPanelInfo@@SAXXZ 10008901 f   Display.obj
 0001:0000793e       ?LoadItemColors@CeFullPanelInfo@@QAEXHPAUCePluginPanelItem@@PAUCePluginPanelItemColor@@HH@Z 1000893e f   Display.obj
 0001:00007b68       ?OnSettingsChanged@CeFullPanelInfo@@QAEHH@Z 10008b68 f   Display.obj
 0001:00007bfa       ?Paint@CeFullPanelInfo@@QAEXPAUHWND__@@AAUtagPAINTSTRUCT@@AAUtagRECT@@@Z 10008bfa f   Display.obj
 0001:000083d3       ?PaintItem@CeFullPanelInfo@@QAEHPAUHDC__@@HHHPAUCePluginPanelItem@@PAUCePluginPanelItemColor@@HHPAUHBRUSH__@@3K@Z 100093d3 f   Display.obj
 0001:0000884b       ?ReallocItems@CeFullPanelInfo@@QAEHH@Z 1000984b f   Display.obj
 0001:00008984       ?RegisterPanelView@CeFullPanelInfo@@QAEHXZ 10009984 f   Display.obj
 0001:00008c1b       ?RequestSetPos@CeFullPanelInfo@@QAEXHHH@Z 10009c1b f   Display.obj
 0001:00008cd3       ?StringCchCopyNW@@YGJPA_WIPB_WI@Z 10009cd3 f i Display.obj
 0001:00008d55       ?UnregisterPanelView@CeFullPanelInfo@@QAEH_N@Z 10009d55 f   Display.obj
 0001:00008e79       ??$SafeDelete@UMSectionSimple@@@@YAXAAPAUMSectionSimple@@@Z 10009e79 f i ImgCache.obj
 0001:00008eaa       ??0?$CQueueProcessor@PAUIMAGE_CACHE_INFO@@@@QAE@XZ 10009eaa f i ImgCache.obj
 0001:00008f0e       ??0CImgCache@@QAE@PAUHINSTANCE__@@@Z 10009f0e f   ImgCache.obj
 0001:00009011       ??1?$CQueueProcessor@PAUIMAGE_CACHE_INFO@@@@UAE@XZ 1000a011 f i ImgCache.obj
 0001:0000909c       ??1CImgCache@@QAE@XZ       1000a09c f   ImgCache.obj
 0001:00009162       ??_E?$CQueueProcessor@PAUIMAGE_CACHE_INFO@@@@UAEPAXI@Z 1000a162 f i ImgCache.obj
 0001:00009162       ??_GCImgLoader@@UAEPAXI@Z  1000a162 f i ImgCache.obj
 0001:00009162       ??_ECImgLoader@@UAEPAXI@Z  1000a162 f i ImgCache.obj
 0001:00009162       ??_G?$CQueueProcessor@PAUIMAGE_CACHE_INFO@@@@UAEPAXI@Z 1000a162 f i ImgCache.obj
 0001:00009184       ?OnItemReady@?$CQueueProcessor@PAUIMAGE_CACHE_INFO@@@@MAEXAAPAUIMAGE_CACHE_INFO@@J@Z 1000a184 f i ImgCache.obj
 0001:00009184       ?ApplyChanges@?$CQueueProcessor@PAUIMAGE_CACHE_INFO@@@@MAEXAAPAUIMAGE_CACHE_INFO@@ABQAU2@@Z 1000a184 f i ImgCache.obj
 0001:00009184       ?OnItemFailed@?$CQueueProcessor@PAUIMAGE_CACHE_INFO@@@@MAEXAAPAUIMAGE_CACHE_INFO@@J@Z 1000a184 f i ImgCache.obj
 0001:00009187       ?CheckDrawDibCreated@CImgCache@@IAEHXZ 1000a187 f   ImgCache.obj
 0001:000092a0       ?Filter@?$MToolHelp@UtagPROCESSENTRY32W@@$1?Process32FirstW@@YGHPAXPAU1@@Z$1?Process32NextW@@YGH01@Z@@MAE_NPAUtagPROCESSENTRY32W@@@Z 1000a2a0 f i common-kernel32:MProcess.obj
 0001:000092a0       ?CheckHighPriority@?$CQueueProcessor@PAUIMAGE_CACHE_INFO@@@@MAE_NABQAUIMAGE_CACHE_INFO@@@Z 1000a2a0 f i ImgCache.obj
 0001:000092a0       ?CheckHighPriority@CImgLoader@@UAE_NAAPBUIMAGE_CACHE_INFO@@@Z 1000a2a0 f i ImgCache.obj
 0001:000092a5       ?CheckLoadDibCreated@CImgCache@@IAEHXZ 1000a2a5 f   ImgCache.obj
 0001:000093be       ?CheckThread@?$CQueueProcessor@PAUIMAGE_CACHE_INFO@@@@IAEJXZ 1000a3be f i ImgCache.obj
 0001:0000944f       ?CheckWaitingCount@?$CQueueProcessor@PAUIMAGE_CACHE_INFO@@@@AAEXXZ 1000a44f f i ImgCache.obj
 0001:00009491       ?ClearQueue@?$CQueueProcessor@PAUIMAGE_CACHE_INFO@@@@AAEXXZ 1000a491 f i ImgCache.obj
 0001:000094ec       ?CopyBits@CImgCache@@IAEXU_COORD@@PAEK01@Z 1000a4ec f   ImgCache.obj
 0001:0000954a       ?CopyItem@?$CQueueProcessor@PAUIMAGE_CACHE_INFO@@@@MAEXPBQAUIMAGE_CACHE_INFO@@PAPAU2@@Z 1000a54a f i ImgCache.obj
 0001:00009567       ?FindInCache@CImgCache@@IAEHPAUCePluginPanelItem@@PAHI@Z 1000a567 f   ImgCache.obj
 0001:00009754       ?FindOrCreate@?$CQueueProcessor@PAUIMAGE_CACHE_INFO@@@@AAEPAUProcessingItem@1@ABQAUIMAGE_CACHE_INFO@@J_NW4ProcessingPriority@@@Z 1000a754 f i ImgCache.obj
 0001:000098c1       ?FreeItem@?$CQueueProcessor@PAUIMAGE_CACHE_INFO@@@@MAEXABQAUIMAGE_CACHE_INFO@@@Z 1000a8c1 f i ImgCache.obj
 0001:000098c4       ?FreeModules@CImgCache@@IAEXXZ 1000a8c4 f   ImgCache.obj
 0001:00009917       ?Init@CImgCache@@QAEXK@Z   1000a917 f   ImgCache.obj
 0001:00009960       ?InitializeQueue@?$CQueueProcessor@PAUIMAGE_CACHE_INFO@@@@AAEXH@Z 1000a960 f i ImgCache.obj
 0001:000099e1       ?IsEqual@?$CQueueProcessor@PAUIMAGE_CACHE_INFO@@@@MAE_NABQAUIMAGE_CACHE_INFO@@J0J@Z 1000a9e1 f i ImgCache.obj
 0001:00009a0e       ?IsEqual@CImgLoader@@UAE_NAAPBUIMAGE_CACHE_INFO@@JAAPAU2@J@Z 1000aa0e f i ImgCache.obj
 0001:00009a2f       ?IsStopRequested@?$CQueueProcessor@PAUIMAGE_CACHE_INFO@@@@UAE_NABQAUIMAGE_CACHE_INFO@@@Z 1000aa2f f i ImgCache.obj
 0001:00009a40       ?IsTerminationRequested@CImgLoader@@UAE_NXZ 1000aa40 f i ImgCache.obj
 0001:00009a40       ?IsTerminationRequested@?$CQueueProcessor@PAUIMAGE_CACHE_INFO@@@@MAE_NXZ 1000aa40 f i ImgCache.obj
 0001:00009a44       ?LoadModules@CImgCache@@IAEXXZ 1000aa44 f   ImgCache.obj
 0001:00009c73       ?LoadShellIcon@CImgCache@@QAEHPAUIMAGE_CACHE_INFO@@H@Z 1000ac73 f   ImgCache.obj
 0001:00009f65       ?LoadThumbnail@CImgCache@@QAEHPAUIMAGE_CACHE_INFO@@@Z 1000af65 f   ImgCache.obj
 0001:0000a395       ?OnThreadStarted@?$CQueueProcessor@PAUIMAGE_CACHE_INFO@@@@MAEJXZ 1000b395 f i ImgCache.obj
 0001:0000a398       ?OnThreadStarted@CImgLoader@@UAEJXZ 1000b398 f i ImgCache.obj
 0001:0000a3a3       ?OnThreadStopped@CImgLoader@@UAEXXZ 1000b3a3 f i ImgCache.obj
 0001:0000a3a9       ?PaintItem@CImgCache@@QAEHPAUHDC__@@HHHPAUCePluginPanelItem@@PAPB_WPAH@Z 1000b3a9 f   ImgCache.obj
 0001:0000a836       ?ProcessItem@?$CQueueProcessor@PAUIMAGE_CACHE_INFO@@@@IAEJPAUProcessingItem@1@@Z 1000b836 f i ImgCache.obj
 0001:0000a875       ?ProcessItem@?$CQueueProcessor@PAUIMAGE_CACHE_INFO@@@@MAEJAAPAUIMAGE_CACHE_INFO@@J@Z 1000b875 f i ImgCache.obj
 0001:0000a87d       ?ProcessItem@CImgLoader@@UAEJAAPAUIMAGE_CACHE_INFO@@J@Z 1000b87d f i ImgCache.obj
 0001:0000a8c2       ?ProcessingStep@?$CQueueProcessor@PAUIMAGE_CACHE_INFO@@@@IAE_NXZ 1000b8c2 f i ImgCache.obj
 0001:0000aa50       ?ProcessingThread@?$CQueueProcessor@PAUIMAGE_CACHE_INFO@@@@KGKPAX@Z 1000ba50 f i ImgCache.obj
 0001:0000aa76       ?RequestItem@?$CQueueProcessor@PAUIMAGE_CACHE_INFO@@@@QAEJ_NW4ProcessingPriority@@QAUIMAGE_CACHE_INFO@@J@Z 1000ba76 f i ImgCache.obj
 0001:0000ab14       ?RequestItem@CImgCache@@QAEHPAUCePluginPanelItem@@I@Z 1000bb14 f   ImgCache.obj
 0001:0000abc0       ?Reset@CImgCache@@QAEXXZ   1000bbc0 f   ImgCache.obj
 0001:0000ad0d       ?SetCacheLocation@CImgCache@@QAEXPB_W@Z 1000bd0d f   ImgCache.obj
 0001:0000ad6a       ?Terminate@?$CQueueProcessor@PAUIMAGE_CACHE_INFO@@@@QAEXK@Z 1000bd6a f i ImgCache.obj
 0001:0000adba       _GetFileVersionInfoSizeW@8 1000bdba f   version:VERSION.dll
 0001:0000adc0       _GetFileVersionInfoW@16    1000bdc0 f   version:VERSION.dll
 0001:0000adc6       _VerQueryValueW@16         1000bdc6 f   version:VERSION.dll
 0001:0000adcc       _CreateToolhelp32Snapshot@8 1000bdcc f   kernel32:KERNEL32.dll
 0001:0000add2       _Thread32First@8           1000bdd2 f   kernel32:KERNEL32.dll
 0001:0000add8       _Thread32Next@8            1000bdd8 f   kernel32:KERNEL32.dll
 0001:0000adde       ??2@YAPAXI@Z               1000bdde f   common-kernel32:Memory.obj
 0001:0000ae07       ?xf_free@@YAXPAX@Z         1000be07 f   common-kernel32:Memory.obj
 0001:0000ae07       ??_V@YAXPAX@Z              1000be07 f   common-kernel32:Memory.obj
 0001:0000ae07       ??3@YAXPAX@Z               1000be07 f   common-kernel32:Memory.obj
 0001:0000ae27       ??_U@YAPAXI@Z              1000be27 f   common-kernel32:Memory.obj
 0001:0000ae27       ?xf_malloc@@YAPAXI@Z       1000be27 f   common-kernel32:Memory.obj
 0001:0000ae3d       ?HeapDeinitialize@@YAXXZ   1000be3d f   common-kernel32:Memory.obj
 0001:0000ae55       ?HeapInitialize@@YA_NXZ    1000be55 f   common-kernel32:Memory.obj
 0001:0000ae77       ?xf_calloc@@YAPAXII@Z      1000be77 f   common-kernel32:Memory.obj
 0001:0000ae92       ?xf_realloc@@YAPAXPAXI@Z   1000be92 f   common-kernel32:Memory.obj
 0001:0000aec1       ?StringCchVPrintfA@@YGJPADIPBD0@Z 1000bec1 f i common-kernel32:MStrSafe.obj
 0001:0000af16       ?msprintf@@YAPB_WPA_WIPB_WZZ 1000bf16 f   common-kernel32:MStrSafe.obj
 0001:0000b33c       ?sprintf_c@@YAHPADHPBDZZ   1000c33c f   common-kernel32:MStrSafe.obj
 0001:0000b35f       ?swprintf_c@@YAHPA_WHPB_WZZ 1000c35f f   common-kernel32:MStrSafe.obj
 0001:0000b382       __vsnprintf_l              1000c382 f i common-kernel32:MStrSafe.obj
 0001:0000b3b4       ?CommonShutdown@@YAXXZ     1000c3b4 f   common-kernel32:Common.obj
 0001:0000b3c3       ??0MNullDesc@@QAE@XZ       1000c3c3 f i common-kernel32:MSecurity.obj
 0001:0000b3e5       ??1MNullDesc@@QAE@XZ       1000c3e5 f i common-kernel32:MSecurity.obj
 0001:0000b41d       ?LoadAdvApi@MNullDesc@@IAEHXZ 1000c41d f i common-kernel32:MSecurity.obj
 0001:0000b576       ?LocalSecurity@@YAPAU_SECURITY_ATTRIBUTES@@XZ 1000c576 f   common-kernel32:MSecurity.obj
 0001:0000b5a2       ?LocalSecurity@MNullDesc@@QAEPAU_SECURITY_ATTRIBUTES@@XZ 1000c5a2 f i common-kernel32:MSecurity.obj
 0001:0000b6d0       ?ShutdownSecurity@@YAXXZ   1000c6d0 f   common-kernel32:MSecurity.obj
 0001:0000b6f5       ?ExecuteCmd@@YAPAUCESERVER_REQ@@PB_WPAU1@KPAUHWND__@@HKH@Z 1000c6f5 f   common-kernel32:ConEmuCheck.obj
 0001:0000b8b3       ?ExecuteFreeResult@@YAXAAPAUCESERVER_REQ@@@Z 1000c8b3 f   common-kernel32:ConEmuCheck.obj
 0001:0000b8cb       ?ExecuteGuiCmd@@YAPAUCESERVER_REQ@@PAUHWND__@@PAU1@0H@Z 1000c8cb f   common-kernel32:ConEmuCheck.obj
 0001:0000b94e       ?ExecuteNewCmd@@YAPAUCESERVER_REQ@@KI@Z 1000c94e f   common-kernel32:ConEmuCheck.obj
 0001:0000b98c       ?ExecuteOpenPipe@@YAPAXPB_WAAY0CAI@_W0KKHPAXH@Z 1000c98c f   common-kernel32:ConEmuCheck.obj
 0001:0000bac8       ?ExecutePrepareCmd@@YAXPAUCESERVER_REQ@@KI@Z 1000cac8 f   common-kernel32:ConEmuCheck.obj
 0001:0000baff       ?ExecutePrepareCmd@@YAXPAUCESERVER_REQ_HDR@@KI@Z 1000caff f   common-kernel32:ConEmuCheck.obj
 0001:0000bb67       ?ModuleName@@YAPB_WPB_W@Z  1000cb67 f   common-kernel32:ConEmuCheck.obj
 0001:0000bc06       ??0?$MToolHelp@UtagPROCESSENTRY32W@@$1?Process32FirstW@@YGHPAXPAU1@@Z$1?Process32NextW@@YGH01@Z@@QAE@KK@Z 1000cc06 f i common-kernel32:MProcess.obj
 0001:0000bc6e       ??1?$MToolHelp@UtagPROCESSENTRY32W@@$1?Process32FirstW@@YGHPAXPAU1@@Z$1?Process32NextW@@YGH01@Z@@UAE@XZ 1000cc6e f i common-kernel32:MProcess.obj
 0001:0000bc8a       ??_E?$MToolHelp@UtagPROCESSENTRY32W@@$1?Process32FirstW@@YGHPAXPAU1@@Z$1?Process32NextW@@YGH01@Z@@UAEPAXI@Z 1000cc8a f i common-kernel32:MProcess.obj
 0001:0000bc8a       ??_GMToolHelpProcess@@UAEPAXI@Z 1000cc8a f i common-kernel32:MProcess.obj
 0001:0000bc8a       ??_EMToolHelpProcess@@UAEPAXI@Z 1000cc8a f i common-kernel32:MProcess.obj
 0001:0000bc8a       ??_G?$MToolHelp@UtagPROCESSENTRY32W@@$1?Process32FirstW@@YGHPAXPAU1@@Z$1?Process32NextW@@YGH01@Z@@UAEPAXI@Z 1000cc8a f i common-kernel32:MProcess.obj
 0001:0000bcaf       ?Close@?$MToolHelp@UtagPROCESSENTRY32W@@$1?Process32FirstW@@YGHPAXPAU1@@Z$1?Process32NextW@@YGH01@Z@@QAEX_N@Z 1000ccaf f i common-kernel32:MProcess.obj
 0001:0000bcfd       ?Find@?$MToolHelp@UtagPROCESSENTRY32W@@$1?Process32FirstW@@YGHPAXPAU1@@Z$1?Process32NextW@@YGH01@Z@@QAE_NP6A_NPAUtagPROCESSENTRY32W@@J@ZJ0@Z 1000ccfd f i common-kernel32:MProcess.obj
 0001:0000bd94       ?Next@?$MToolHelp@UtagPROCESSENTRY32W@@$1?Process32FirstW@@YGHPAXPAU1@@Z$1?Process32NextW@@YGH01@Z@@QAE_NPAUtagPROCESSENTRY32W@@@Z 1000cd94 f i common-kernel32:MProcess.obj
 0001:0000bddf       ?Open@?$MToolHelp@UtagPROCESSENTRY32W@@$1?Process32FirstW@@YGHPAXPAU1@@Z$1?Process32NextW@@YGH01@Z@@QAE_NXZ 1000cddf f i common-kernel32:MProcess.obj
 0001:0000be10       ?addsize@?$MArray@UtagPROCESSENTRY32W@@@@QAEXH@Z 1000ce10 f i common-kernel32:MProcess.obj
 0001:0000be84       ?clear@?$MArray@UtagPROCESSENTRY32W@@@@QAEXXZ 1000ce84 f i common-kernel32:MProcess.obj
 0001:0000beb5       ?getNext@?$MToolHelp@UtagPROCESSENTRY32W@@$1?Process32FirstW@@YGHPAXPAU1@@Z$1?Process32NextW@@YGH01@Z@@IAE_NXZ 1000ceb5 f i common-kernel32:MProcess.obj
 0001:0000bf36       ?isTerminalMode@@YA_NXZ    1000cf36 f   common-kernel32:MProcess.obj
 0001:0000c03e       ?push_back@?$MArray@UtagPROCESSENTRY32W@@@@QAEHABUtagPROCESSENTRY32W@@@Z 1000d03e f i common-kernel32:MProcess.obj
 0001:0000c093       ?Init@HkFunc@@QAE_NPB_WPAUHINSTANCE__@@@Z 1000d093 f   common-kernel32:HkFunc.obj
 0001:0000c0f1       ??0MSection@@QAE@XZ        1000d0f1 f   common-kernel32:MSection.obj
 0001:0000c150       ??0MSectionLock@@QAE@XZ    1000d150 f   common-kernel32:MSection.obj
 0001:0000c15d       ??1MSection@@QAE@XZ        1000d15d f   common-kernel32:MSection.obj
 0001:0000c1b7       ??1MSectionLock@@QAE@XZ    1000d1b7 f   common-kernel32:MSection.obj
 0001:0000c1d0       ?AddRef@MSection@@IAEXK@Z  1000d1d0 f   common-kernel32:MSection.obj
 0001:0000c23b       ?Lock@MSection@@IAEHHK@Z   1000d23b f   common-kernel32:MSection.obj
 0001:0000c305       ?Lock@MSectionLock@@QAEHPAVMSection@@HK@Z 1000d305 f   common-kernel32:MSection.obj
 0001:0000c350       ?MyEnterCriticalSection@MSection@@IAE_NK@Z 1000d350 f   common-kernel32:MSection.obj
 0001:0000c43a       ?ReleaseRef@MSection@@IAEHK@Z 1000d43a f   common-kernel32:MSection.obj
 0001:0000c4a7       ?Unlock@MSection@@IAEXH@Z  1000d4a7 f   common-kernel32:MSection.obj
 0001:0000c4e5       ?Unlock@MSectionLock@@QAEXXZ 1000d4e5 f   common-kernel32:MSection.obj
 0001:0000c502       ?WaitUnlocked@MSection@@IAEXKK@Z 1000d502 f   common-kernel32:MSection.obj
 0001:0000c55f       ??$sprintf_c@$0CI@@@YAHAAY0CI@DPBDZZ 1000d55f f i common-kernel32:WThreads.obj
 0001:0000c575       ?SetThreadName@@YAXKPAD@Z  1000d575 f   common-kernel32:WThreads.obj
 0001:0000c5c4       ?apiCreateThread@@YAPAXP6GKPAX@Z0PAKPBDH@Z 1000d5c4 f   common-kernel32:WThreads.obj
 0001:0000c6be       ?apiTerminateThreadEx@@YAHPAXKPBDH@Z 1000d6be f   common-kernel32:WThreads.obj
 0001:0000c794       ?apiThreadHelper@@YGKPAX@Z 1000d794 f   common-kernel32:WThreads.obj
 0001:0000c922       ??$GetProcAddress@$$A6GHPAU_OSVERSIONINFOEXW@@K_K@Z@MModule@@QBE_NPBDAAP6GHPAU_OSVERSIONINFOEXW@@K_K@Z@Z 1000d922 f i common-kernel32:WObjects.obj
 0001:0000c949       ?ExpandEnvStr@@YAPA_WPB_W@Z 1000d949 f   common-kernel32:WObjects.obj
 0001:0000c9c1       ?FileExists@@YA_NPB_WPAK@Z 1000d9c1 f   common-kernel32:WObjects.obj
 0001:0000caeb       ?GetEnvVar@@YAPA_WPB_W@Z   1000daeb f   common-kernel32:WObjects.obj
 0001:0000cb5e       ?IsWindows64@@YA_NXZ       1000db5e f   common-kernel32:WObjects.obj
 0001:0000cbd0       ?_VerifyVersionInfo@@YA_NPAU_OSVERSIONINFOEXW@@K_K@Z 1000dbd0 f   common-kernel32:WObjects.obj
 0001:0000cc4b       ?PointToExt@@YAPB_WPB_W@Z  1000dc4b f   common-kernel32:CmdLine.obj
 0001:0000cc69       ?PointToName@@YAPB_WPB_W@Z 1000dc69 f   common-kernel32:CmdLine.obj
 0001:0000ccab       ?Unquote@@YAPB_WPA_W_N@Z   1000dcab f   common-kernel32:CmdLine.obj
 0001:0000ccf6       ?lstrdup@@YAPA_WPB_WI@Z    1000dcf6 f   common-kernel32:MStrDup.obj
 0001:0000cd42       ?lstrmerge@@YAPA_WPB_W00000000@Z 1000dd42 f   common-kernel32:MStrDup.obj
 0001:0000ce3e       ??0MSectionLockSimple@@QAE@XZ 1000de3e f   common-kernel32:MSectionSimple.obj
 0001:0000ce48       ??0MSectionSimple@@QAE@_N@Z 1000de48 f   common-kernel32:MSectionSimple.obj
 0001:0000ce7b       ??1MSectionLockSimple@@QAE@XZ 1000de7b f   common-kernel32:MSectionSimple.obj
 0001:0000ce86       ??1MSectionSimple@@QAE@XZ  1000de86 f   common-kernel32:MSectionSimple.obj
 0001:0000ce86       ?Close@MSectionSimple@@QAEXXZ 1000de86 f   common-kernel32:MSectionSimple.obj
 0001:0000ce9c       ?Enter@MSectionSimple@@QAEXXZ 1000de9c f   common-kernel32:MSectionSimple.obj
 0001:0000cea4       ?Init@MSectionSimple@@QAEXXZ 1000dea4 f   common-kernel32:MSectionSimple.obj
 0001:0000ceba       ?Leave@MSectionSimple@@QAEXXZ 1000deba f   common-kernel32:MSectionSimple.obj
 0001:0000cec2       ?Lock@MSectionLockSimple@@QAEHPAUMSectionSimple@@K@Z 1000dec2 f   common-kernel32:MSectionSimple.obj
 0001:0000cf28       ?RecreateAndLock@MSectionSimple@@QAE_NXZ 1000df28 f   common-kernel32:MSectionSimple.obj
 0001:0000cf71       ?TryEnter@MSectionSimple@@QAE_NXZ 1000df71 f   common-kernel32:MSectionSimple.obj
 0001:0000cf90       ?Unlock@MSectionLockSimple@@QAEXXZ 1000df90 f   common-kernel32:MSectionSimple.obj
 0001:0000cfac       ??0CEStr@@QAE@PB_W00000000@Z 1000dfac f   common-kernel32:CEStr.obj
 0001:0000d01c       ??1CEStr@@QAE@XZ           1000e01c f   common-kernel32:CEStr.obj
 0001:0000d054       ??BCEStr@@QBEPB_WXZ        1000e054 f   common-kernel32:CEStr.obj
 0001:0000d057       ?AttachInt@CEStr@@AAEPB_WAAPA_W@Z 1000e057 f   common-kernel32:CEStr.obj
 0001:0000d0be       ?Empty@CEStr@@QAEXXZ       1000e0be f   common-kernel32:CEStr.obj
 0001:0000d0df       ?GetBuffer@CEStr@@QAEPA_WH@Z 1000e0df f   common-kernel32:CEStr.obj
 0001:0000d158       ?GetLen@CEStr@@QBEHXZ      1000e158 f   common-kernel32:CEStr.obj
 0001:0000d186       ?GetMaxCount@CEStr@@QAEHXZ 1000e186 f   common-kernel32:CEStr.obj
 0001:0000d1a2       ?SavePathVar@CEStr@@QAEXPB_W@Z 1000e1a2 f   common-kernel32:CEStr.obj
 0001:0000d1d0       ?Set@CEStr@@QAEPB_WPB_WH@Z 1000e1d0 f   common-kernel32:CEStr.obj
 0001:0000d291       ??0MModule@@QAE@PAUHINSTANCE__@@@Z 1000e291 f   common-kernel32:MModule.obj
 0001:0000d2a3       ??1MModule@@QAE@XZ         1000e2a3 f   common-kernel32:MModule.obj
 0001:0000d2a8       ?Free@MModule@@QAEXXZ      1000e2a8 f   common-kernel32:MModule.obj
 0001:0000d2ca       ??0CRgnDetect@@QAE@XZ      1000e2ca f   common-user32:RgnDetect.obj
 0001:0000d38b       ??1CRgnDetect@@QAE@XZ      1000e38b f   common-user32:RgnDetect.obj
 0001:0000d408       ?DetectDialog@CRgnDetect@@IAE_NPA_WPAUtag_CharAttr@@HHHHPAH2@Z 1000e408 f   common-user32:RgnDetect.obj
 0001:0000d66d       ?ExpandDialogFrame@CRgnDetect@@IAE_NPA_WPAUtag_CharAttr@@HHAAH2HH22@Z 1000e66d f   common-user32:RgnDetect.obj
 0001:0000d944       ?FindByBackground@CRgnDetect@@IAE_NPA_WPAUtag_CharAttr@@HHAAH222AA_N@Z 1000e944 f   common-user32:RgnDetect.obj
 0001:0000da4b       ?FindDialog_Any@CRgnDetect@@IAE_NPA_WPAUtag_CharAttr@@HHAAH222AA_N@Z 1000ea4b f   common-user32:RgnDetect.obj
 0001:0000dc67       ?FindDialog_Inner@CRgnDetect@@IAE_NPA_WPAUtag_CharAttr@@HHAAH2@Z 1000ec67 f   common-user32:RgnDetect.obj
 0001:0000ddaa       ?FindDialog_Left@CRgnDetect@@IAE_NPA_WPAUtag_CharAttr@@HHAAH222AA_N@Z 1000edaa f   common-user32:RgnDetect.obj
 0001:0000df10       ?FindDialog_Right@CRgnDetect@@IAE_NPA_WPAUtag_CharAttr@@HHAAH222AA_N@Z 1000ef10 f   common-user32:RgnDetect.obj
 0001:0000dfd4       ?FindDialog_TopLeft@CRgnDetect@@IAE_NPA_WPAUtag_CharAttr@@HHAAH222AA_N@Z 1000efd4 f   common-user32:RgnDetect.obj
 0001:0000e05d       ?FindDialog_TopRight@CRgnDetect@@IAE_NPA_WPAUtag_CharAttr@@HHAAH222AA_N@Z 1000f05d f   common-user32:RgnDetect.obj
 0001:0000e0f2       ?FindFrameBottom_ByLeft@CRgnDetect@@IAE_NPA_WPAUtag_CharAttr@@HHAAH22@Z 1000f0f2 f   common-user32:RgnDetect.obj
 0001:0000e192       ?FindFrameBottom_ByRight@CRgnDetect@@IAE_NPA_WPAUtag_CharAttr@@HHAAH22@Z 1000f192 f   common-user32:RgnDetect.obj
 0001:0000e272       ?FindFrameLeft_ByBottom@CRgnDetect@@IAE_NPA_WPAUtag_CharAttr@@HHAAH22@Z 1000f272 f   common-user32:RgnDetect.obj
 0001:0000e31e       ?FindFrameLeft_ByTop@CRgnDetect@@IAE_NPA_WPAUtag_CharAttr@@HHAAH22@Z 1000f31e f   common-user32:RgnDetect.obj
 0001:0000e477       ?FindFrameRight_ByBottom@CRgnDetect@@IAE_NPA_WPAUtag_CharAttr@@HHAAH22@Z 1000f477 f   common-user32:RgnDetect.obj
 0001:0000e526       ?FindFrameRight_ByTop@CRgnDetect@@IAE_NPA_WPAUtag_CharAttr@@HHAAH22@Z 1000f526 f   common-user32:RgnDetect.obj
 0001:0000e62a       ?FindFrameTop_ByLeft@CRgnDetect@@IAE_NPA_WPAUtag_CharAttr@@HHAAH22@Z 1000f62a f   common-user32:RgnDetect.obj
 0001:0000e6ab       ?FindFrameTop_ByRight@CRgnDetect@@IAE_NPA_WPAUtag_CharAttr@@HHAAH22@Z 1000f6ab f   common-user32:RgnDetect.obj
 0001:0000e759       ?FindFrame_TopLeft@CRgnDetect@@IAE_NPA_WPAUtag_CharAttr@@HHAAH222@Z 1000f759 f   common-user32:RgnDetect.obj
 0001:0000e81e       ?GetCharAttr@CRgnDetect@@QAEHHHAA_WAAUtag_CharAttr@@@Z 1000f81e f   common-user32:RgnDetect.obj
 0001:0000e890       ?GetDetectedDialogsPtr@CRgnDetect@@QBEPBUtag_DetectedDialog@@XZ 1000f890 f   common-user32:RgnDetect.obj
 0001:0000e894       ?GetFlags@CRgnDetect@@QBEKXZ 1000f894 f   common-user32:RgnDetect.obj
 0001:0000e89b       ?InitializeSBI@CRgnDetect@@QAEHPBK@Z 1000f89b f   common-user32:RgnDetect.obj
 0001:0000ec02       ?MarkDialog@CRgnDetect@@IAEHPA_WPAUtag_CharAttr@@HHHHHHI_NK@Z 1000fc02 f   common-user32:RgnDetect.obj
 0001:0000f3dd       ?OnWindowSizeChanged@CRgnDetect@@QAEXXZ 100103dd f   common-user32:RgnDetect.obj
 0001:0000f3e5       ?OnWriteConsoleOutput@CRgnDetect@@QAEXPBU_CHAR_INFO@@U_COORD@@1PAU_SMALL_RECT@@PBK@Z 100103e5 f   common-user32:RgnDetect.obj
 0001:0000f663       ?PrepareTransparent@CRgnDetect@@QAEXPBUCEFAR_INFO_MAPPING@@PBK@Z 10010663 f   common-user32:RgnDetect.obj
 0001:0000f701       ?PrepareTransparent@CRgnDetect@@QAEXPBUCEFAR_INFO_MAPPING@@PBKPBU_CONSOLE_SCREEN_BUFFER_INFO@@PA_WPAUtag_CharAttr@@HH@Z 10010701 f   common-user32:RgnDetect.obj
 0001:0000fe3a       ?SetFarRect@CRgnDetect@@QAEXPAU_SMALL_RECT@@@Z 10010e3a f   common-user32:RgnDetect.obj
 0001:0000fec8       ?TextHeight@CRgnDetect@@QAEHXZ 10010ec8 f   common-user32:RgnDetect.obj
 0001:0000fef0       ?TextWidth@CRgnDetect@@QAEHXZ 10010ef0 f   common-user32:RgnDetect.obj
 0001:0000ff18       _wmemcmp                   10010f18 f i common-user32:RgnDetect.obj
 0001:0000ff4e       ?SearchAppPaths@@YA_NPB_WAAUCEStr@@_NPAU1@@Z 10010f4e f   common-user32:WFiles.obj
 0001:000102ac       ?apiShowWindow@@YA_NPAUHWND__@@H@Z 100112ac f   common-user32:WUser.obj
 0001:000102c2       ??3@YAXPAXI@Z              100112c2 f   LIBCMT:delete_scalar_size.obj
 0001:000102d0       @__security_check_cookie@4 100112d0 f   LIBCMT:_secchk_.obj
 0001:000102e1       __EH_epilog3               100112e1 f   LIBCMT:ehprolg3.obj
 0001:000102f6       __EH_epilog3_GS            100112f6 f   LIBCMT:ehprolg3.obj
 0001:00010307       __EH_prolog3               10011307 f   LIBCMT:ehprolg3.obj
 0001:0001033b       __EH_prolog3_GS            1001133b f   LIBCMT:ehprolg3.obj
 0001:00010372       __EH_prolog3_catch         10011372 f   LIBCMT:ehprolg3.obj
 0001:000103b0       __SEH_prolog4              100113b0 f   LIBCMT:_sehprolg4_.obj
 0001:000103f6       __SEH_epilog4              100113f6 f   LIBCMT:_sehprolg4_.obj
 0001:00010410       __alldiv                   10011410 f   LIBCMT:lldiv.obj
 0001:000104ba       ??_Gtype_info@@UAEPAXI@Z   100114ba f i LIBCMT:std_type_info_static.obj
 0001:000104ba       ??_Etype_info@@UAEPAXI@Z   100114ba f i LIBCMT:std_type_info_static.obj
 0001:000107ea       __DllMainCRTStartup@12     100117ea f   LIBCMT:dll_dllmain.obj
 0001:0001080d       ___raise_securityfailure   1001180d f   LIBCMT:gs_report.obj
 0001:00010835       ___report_gsfailure        10011835 f   LIBCMT:gs_report.obj
 0001:0001097f       ___security_init_cookie    1001197f f   LIBCMT:gs_support.obj
 0001:000109ca       ?__scrt_initialize_type_info@@YAXXZ 100119ca f   LIBCMT:tncleanup.obj
 0001:000109d6       ?__scrt_uninitialize_type_info@@YAXXZ 100119d6 f   LIBCMT:tncleanup.obj
 0001:000109e2       ___local_stdio_scanf_options 100119e2 f i LIBCMT:default_local_stdio_options.obj
 0001:000109e8       ___scrt_initialize_default_local_stdio_options 100119e8 f   LIBCMT:default_local_stdio_options.obj
 0001:00010a49       ___scrt_acquire_startup_lock 10011a49 f   LIBCMT:utility.obj
 0001:00010a7e       ___scrt_dllmain_after_initialize_c 10011a7e f   LIBCMT:utility.obj
 0001:00010aa9       ___scrt_dllmain_before_initialize_c 10011aa9 f   LIBCMT:utility.obj
 0001:00010ab7       ___scrt_dllmain_crt_thread_attach 10011ab7 f   LIBCMT:utility.obj
 0001:00010ad6       ___scrt_dllmain_crt_thread_detach 10011ad6 f   LIBCMT:utility.obj
 0001:00010ae3       ___scrt_dllmain_exception_filter 10011ae3 f   LIBCMT:utility.obj
 0001:00010b16       ___scrt_dllmain_uninitialize_c 10011b16 f   LIBCMT:utility.obj
 0001:00010b39       ___scrt_dllmain_uninitialize_critical 10011b39 f   LIBCMT:utility.obj
 0001:00010b46       ___scrt_initialize_crt     10011b46 f   LIBCMT:utility.obj
 0001:00010b7f       ___scrt_initialize_onexit_tables 10011b7f f   LIBCMT:utility.obj
 0001:00010c29       ___scrt_is_nonwritable_in_current_image 10011c29 f   LIBCMT:utility.obj
 0001:00010cb3       ___scrt_release_startup_lock 10011cb3 f   LIBCMT:utility.obj
 0001:00010cd0       ___scrt_uninitialize_crt   10011cd0 f   LIBCMT:utility.obj
 0001:00010cf8       ___scrt_get_dyn_tls_init_callback 10011cf8 f   LIBCMT:dyn_tls_init.obj
 0001:00010cfe       ___scrt_fastfail           10011cfe f   LIBCMT:utility_desktop.obj
 0001:00010e1a       __crt_debugger_hook        10011e1a f   LIBCMT:utility_desktop.obj
 0001:00010e22       __RTC_Initialize           10011e22 f   LIBCMT:_initsect_.obj
 0001:00010e4d       __RTC_Terminate            10011e4d f   LIBCMT:_initsect_.obj
 0001:00010e78       @_guard_check_icall@4      10011e78 f i LIBCMT:checkcfg.obj
 0001:00010e7e       ___isa_available_init      10011e7e f   LIBCMT:_cpu_disp_.obj
 0001:00011017       __get_startup_argv_mode    10012017 f   LIBCMT:argv_mode.obj
 0001:0001101b       ___scrt_is_ucrt_dll_in_use 1001201b f   LIBCMT:ucrt_detection.obj
 0001:00011030       _memmove                   10012030 f   libvcruntime:memmove.obj
 0001:000115a4       _wcsrchr                   100125a4 f   libvcruntime:wcsrchr.obj
 0001:00011646       ?_CallCatchBlock2@@YAPAXPAUEHRegistrationNode@@PBU_s_FuncInfo@@PAXHK@Z 10012646 f   libvcruntime:trnsctrl.obj
 0001:000116a6       ?_CallSETranslator@@YAHPAUEHExceptionRecord@@PAUEHRegistrationNode@@PAX2PBU_s_FuncInfo@@H1@Z 100126a6 f   libvcruntime:trnsctrl.obj
 0001:00011783       ?_GetRangeOfTrysToCheck@@YAPBU_s_TryBlockMapEntry@@PBU_s_FuncInfo@@HHPAI1@Z 10012783 f   libvcruntime:trnsctrl.obj
 0001:000117fb       ?_JumpToContinuation@@YGXPAXPAUEHRegistrationNode@@@Z 100127fb f   libvcruntime:trnsctrl.obj
 0001:0001182d       ?_UnwindNestedFrames@@YGXPAUEHRegistrationNode@@PAUEHExceptionRecord@@@Z 1001282d f   libvcruntime:trnsctrl.obj
 0001:00011882       __CatchGuardHandler        10012882 f   libvcruntime:trnsctrl.obj
 0001:000118b3       __CreateFrameInfo          100128b3 f   libvcruntime:trnsctrl.obj
 0001:000118d7       __FindAndUnlinkFrame       100128d7 f   libvcruntime:trnsctrl.obj
 0001:0001191c       __TranslatorGuardHandler   1001291c f   libvcruntime:trnsctrl.obj
 0001:000119bb       ___CxxFrameHandler3        100129bb f   libvcruntime:trnsctrl.obj
 0001:000119f1       _memcmp                    100129f1 f   libvcruntime:_memcmp_.obj
 0001:00013610       _memset                    10014610 f   libvcruntime:memset.obj
 0001:0001376a       _wcschr                    1001476a f   libvcruntime:wcschr.obj
 0001:00013880       __except_handler4          10014880 f   libvcruntime:_chandler4_.obj
 0001:000139e0       _strchr                    100149e0 f   libvcruntime:strchr.obj
 0001:00013a4e       ___from_strstr_to_strchr   10014a4e     libvcruntime:strchr.obj
 0001:00013b10       _strrchr                   10014b10 f   libvcruntime:strrchr.obj
 0001:00013c50       _memchr                    10014c50 f   libvcruntime:memchr.obj
 0001:00013cfd       ___std_type_info_compare   10014cfd f   libvcruntime:std_type_info.obj
 0001:00013d39       ___std_type_info_destroy_list 10014d39 f   libvcruntime:std_type_info.obj
 0001:00013d5c       ___vcrt_initialize         10014d5c f   libvcruntime:initialization.obj
 0001:00013d85       ___vcrt_thread_attach      10014d85 f   libvcruntime:initialization.obj
 0001:00013d90       ___vcrt_thread_detach      10014d90 f   libvcruntime:initialization.obj
 0001:00013d9b       ___vcrt_uninitialize       10014d9b f   libvcruntime:initialization.obj
 0001:00013dba       ___vcrt_uninitialize_critical 10014dba f   libvcruntime:initialization.obj
 0001:00013dc2       ___vcrt_freefls@4          10014dc2 f   libvcruntime:per_thread_data.obj
 0001:00013dde       ___vcrt_freeptd            10014dde f   libvcruntime:per_thread_data.obj
 0001:00013e21       ___vcrt_getptd             10014e21 f   libvcruntime:per_thread_data.obj
 0001:00013e2f       ___vcrt_getptd_noexit      10014e2f f   libvcruntime:per_thread_data.obj
 0001:00013ec1       ___vcrt_initialize_ptd     10014ec1 f   libvcruntime:per_thread_data.obj
 0001:00013f07       ___vcrt_uninitialize_ptd   10014f07 f   libvcruntime:per_thread_data.obj
 0001:00013f30       __CallSettingFrame@12      10014f30 f   libvcruntime:lowhelpr.obj
 0001:00013f57       __NLG_Return               10014f57     libvcruntime:lowhelpr.obj
 0001:00013f7c       ??0bad_exception@std@@QAE@ABV01@@Z 10014f7c f i libvcruntime:frame.obj
 0001:00013f97       ??0bad_exception@std@@QAE@XZ 10014f97 f i libvcruntime:frame.obj
 0001:00013faf       ??0exception@std@@QAE@ABV01@@Z 10014faf f i libvcruntime:frame.obj
 0001:00013fdb       ??1bad_exception@std@@UAE@XZ 10014fdb f i libvcruntime:frame.obj
 0001:00013fec       ??_Gexception@std@@UAEPAXI@Z 10014fec f i libvcruntime:frame.obj
 0001:00013fec       ??_Eexception@std@@UAEPAXI@Z 10014fec f i libvcruntime:frame.obj
 0001:00013fec       ??_Gbad_exception@std@@UAEPAXI@Z 10014fec f i libvcruntime:frame.obj
 0001:00013fec       ??_Ebad_exception@std@@UAEPAXI@Z 10014fec f i libvcruntime:frame.obj
 0001:00014829       ?_CallMemberFunction1@@YGXQAX00@Z 10015829 f i libvcruntime:frame.obj
 0001:00014839       ?_CallMemberFunction2@@YGXQAX00H@Z 10015839 f i libvcruntime:frame.obj
 0001:0001484c       ?what@exception@std@@UBEPBDXZ 1001584c f i libvcruntime:frame.obj
 0001:00014859       ___BuildCatchObject        10015859 f   libvcruntime:frame.obj
 0001:000148e8       ___BuildCatchObjectHelper  100158e8 f   libvcruntime:frame.obj
 0001:00014a1b       ___FrameUnwindToState      10015a1b f   libvcruntime:frame.obj
 0001:00014ae8       ___InternalCxxFrameHandler 10015ae8 f   libvcruntime:frame.obj
 0001:00014be4       ___TypeMatch               10015be4 f   libvcruntime:frame.obj
 0001:00014c72       ___except_validate_context_record 10015c72 f   libvcruntime:jbcxrval.obj
 0001:00014ca2       ___except_validate_jump_buffer 10015ca2 f   libvcruntime:jbcxrval.obj
 0001:00014cd0       __local_unwind4            10015cd0 f   libvcruntime:_exsup4_.obj
 0001:00014da8       __seh_longjmp_unwind4@4    10015da8 f   libvcruntime:_exsup4_.obj
 0001:00014dd0       @_EH4_CallFilterFunc@8     10015dd0 f   libvcruntime:_exsup4_.obj
 0001:00014de8       @_EH4_TransferToHandler@8  10015de8 f   libvcruntime:_exsup4_.obj
 0001:00014e04       @_EH4_GlobalUnwind2@8      10015e04 f   libvcruntime:_exsup4_.obj
 0001:00014e20       @_EH4_LocalUnwind@16       10015e20 f   libvcruntime:_exsup4_.obj
 0001:00014e37       ___vcrt_initialize_locks   10015e37 f   libvcruntime:locks.obj
 0001:00014e73       ___vcrt_uninitialize_locks 10015e73 f   libvcruntime:locks.obj
 0001:00014ea2       ??$__crt_fast_encode_pointer@PAX@@YAPAXQAX@Z 10015ea2 f i libvcruntime:winapi_downlevel.obj
 0001:0001500c       ___vcrt_FlsAlloc           1001600c f   libvcruntime:winapi_downlevel.obj
 0001:00015046       ___vcrt_FlsFree            10016046 f   libvcruntime:winapi_downlevel.obj
 0001:00015080       ___vcrt_FlsGetValue        10016080 f   libvcruntime:winapi_downlevel.obj
 0001:000150ba       ___vcrt_FlsSetValue        100160ba f   libvcruntime:winapi_downlevel.obj
 0001:000150f7       ___vcrt_InitializeCriticalSectionEx 100160f7 f   libvcruntime:winapi_downlevel.obj
 0001:0001513d       ___vcrt_initialize_winapi_thunks 1001613d f   libvcruntime:winapi_downlevel.obj
 0001:00015177       ___vcrt_uninitialize_winapi_thunks 10016177 f   libvcruntime:winapi_downlevel.obj
 0001:000151a9       ___vcrt_initialize_pure_virtual_call_handler 100161a9 f   libvcruntime:purevirt_data.obj
 0001:000151d0       __global_unwind2           100161d0 f   libvcruntime:_exsup_.obj
 0001:00015236       __local_unwind2            10016236 f   libvcruntime:_exsup_.obj
 0001:000152ba       __abnormal_termination     100162ba f   libvcruntime:_exsup_.obj
 0001:000152e0       __NLG_Notify1              100162e0 f   libvcruntime:_exsup_.obj
 0001:000152ec       __NLG_Notify               100162ec f   libvcruntime:_exsup_.obj
 0001:00015303       __NLG_Dispatch2            10016303     libvcruntime:_exsup_.obj
 0001:00015303       __NLG_Dispatch             10016303     libvcruntime:_exsup_.obj
 0001:0001530b       __NLG_Call                 1001630b f   libvcruntime:_exsup_.obj
 0001:0001530d       __NLG_Return2              1001630d     libvcruntime:_exsup_.obj
 0001:0001530e       _unexpected                1001630e f   libvcruntime:unexpected.obj
 0001:0001532a       ___DestructExceptionObject 1001632a f   libvcruntime:ehhelpers.obj
 0001:000153bf       ?_CallMemberFunction0@@YGXQAX0@Z 100163bf f i libvcruntime:ehhelpers.obj
 0001:000153cc       __IsExceptionObjectToBeDestroyed 100163cc f   libvcruntime:ehhelpers.obj
 0001:000153f2       ___AdjustPointer           100163f2 f   libvcruntime:ehhelpers.obj
 0001:00015417       ___FrameUnwindFilter       10016417 f   libvcruntime:ehhelpers.obj
 0001:0001545c       ___std_exception_copy      1001645c f   libvcruntime:std_exception.obj
 0001:000154bf       ___std_exception_destroy   100164bf f   libvcruntime:std_exception.obj
 0001:000154de       __CxxThrowException@8      100164de f   libvcruntime:throw.obj
 0001:00015550       _memcpy                    10016550 f   libvcruntime:memcpy.obj
 0001:00015dc5       ??$count@D@formatting_buffer@__crt_stdio_output@@QBEIXZ 10016dc5 f i libucrt:output.obj
 0001:00015ddd       ??$ensure_buffer_is_big_enough@D@formatting_buffer@__crt_stdio_output@@QAE_NI@Z 10016ddd f i libucrt:output.obj
 0001:00015e63       ??$is_wide_character_specifier@D@__crt_stdio_output@@YA_N_KDW4length_modifier@0@@Z 10016e63 f i libucrt:output.obj
 0001:00015ea3       ??$is_wide_character_specifier@_W@__crt_stdio_output@@YA_N_K_WW4length_modifier@0@@Z 10016ea3 f i libucrt:output.obj
 0001:00015ef2       ??$scratch_data@D@formatting_buffer@__crt_stdio_output@@QAEPADXZ 10016ef2 f i libucrt:output.obj
 0001:00015f10       ??$type_case_integer_parse_into_buffer@I@?$output_processor@_WV?$string_output_adapter@_W@__crt_stdio_output@@V?$standard_base@_WV?$string_output_adapter@_W@__crt_stdio_output@@@2@@__crt_stdio_output@@AAEXII_N@Z 10016f10 f i libucrt:output.obj
 0001:00015f10       ??$type_case_integer_parse_into_buffer@I@?$output_processor@DV?$string_output_adapter@D@__crt_stdio_output@@V?$standard_base@DV?$string_output_adapter@D@__crt_stdio_output@@@2@@__crt_stdio_output@@AAEXII_N@Z 10016f10 f i libucrt:output.obj
 0001:00015f85       ??$type_case_integer_parse_into_buffer@_K@?$output_processor@_WV?$string_output_adapter@_W@__crt_stdio_output@@V?$standard_base@_WV?$string_output_adapter@_W@__crt_stdio_output@@@2@@__crt_stdio_output@@AAEX_KI_N@Z 10016f85 f i libucrt:output.obj
 0001:00015f85       ??$type_case_integer_parse_into_buffer@_K@?$output_processor@DV?$string_output_adapter@D@__crt_stdio_output@@V?$standard_base@DV?$string_output_adapter@D@__crt_stdio_output@@@2@@__crt_stdio_output@@AAEX_KI_N@Z 10016f85 f i libucrt:output.obj
 0001:0001600d       ??$write_multiple_characters@V?$string_output_adapter@D@__crt_stdio_output@@D@__crt_stdio_output@@YAXABV?$string_output_adapter@D@0@DHQAH@Z 1001700d f i libucrt:output.obj
 0001:00016039       ??$write_multiple_characters@V?$string_output_adapter@_W@__crt_stdio_output@@D@__crt_stdio_output@@YAXABV?$string_output_adapter@_W@0@DHQAH@Z 10017039 f i libucrt:output.obj
 0001:0001606a       ??0?$common_data@D@__crt_stdio_output@@IAE@XZ 1001706a f i libucrt:output.obj
 0001:000160b1       ??0?$common_data@_W@__crt_stdio_output@@IAE@XZ 100170b1 f i libucrt:output.obj
 0001:000160fd       ??0?$output_adapter_data@DV?$string_output_adapter@D@__crt_stdio_output@@@__crt_stdio_output@@IAE@ABV?$string_output_adapter@D@1@_KQBDQAU__crt_locale_pointers@@QAD@Z 100170fd f i libucrt:output.obj
 0001:00016139       ??0?$output_adapter_data@_WV?$string_output_adapter@_W@__crt_stdio_output@@@__crt_stdio_output@@IAE@ABV?$string_output_adapter@_W@1@_KQB_WQAU__crt_locale_pointers@@QAD@Z 10017139 f i libucrt:output.obj
 0001:00016175       ??0?$output_processor@DV?$string_output_adapter@D@__crt_stdio_output@@V?$standard_base@DV?$string_output_adapter@D@__crt_stdio_output@@@2@@__crt_stdio_output@@QAE@ABV?$string_output_adapter@D@1@_KQBDQAU__crt_locale_pointers@@QAD@Z 10017175 f i libucrt:output.obj
 0001:000161aa       ??0?$output_processor@_WV?$string_output_adapter@_W@__crt_stdio_output@@V?$standard_base@_WV?$string_output_adapter@_W@__crt_stdio_output@@@2@@__crt_stdio_output@@QAE@ABV?$string_output_adapter@_W@1@_KQB_WQAU__crt_locale_pointers@@QAD@Z 100171aa f i libucrt:output.obj
 0001:000161df       ??0_LocaleUpdate@@QAE@QAU__crt_locale_pointers@@@Z 100171df f i libucrt:output.obj
 0001:00016262       ??1formatting_buffer@__crt_stdio_output@@QAE@XZ 10017262 f i libucrt:output.obj
 0001:0001627c       ??4?$__crt_unique_heap_ptr@DU__crt_internal_free_policy@@@@QAEAAV0@$$QAV0@@Z 1001727c f i libucrt:output.obj
 0001:000162a0       ?crop_zeroes@__crt_stdio_output@@YAXPADQAU__crt_locale_pointers@@@Z 100172a0 f i libucrt:output.obj
 0001:000162f7       ?find_next_state@?$output_processor@DV?$string_output_adapter@D@__crt_stdio_output@@V?$standard_base@DV?$string_output_adapter@D@__crt_stdio_output@@@2@@__crt_stdio_output@@ABE?AW4state@2@DW432@@Z 100172f7 f i libucrt:output.obj
 0001:00016329       ?find_next_state@?$output_processor@_WV?$string_output_adapter@_W@__crt_stdio_output@@V?$standard_base@_WV?$string_output_adapter@_W@__crt_stdio_output@@@2@@__crt_stdio_output@@ABE?AW4state@2@_WW432@@Z 10017329 f i libucrt:output.obj
 0001:0001635d       ?force_decimal_point@__crt_stdio_output@@YAXPADQAU__crt_locale_pointers@@@Z 1001735d f i libucrt:output.obj
 0001:000163b9       ?parse_int_from_format_string@?$output_processor@DV?$string_output_adapter@D@__crt_stdio_output@@V?$standard_base@DV?$string_output_adapter@D@__crt_stdio_output@@@2@@__crt_stdio_output@@AAE_NQAH@Z 100173b9 f i libucrt:output.obj
 0001:00016415       ?parse_int_from_format_string@?$output_processor@_WV?$string_output_adapter@_W@__crt_stdio_output@@V?$standard_base@_WV?$string_output_adapter@_W@__crt_stdio_output@@@2@@__crt_stdio_output@@AAE_NQAH@Z 10017415 f i libucrt:output.obj
 0001:00016473       ?process@?$output_processor@DV?$string_output_adapter@D@__crt_stdio_output@@V?$standard_base@DV?$string_output_adapter@D@__crt_stdio_output@@@2@@__crt_stdio_output@@QAEHXZ 10017473 f i libucrt:output.obj
 0001:0001658f       ?process@?$output_processor@_WV?$string_output_adapter@_W@__crt_stdio_output@@V?$standard_base@_WV?$string_output_adapter@_W@__crt_stdio_output@@@2@@__crt_stdio_output@@QAEHXZ 1001758f f i libucrt:output.obj
 0001:000166af       ?state_case_flag@?$output_processor@DV?$string_output_adapter@D@__crt_stdio_output@@V?$standard_base@DV?$string_output_adapter@D@__crt_stdio_output@@@2@@__crt_stdio_output@@AAE_NXZ 100176af f i libucrt:output.obj
 0001:000166ec       ?state_case_flag@?$output_processor@_WV?$string_output_adapter@_W@__crt_stdio_output@@V?$standard_base@_WV?$string_output_adapter@_W@__crt_stdio_output@@@2@@__crt_stdio_output@@AAE_NXZ 100176ec f i libucrt:output.obj
 0001:00016729       ?state_case_normal@?$output_processor@DV?$string_output_adapter@D@__crt_stdio_output@@V?$standard_base@DV?$string_output_adapter@D@__crt_stdio_output@@@2@@__crt_stdio_output@@AAE_NXZ 10017729 f i libucrt:output.obj
 0001:00016748       ?state_case_normal@?$output_processor@_WV?$string_output_adapter@_W@__crt_stdio_output@@V?$standard_base@_WV?$string_output_adapter@_W@__crt_stdio_output@@@2@@__crt_stdio_output@@AAE_NXZ 10017748 f i libucrt:output.obj
 0001:00016767       ?state_case_normal_common@?$output_processor@DV?$string_output_adapter@D@__crt_stdio_output@@V?$standard_base@DV?$string_output_adapter@D@__crt_stdio_output@@@2@@__crt_stdio_output@@AAE_NXZ 10017767 f i libucrt:output.obj
 0001:00016791       ?state_case_normal_common@?$output_processor@_WV?$string_output_adapter@_W@__crt_stdio_output@@V?$standard_base@_WV?$string_output_adapter@_W@__crt_stdio_output@@@2@@__crt_stdio_output@@AAE_NXZ 10017791 f i libucrt:output.obj
 0001:000167ac       ?state_case_normal_tchar@?$output_processor@DV?$string_output_adapter@D@__crt_stdio_output@@V?$standard_base@DV?$string_output_adapter@D@__crt_stdio_output@@@2@@__crt_stdio_output@@AAE_ND@Z 100177ac f i libucrt:output.obj
 0001:0001680d       ?state_case_precision@?$output_processor@DV?$string_output_adapter@D@__crt_stdio_output@@V?$standard_base@DV?$string_output_adapter@D@__crt_stdio_output@@@2@@__crt_stdio_output@@AAE_NXZ 1001780d f i libucrt:output.obj
 0001:00016835       ?state_case_precision@?$output_processor@_WV?$string_output_adapter@_W@__crt_stdio_output@@V?$standard_base@_WV?$string_output_adapter@_W@__crt_stdio_output@@@2@@__crt_stdio_output@@AAE_NXZ 10017835 f i libucrt:output.obj
 0001:0001685e       ?state_case_size@?$output_processor@DV?$string_output_adapter@D@__crt_stdio_output@@V?$standard_base@DV?$string_output_adapter@D@__crt_stdio_output@@@2@@__crt_stdio_output@@AAE_NXZ 1001785e f i libucrt:output.obj
 0001:000169c7       ?state_case_size@?$output_processor@_WV?$string_output_adapter@_W@__crt_stdio_output@@V?$standard_base@_WV?$string_output_adapter@_W@__crt_stdio_output@@@2@@__crt_stdio_output@@AAE_NXZ 100179c7 f i libucrt:output.obj
 0001:00016b43       ?state_case_type@?$output_processor@DV?$string_output_adapter@D@__crt_stdio_output@@V?$standard_base@DV?$string_output_adapter@D@__crt_stdio_output@@@2@@__crt_stdio_output@@AAE_NXZ 10017b43 f i libucrt:output.obj
 0001:00016d72       ?state_case_type@?$output_processor@_WV?$string_output_adapter@_W@__crt_stdio_output@@V?$standard_base@_WV?$string_output_adapter@_W@__crt_stdio_output@@@2@@__crt_stdio_output@@AAE_NXZ 10017d72 f i libucrt:output.obj
 0001:00016fcf       ?state_case_width@?$output_processor@DV?$string_output_adapter@D@__crt_stdio_output@@V?$standard_base@DV?$string_output_adapter@D@__crt_stdio_output@@@2@@__crt_stdio_output@@AAE_NXZ 10017fcf f i libucrt:output.obj
 0001:00016ffa       ?state_case_width@?$output_processor@_WV?$string_output_adapter@_W@__crt_stdio_output@@V?$standard_base@_WV?$string_output_adapter@_W@__crt_stdio_output@@@2@@__crt_stdio_output@@AAE_NXZ 10017ffa f i libucrt:output.obj
 0001:00017026       ?to_integer_size@__crt_stdio_output@@YAIW4length_modifier@1@@Z 10018026 f i libucrt:output.obj
 0001:00017082       ?type_case_Z@?$output_processor@DV?$string_output_adapter@D@__crt_stdio_output@@V?$standard_base@DV?$string_output_adapter@D@__crt_stdio_output@@@2@@__crt_stdio_output@@AAE_NXZ 10018082 f i libucrt:output.obj
 0001:000170e5       ?type_case_Z@?$output_processor@_WV?$string_output_adapter@_W@__crt_stdio_output@@V?$standard_base@_WV?$string_output_adapter@_W@__crt_stdio_output@@@2@@__crt_stdio_output@@AAE_NXZ 100180e5 f i libucrt:output.obj
 0001:00017148       ?type_case_a@?$output_processor@DV?$string_output_adapter@D@__crt_stdio_output@@V?$standard_base@DV?$string_output_adapter@D@__crt_stdio_output@@@2@@__crt_stdio_output@@AAE_NXZ 10018148 f i libucrt:output.obj
 0001:000172a2       ?type_case_a@?$output_processor@_WV?$string_output_adapter@_W@__crt_stdio_output@@V?$standard_base@_WV?$string_output_adapter@_W@__crt_stdio_output@@@2@@__crt_stdio_output@@AAE_NXZ 100182a2 f i libucrt:output.obj
 0001:00017414       ?type_case_c_tchar@?$output_processor@DV?$string_output_adapter@D@__crt_stdio_output@@V?$standard_base@DV?$string_output_adapter@D@__crt_stdio_output@@@2@@__crt_stdio_output@@AAE_ND@Z 10018414 f i libucrt:output.obj
 0001:000174a4       ?type_case_c_tchar@?$output_processor@_WV?$string_output_adapter@_W@__crt_stdio_output@@V?$standard_base@_WV?$string_output_adapter@_W@__crt_stdio_output@@@2@@__crt_stdio_output@@AAE_N_W@Z 100184a4 f i libucrt:output.obj
 0001:0001753c       ?type_case_integer@?$output_processor@DV?$string_output_adapter@D@__crt_stdio_output@@V?$standard_base@DV?$string_output_adapter@D@__crt_stdio_output@@@2@@__crt_stdio_output@@AAE_NI_N@Z 1001853c f i libucrt:output.obj
 0001:0001753c       ?type_case_integer@?$output_processor@_WV?$string_output_adapter@_W@__crt_stdio_output@@V?$standard_base@_WV?$string_output_adapter@_W@__crt_stdio_output@@@2@@__crt_stdio_output@@AAE_NI_N@Z 1001853c f i libucrt:output.obj
 0001:00017686       ?type_case_n@?$output_processor@DV?$string_output_adapter@D@__crt_stdio_output@@V?$standard_base@DV?$string_output_adapter@D@__crt_stdio_output@@@2@@__crt_stdio_output@@AAE_NXZ 10018686 f i libucrt:output.obj
 0001:00017686       ?type_case_n@?$output_processor@_WV?$string_output_adapter@_W@__crt_stdio_output@@V?$standard_base@_WV?$string_output_adapter@_W@__crt_stdio_output@@@2@@__crt_stdio_output@@AAE_NXZ 10018686 f i libucrt:output.obj
 0001:000176fa       ?type_case_o@?$output_processor@_WV?$string_output_adapter@_W@__crt_stdio_output@@V?$standard_base@_WV?$string_output_adapter@_W@__crt_stdio_output@@@2@@__crt_stdio_output@@AAE_NXZ 100186fa f i libucrt:output.obj
 0001:000176fa       ?type_case_o@?$output_processor@DV?$string_output_adapter@D@__crt_stdio_output@@V?$standard_base@DV?$string_output_adapter@D@__crt_stdio_output@@@2@@__crt_stdio_output@@AAE_NXZ 100186fa f i libucrt:output.obj
 0001:00017719       ?type_case_p@?$output_processor@DV?$string_output_adapter@D@__crt_stdio_output@@V?$standard_base@DV?$string_output_adapter@D@__crt_stdio_output@@@2@@__crt_stdio_output@@AAE_NXZ 10018719 f i libucrt:output.obj
 0001:00017719       ?type_case_p@?$output_processor@_WV?$string_output_adapter@_W@__crt_stdio_output@@V?$standard_base@_WV?$string_output_adapter@_W@__crt_stdio_output@@@2@@__crt_stdio_output@@AAE_NXZ 10018719 f i libucrt:output.obj
 0001:00017731       ?type_case_s@?$output_processor@DV?$string_output_adapter@D@__crt_stdio_output@@V?$standard_base@DV?$string_output_adapter@D@__crt_stdio_output@@@2@@__crt_stdio_output@@AAE_NXZ 10018731 f i libucrt:output.obj
 0001:000177a4       ?type_case_s@?$output_processor@_WV?$string_output_adapter@_W@__crt_stdio_output@@V?$standard_base@_WV?$string_output_adapter@_W@__crt_stdio_output@@@2@@__crt_stdio_output@@AAE_NXZ 100187a4 f i libucrt:output.obj
 0001:00017818       ?type_case_s_compute_narrow_string_length@?$output_processor@_WV?$string_output_adapter@_W@__crt_stdio_output@@V?$standard_base@_WV?$string_output_adapter@_W@__crt_stdio_output@@@2@@__crt_stdio_output@@ABEHH_W@Z 10018818 f i libucrt:output.obj
 0001:00017858       ?validate@?$c_string_character_source@_W@__crt_strtox@@QBE_NXZ 10018858 f i libucrt:strtox.obj
 0001:00017858       ?validate@?$string_output_adapter@_W@__crt_stdio_output@@QBE_NXZ 10018858 f i libucrt:output.obj
 0001:00017858       ?validate@?$c_string_character_source@D@__crt_strtox@@QBE_NXZ 10018858 f i libucrt:strtox.obj
 0001:00017858       ?validate@?$string_output_adapter@D@__crt_stdio_output@@QBE_NXZ 10018858 f i libucrt:output.obj
 0001:00017873       ?write_character@?$string_output_adapter@D@__crt_stdio_output@@QBE_NDQAH@Z 10018873 f i libucrt:output.obj
 0001:000178b5       ?write_character@?$string_output_adapter@_W@__crt_stdio_output@@QBE_N_WQAH@Z 100188b5 f i libucrt:output.obj
 0001:000178fa       ?write_stored_string_tchar@?$output_processor@DV?$string_output_adapter@D@__crt_stdio_output@@V?$standard_base@DV?$string_output_adapter@D@__crt_stdio_output@@@2@@__crt_stdio_output@@AAE_ND@Z 100188fa f i libucrt:output.obj
 0001:000179a1       ?write_stored_string_tchar@?$output_processor@_WV?$string_output_adapter@_W@__crt_stdio_output@@V?$standard_base@_WV?$string_output_adapter@_W@__crt_stdio_output@@@2@@__crt_stdio_output@@AAE_N_W@Z 100189a1 f i libucrt:output.obj
 0001:00017a2c       ?write_string@?$string_output_adapter@D@__crt_stdio_output@@QBEXQBDHQAH1@Z 10018a2c f i libucrt:output.obj
 0001:00017abf       ?write_string@?$string_output_adapter@_W@__crt_stdio_output@@QBEXQB_WHQAH1@Z 10018abf f i libucrt:output.obj
 0001:00017b59       ___stdio_common_vsprintf   10018b59 f   libucrt:output.obj
 0001:00017b7d       ___stdio_common_vswprintf  10018b7d f   libucrt:output.obj
 0001:00017ba1       _wcsncmp                   10018ba1 f   libucrt:wcsncmp.obj
 0001:00017bdb       ??$is_overflow_condition@K@__crt_strtox@@YA_NIK@Z 10018bdb f i libucrt:strtox.obj
 0001:00017c0e       ??$make_c_string_character_source@DPAPAD@__crt_strtox@@YA?AV?$c_string_character_source@D@0@QBDQAPAD@Z 10018c0e f i libucrt:strtox.obj
 0001:00017c0e       ??$make_c_string_character_source@_WPAPA_W@__crt_strtox@@YA?AV?$c_string_character_source@_W@0@QB_WQAPA_W@Z 10018c0e f i libucrt:strtox.obj
 0001:00017c29       ??$parse_integer@KV?$c_string_character_source@D@__crt_strtox@@@__crt_strtox@@YAKQAU__crt_locale_pointers@@V?$c_string_character_source@D@0@H_N@Z 10018c29 f i libucrt:strtox.obj
 0001:00017e51       ??$parse_integer@KV?$c_string_character_source@_W@__crt_strtox@@@__crt_strtox@@YAKQAU__crt_locale_pointers@@V?$c_string_character_source@_W@0@H_N@Z 10018e51 f i libucrt:strtox.obj
 0001:00018536       ?unget@?$c_string_character_source@D@__crt_strtox@@QAEXD@Z 10019536 f i libucrt:strtox.obj
 0001:0001855e       ?unget@?$c_string_character_source@_W@__crt_strtox@@QAEX_W@Z 1001955e f i libucrt:strtox.obj
 0001:0001858a       __chvalidchk_l             1001958a f i libucrt:strtox.obj
 0001:000185b4       __ischartype_l             100195b4 f i libucrt:strtox.obj
 0001:000185e7       _strtol                    100195e7 f   libucrt:strtox.obj
 0001:00018613       _wcstol                    10019613 f   libucrt:strtox.obj
 0001:0001863f       _wcspbrk                   1001963f f   libucrt:wcspbrk.obj
 0001:00018684       __initterm                 10019684 f   libucrt:initterm.obj
 0001:000186e0       __initterm_e               100196e0 f   libucrt:initterm.obj
 0001:00018725       __seh_filter_dll           10019725 f   libucrt:exception_filter.obj
 0001:00018745       __seh_filter_exe           10019745 f   libucrt:exception_filter.obj
 0001:00018ad3       ___acrt_initialize_thread_local_exit_callback 10019ad3 f   libucrt:exit.obj
 0001:00018ae2       __cexit                    10019ae2 f   libucrt:exit.obj
 0001:00018af1       __exit                     10019af1 f   libucrt:exit.obj
 0001:00018b07       __is_c_termination_complete 10019b07 f   libucrt:exit.obj
 0001:00018da6       ___acrt_allocate_buffer_for_argv 10019da6 f   libucrt:argv_parsing.obj
 0001:00018dfb       __configure_narrow_argv    10019dfb f   libucrt:argv_parsing.obj
 0001:00018f5f       ??$uninitialize@A6AXAAPAPA_W@Z@?$dual_state_global@PAPA_W@__crt_state_management@@QAEXA6AXAAPAPA_W@Z@Z 10019f5f f i libucrt:environment_initialization.obj
 0001:00018f5f       ??$uninitialize@A6AXAAPAPAD@Z@?$dual_state_global@PAPAD@__crt_state_management@@QAEXA6AXAAPAPAD@Z@Z 10019f5f f i libucrt:environment_initialization.obj
 0001:00018fd5       ?initialize@?$dual_state_global@P6AXH@Z@__crt_state_management@@QAEXQ6AXH@Z@Z 10019fd5 f i libucrt:signal.obj
 0001:00018fd5       ?initialize@?$dual_state_global@P6AHI@Z@__crt_state_management@@QAEXQ6AHI@Z@Z 10019fd5 f i libucrt:new_handler.obj
 0001:00018fd5       ?initialize@?$dual_state_global@P6AXPB_W00II@Z@__crt_state_management@@QAEXQ6AXPB_W00II@Z@Z 10019fd5 f i libucrt:invalid_parameter.obj
 0001:00018fd5       ?initialize@?$dual_state_global@P6AHPAU_exception@@@Z@__crt_state_management@@QAEXQ6AHPAU_exception@@@Z@Z 10019fd5 f i libucrt:matherr.obj
 0001:00018fd5       ?initialize@?$dual_state_global@PAPAD@__crt_state_management@@QAEXQAPAD@Z 10019fd5 f i libucrt:environment_initialization.obj
 0001:00018fd5       ?initialize@?$dual_state_global@PAU__crt_locale_data@@@__crt_state_management@@QAEXQAU__crt_locale_data@@@Z 10019fd5 f i libucrt:initialization.obj
 0001:00019006       ___dcrt_uninitialize_environments_nolock 1001a006 f   libucrt:environment_initialization.obj
 0001:0001903d       __initialize_narrow_environment 1001a03d f   libucrt:environment_initialization.obj
 0001:00019042       ??$?RV<lambda_995298e7d72eb4c2aab26c0585b3abe5>@@AAV<lambda_275893d493268fdec8709772e3fcec0e>@@V<lambda_293819299cbf9a7022e18b56a874bb5c>@@@?$__crt_seh_guarded_call@H@@QAEH$$QAV<lambda_995298e7d72eb4c2aab26c0585b3abe5>@@AAV<lambda_275893d493268fdec8709772e3fcec0e>@@$$QAV<lambda_293819299cbf9a7022e18b56a874bb5c>@@@Z 1001a042 f i libucrt:onexit.obj
 0001:00019093       ??$__acrt_lock_and_call@V<lambda_275893d493268fdec8709772e3fcec0e>@@@@YAHW4__acrt_lock_id@@$$QAV<lambda_275893d493268fdec8709772e3fcec0e>@@@Z 1001a093 f i libucrt:onexit.obj
 0001:000191db       __execute_onexit_table     1001a1db f   libucrt:onexit.obj
 0001:000191f8       __initialize_onexit_table  1001a1f8 f   libucrt:onexit.obj
 0001:00019261       ___acrt_uninitialize_command_line 1001a261 f   libucrt:argv_data.obj
 0001:00019329       ___acrt_initialize         1001a329 f   libucrt:initialization.obj
 0001:0001933b       ___acrt_thread_attach      1001a33b f   libucrt:initialization.obj
 0001:00019346       ___acrt_thread_detach      1001a346 f   libucrt:initialization.obj
 0001:0001934e       ___acrt_uninitialize       1001a34e f   libucrt:initialization.obj
 0001:00019360       ___acrt_uninitialize_critical 1001a360 f   libucrt:initialization.obj
 0001:00019372       _terminate                 1001a372 f   libucrt:terminate.obj
 0001:000193ae       __free_base                1001a3ae f   libucrt:free_base.obj
 0001:000193e8       __malloc_base              1001a3e8 f   libucrt:malloc_base.obj
 0001:00019436       _strcpy_s                  1001a436 f   libucrt:strcpy_s.obj
 0001:00019490       _abort                     1001a490 f   libucrt:abort.obj
 0001:000194d3       __calloc_base              1001a4d3 f   libucrt:calloc_base.obj
 0001:00019530       _strncmp                   1001a530 f   libucrt:strncmp.obj
 0001:000195a8       _free                      1001a5a8 f   libucrt:free.obj
 0001:000195ad       _malloc                    1001a5ad f   libucrt:malloc.obj
 0001:000195b8       ___acrt_call_reportfault   1001a5b8 f   libucrt:invalid_parameter.obj
 0001:000196f3       ___acrt_initialize_invalid_parameter_handler 1001a6f3 f   libucrt:invalid_parameter.obj
 0001:00019707       __invalid_parameter        1001a707 f   libucrt:invalid_parameter.obj
 0001:00019782       __invalid_parameter_noinfo 1001a782 f   libucrt:invalid_parameter.obj
 0001:00019792       __invoke_watson            1001a792 f   libucrt:invalid_parameter.obj
 0001:000197c5       __isdigit_l                1001a7c5 f i libucrt:_ctype.obj
 0001:000197fd       _isdigit                   1001a7fd f i libucrt:_ctype.obj
 0001:00019991       __tolower_l                1001a991 f   libucrt:tolower_toupper.obj
 0001:000199ab       _tolower                   1001a9ab f   libucrt:tolower_toupper.obj
 0001:000199db       ___acrt_errno_from_os_error 1001a9db f   libucrt:errno.obj
 0001:00019a1e       ___acrt_errno_map_os_error 1001aa1e f   libucrt:errno.obj
 0001:00019a41       ___doserrno                1001aa41 f   libucrt:errno.obj
 0001:00019a54       __errno                    1001aa54 f   libucrt:errno.obj
 0001:00019a67       __mbtowc_l                 1001aa67 f   libucrt:mbtowc.obj
 0001:00019b61       _mbtowc                    1001ab61 f   libucrt:mbtowc.obj
 0001:00019b7b       __wctomb_s_l               1001ab7b f   libucrt:wctomb.obj
 0001:00019c9c       _wctomb_s                  1001ac9c f   libucrt:wctomb.obj
 0001:00019cb9       _strnlen                   1001acb9 f   libucrt:strnlen.obj
 0001:00019de0       _wcsnlen                   1001ade0 f   libucrt:strnlen.obj
 0001:00019f97       ??$?RV<lambda_3518db117f0e7cdb002338c5d3c47b6c>@@AAV<lambda_b2ea41f6bbb362cd97d94c6828d90b61>@@V<lambda_abdedf541bb04549bc734292b4a045d4>@@@?$__crt_seh_guarded_call@X@@QAEX$$QAV<lambda_3518db117f0e7cdb002338c5d3c47b6c>@@AAV<lambda_b2ea41f6bbb362cd97d94c6828d90b61>@@$$QAV<lambda_abdedf541bb04549bc734292b4a045d4>@@@Z 1001af97 f i libucrt:per_thread_data.obj
 0001:00019fe7       ??$?RV<lambda_51b6e8b1eb166f2a3faf91f424b38130>@@AAV<lambda_6250bd4b2a391816dd638c3bf72b0bcb>@@V<lambda_0b5a4a3e68152e1d9b943535f5f47bed>@@@?$__crt_seh_guarded_call@X@@QAEX$$QAV<lambda_51b6e8b1eb166f2a3faf91f424b38130>@@AAV<lambda_6250bd4b2a391816dd638c3bf72b0bcb>@@$$QAV<lambda_0b5a4a3e68152e1d9b943535f5f47bed>@@@Z 1001afe7 f i libucrt:per_thread_data.obj
 0001:0001a048       ??$?RV<lambda_5b71d36f03204c0beab531769a5b5694>@@AAV<lambda_be2b3da3f62db62e9dad5dc70221a656>@@V<lambda_8f9ce462984622f9bf76b59e2aaaf805>@@@?$__crt_seh_guarded_call@X@@QAEX$$QAV<lambda_5b71d36f03204c0beab531769a5b5694>@@AAV<lambda_be2b3da3f62db62e9dad5dc70221a656>@@$$QAV<lambda_8f9ce462984622f9bf76b59e2aaaf805>@@@Z 1001b048 f i libucrt:per_thread_data.obj
 0001:0001a093       ??$?RV<lambda_9df27f884b057bc3edfc946cb5b7cf47>@@AAV<lambda_e69574bed617af4e071282c136b37893>@@V<lambda_cc0d902bcbbeb830f749456577db4721>@@@?$__crt_seh_guarded_call@X@@QAEX$$QAV<lambda_9df27f884b057bc3edfc946cb5b7cf47>@@AAV<lambda_e69574bed617af4e071282c136b37893>@@$$QAV<lambda_cc0d902bcbbeb830f749456577db4721>@@@Z 1001b093 f i libucrt:per_thread_data.obj
 0001:0001a0db       ??$__acrt_lock_and_call@V<lambda_6250bd4b2a391816dd638c3bf72b0bcb>@@@@YAXW4__acrt_lock_id@@$$QAV<lambda_6250bd4b2a391816dd638c3bf72b0bcb>@@@Z 1001b0db f i libucrt:per_thread_data.obj
 0001:0001a103       ??$__acrt_lock_and_call@V<lambda_b2ea41f6bbb362cd97d94c6828d90b61>@@@@YAXW4__acrt_lock_id@@$$QAV<lambda_b2ea41f6bbb362cd97d94c6828d90b61>@@@Z 1001b103 f i libucrt:per_thread_data.obj
 0001:0001a12b       ??$__acrt_lock_and_call@V<lambda_be2b3da3f62db62e9dad5dc70221a656>@@@@YAXW4__acrt_lock_id@@$$QAV<lambda_be2b3da3f62db62e9dad5dc70221a656>@@@Z 1001b12b f i libucrt:per_thread_data.obj
 0001:0001a153       ??$__acrt_lock_and_call@V<lambda_e69574bed617af4e071282c136b37893>@@@@YAXW4__acrt_lock_id@@$$QAV<lambda_e69574bed617af4e071282c136b37893>@@@Z 1001b153 f i libucrt:per_thread_data.obj
 0001:0001a309       ___acrt_freeptd            1001b309 f   libucrt:per_thread_data.obj
 0001:0001a335       ___acrt_getptd             1001b335 f   libucrt:per_thread_data.obj
 0001:0001a3b9       ___acrt_getptd_noexit      1001b3b9 f   libucrt:per_thread_data.obj
 0001:0001a43e       ___acrt_initialize_ptd     1001b43e f   libucrt:per_thread_data.obj
 0001:0001a46a       ___acrt_uninitialize_ptd   1001b46a f   libucrt:per_thread_data.obj
 0001:0001a484       ___acrt_update_locale_info 1001b484 f   libucrt:locale_update.obj
 0001:0001a4b1       ___acrt_update_multibyte_info 1001b4b1 f   libucrt:locale_update.obj
 0001:0001a4de       ?__acrt_fp_classify@@YA?AW4__acrt_fp_class@@ABN@Z 1001b4de f i libucrt:cvt.obj
 0001:0001a54a       ?__acrt_fp_is_negative@@YA_NABN@Z 1001b54a f i libucrt:cvt.obj
 0001:0001ada9       ___acrt_fp_format          1001bda9 f   libucrt:cvt.obj
 0001:0001aef3       __fileno                   1001bef3 f   libucrt:fileno.obj
 0001:0001af19       ___acrt_initialize_stdio   1001bf19 f   libucrt:_file.obj
 0001:0001afe3       ___acrt_uninitialize_stdio 1001bfe3 f   libucrt:_file.obj
 0001:0001b02f       __lock_file                1001c02f f   libucrt:_file.obj
 0001:0001b043       __unlock_file              1001c043 f   libucrt:_file.obj
 0001:0001b057       __get_printf_count_output  1001c057 f   libucrt:printf_count_output.obj
 0001:0001b06c       ___acrt_set_locale_changed 1001c06c f   libucrt:wsetlocale.obj
 0001:0001b077       ___acrt_uninitialize_locale 1001c077 f   libucrt:wsetlocale.obj
 0001:0001b235       ___acrt_initialize_lowio   1001c235 f   libucrt:ioinit.obj
 0001:0001b28b       ___acrt_uninitialize_lowio 1001c28b f   libucrt:ioinit.obj
 0001:0001b2b7       ___pctype_func             1001c2b7 f   libucrt:ctype.obj
 0001:0001b2dd       _iswctype                  1001c2dd f   libucrt:iswctype.obj
 0001:0001b33c       __isctype_l                1001c33c f   libucrt:isctype.obj
 0001:0001b40e       ___acrt_initialize_locks   1001c40e f   libucrt:locks.obj
 0001:0001b44f       ___acrt_lock               1001c44f f   libucrt:locks.obj
 0001:0001b466       ___acrt_uninitialize_locks 1001c466 f   libucrt:locks.obj
 0001:0001b497       ___acrt_unlock             1001c497 f   libucrt:locks.obj
 0001:0001b5c5       ___acrt_FlsAlloc@4         1001c5c5 f   libucrt:winapi_thunks.obj
 0001:0001b61b       ___acrt_FlsFree@4          1001c61b f   libucrt:winapi_thunks.obj
 0001:0001b671       ___acrt_FlsGetValue@4      1001c671 f   libucrt:winapi_thunks.obj
 0001:0001b6c7       ___acrt_FlsSetValue@8      1001c6c7 f   libucrt:winapi_thunks.obj
 0001:0001b720       ___acrt_InitializeCriticalSectionEx@12 1001c720 f   libucrt:winapi_thunks.obj
 0001:0001b782       ___acrt_LCMapStringEx@36   1001c782 f   libucrt:winapi_thunks.obj
 0001:0001b80a       ___acrt_LocaleNameToLCID@8 1001c80a f   libucrt:winapi_thunks.obj
 0001:0001b866       ___acrt_initialize_winapi_thunks 1001c866 f   libucrt:winapi_thunks.obj
 0001:0001b88c       ___acrt_is_packaged_app    1001c88c f   libucrt:winapi_thunks.obj
 0001:0001b913       ___acrt_uninitialize_winapi_thunks 1001c913 f   libucrt:winapi_thunks.obj
 0001:0001bd0b       ??1?$argument_list@D@?A0xb0e4b824@@QAE@XZ 1001cd0b f i libucrt:argv_wildcards.obj
 0001:0001bd30       ?append@?$argument_list@D@?A0xb0e4b824@@QAEHQAD@Z 1001cd30 f i libucrt:argv_wildcards.obj
 0001:0001bd65       ?expand_if_necessary@?$argument_list@D@?A0xb0e4b824@@AAEHXZ 1001cd65 f i libucrt:argv_wildcards.obj
 0001:0001bdec       ___acrt_expand_narrow_argv_wildcards 1001cdec f   libucrt:argv_wildcards.obj
[...]
 0002:000060b0       _One                       1002b0b0     libucrt:ceil_pentium4.obj
 0002:000060c0       _Bns                       1002b0c0     libucrt:ceil_pentium4.obj
 0002:000060d0       _Zero                      1002b0d0     libucrt:ceil_pentium4.obj
 0002:000060e0       _S                         1002b0e0     libucrt:ceil_pentium4.obj
 0002:000060f0       _NegZero                   1002b0f0     libucrt:ceil_pentium4.obj
 0002:00006100       emask                      1002b100     libucrt:log10_pentium4.obj
 0002:00006110       CC                         1002b110     libucrt:log10_pentium4.obj
 0002:00006120       Magic                      1002b120     libucrt:log10_pentium4.obj
 0002:00006130       hi_mask                    1002b130     libucrt:log10_pentium4.obj
 0002:00006140       LOG10_2                    1002b140     libucrt:log10_pentium4.obj
 0002:00006150       place_L                    1002b150     libucrt:log10_pentium4.obj
 0002:00006170       One                        1002b170     libucrt:log10_pentium4.obj
 0002:00006180       Zero                       1002b180     libucrt:log10_pentium4.obj
 0002:00006190       Two52                      1002b190     libucrt:log10_pentium4.obj
 0002:000061a0       Infs                       1002b1a0     libucrt:log10_pentium4.obj
 0002:000061b0       NaN                        1002b1b0     libucrt:log10_pentium4.obj
 0002:000061c0       coeff                      1002b1c0     libucrt:log10_pentium4.obj
 0002:0000621e       _log2max                   1002b21e     libucrt:87tran.obj
 0002:00006228       _smallarg                  1002b228     libucrt:87tran.obj
 0002:00006232       _half                      1002b232     libucrt:87tran.obj
 0002:0000627e       One                        1002b27e     libucrt:87disp.obj
 0002:00006286       Three                      1002b286     libucrt:87disp.obj
 0002:0000628e       XAMtoTagTab                1002b28e     libucrt:87disp.obj
 0002:000062a0       One                        1002b2a0     libucrt:common.obj
 0002:000062b4       DblMax                     1002b2b4     libucrt:common.obj
 0002:000062bc       DblMin                     1002b2bc     libucrt:common.obj
 0002:000062c4       IeeeAdjO                   1002b2c4     libucrt:common.obj
 0002:000062cc       IeeeAdjU                   1002b2cc     libucrt:common.obj
 0002:000062d4       _infinity                  1002b2d4     libucrt:common.obj
 0002:000062dc       _zero                      1002b2dc     libucrt:common.obj
 0002:00006318       _over                      1002b318     libucrt:fpctrl.obj
 0002:00006324       _under                     1002b324     libucrt:fpctrl.obj
 0002:00006be8       ?_names@?1??_get_fname@@9@9 1002bbe8     libucrt:fpexcept.obj
 0002:00007378       __unwindtable$?LoadThSet@@YAHK@Z 1002c378     ConEmuTh.obj
 0002:00007380       __ehfuncinfo$?LoadThSet@@YAHK@Z 1002c380     ConEmuTh.obj
 0002:000073a4       __unwindtable$?StartPlugin@@YAXH@Z 1002c3a4     ConEmuTh.obj
 0002:000073ac       __ehfuncinfo$?StartPlugin@@YAXH@Z 1002c3ac     ConEmuTh.obj
 0002:000073d0       __unwindtable$?CheckVarsInitialized@@YAXXZ 1002c3d0     ConEmuTh.obj
 0002:000073e8       __ehfuncinfo$?CheckVarsInitialized@@YAXXZ 1002c3e8     ConEmuTh.obj
 0002:0000740c       __unwindtable$?ReallocItems@CeFullPanelInfo@@QAEHH@Z 1002c40c     Display.obj
 0002:00007414       __ehfuncinfo$?ReallocItems@CeFullPanelInfo@@QAEHH@Z 1002c414     Display.obj
 0002:00007438       __unwindtable$?Paint@CeFullPanelInfo@@QAEXPAUHWND__@@AAUtagPAINTSTRUCT@@AAUtagRECT@@@Z 1002c438     Display.obj
 0002:00007440       __ehfuncinfo$?Paint@CeFullPanelInfo@@QAEXPAUHWND__@@AAUtagPAINTSTRUCT@@AAUtagRECT@@@Z 1002c440     Display.obj
 0002:00007464       __ehfuncinfo$??1CRgnDetect@@QAE@XZ 1002c464     common-user32:RgnDetect.obj
 0002:00007464       __ehfuncinfo$??1CImgCache@@QAE@XZ 1002c464     ImgCache.obj
 0002:00007464       __ehfuncinfo$??1?$CQueueProcessor@PAUIMAGE_CACHE_INFO@@@@UAE@XZ 1002c464     ImgCache.obj
 0002:00007488       __unwindtable$?RequestItem@CImgCache@@QAEHPAUCePluginPanelItem@@I@Z 1002c488     ImgCache.obj
 0002:00007490       __ehfuncinfo$?RequestItem@CImgCache@@QAEHPAUCePluginPanelItem@@I@Z 1002c490     ImgCache.obj
 0002:000074b4       __unwindtable$?FindOrCreate@?$CQueueProcessor@PAUIMAGE_CACHE_INFO@@@@AAEPAUProcessingItem@1@ABQAUIMAGE_CACHE_INFO@@J_NW4ProcessingPriority@@@Z 1002c4b4     ImgCache.obj
 0002:000074bc       __ehfuncinfo$?FindOrCreate@?$CQueueProcessor@PAUIMAGE_CACHE_INFO@@@@AAEPAUProcessingItem@1@ABQAUIMAGE_CACHE_INFO@@J_NW4ProcessingPriority@@@Z 1002c4bc     ImgCache.obj
 0002:000074e0       __unwindtable$??0?$CQueueProcessor@PAUIMAGE_CACHE_INFO@@@@QAE@XZ 1002c4e0     ImgCache.obj
 0002:000074e8       __ehfuncinfo$??0?$CQueueProcessor@PAUIMAGE_CACHE_INFO@@@@QAE@XZ 1002c4e8     ImgCache.obj
 0002:00007510       __sehtable$?ProcessItem@?$CQueueProcessor@PAUIMAGE_CACHE_INFO@@@@IAEJPAUProcessingItem@1@@Z 1002c510     ImgCache.obj
 0002:0000752c       __unwindtable$?ProcessingStep@?$CQueueProcessor@PAUIMAGE_CACHE_INFO@@@@IAE_NXZ 1002c52c     ImgCache.obj
 0002:00007534       __ehfuncinfo$?ProcessingStep@?$CQueueProcessor@PAUIMAGE_CACHE_INFO@@@@IAE_NXZ 1002c534     ImgCache.obj
 0002:00007558       __sehtable$?SetThreadName@@YAXKPAD@Z 1002c558     common-kernel32:WThreads.obj
 0002:00007574       __unwindtable$?SearchAppPaths@@YA_NPB_WAAUCEStr@@_NPAU1@@Z 1002c574     common-user32:WFiles.obj
 0002:0000757c       __ehfuncinfo$?SearchAppPaths@@YA_NPB_WAAUCEStr@@_NPAU1@@Z 1002c57c     common-user32:WFiles.obj
 0002:000075a0       __sehtable$?dllmain_crt_process_attach@@YAHQAUHINSTANCE__@@QAX@Z 1002c5a0     LIBCMT:dll_dllmain.obj
 0002:000075c0       __sehtable$?dllmain_crt_process_detach@@YAH_N@Z 1002c5c0     LIBCMT:dll_dllmain.obj
 0002:000075e0       __sehtable$?dllmain_dispatch@@YAHQAUHINSTANCE__@@KQAX@Z 1002c5e0     LIBCMT:dll_dllmain.obj
 0002:00007600       __sehtable$___scrt_is_nonwritable_in_current_image 1002c600     LIBCMT:utility.obj
 0002:00007620       __sehtable$___BuildCatchObject 1002c620     libvcruntime:frame.obj
 0002:00007640       __sehtable$___FrameUnwindToState 1002c640     libvcruntime:frame.obj
 0002:00007668       __sehtable$?CallCatchBlock@@YAPAXPAUEHExceptionRecord@@PAUEHRegistrationNode@@PAU_CONTEXT@@PBU_s_FuncInfo@@PAXHK@Z 1002c668     libvcruntime:frame.obj
 0002:00007690       __catchsym$?CallUnexpected@@YAXPBU_s_ESTypeList@@@Z$2 1002c690     libvcruntime:frame.obj
 0002:000076a0       __unwindtable$?CallUnexpected@@YAXPBU_s_ESTypeList@@@Z 1002c6a0     libvcruntime:frame.obj
 0002:000076b0       __tryblocktable$?CallUnexpected@@YAXPBU_s_ESTypeList@@@Z 1002c6b0     libvcruntime:frame.obj
 0002:000076c4       __ehfuncinfo$?CallUnexpected@@YAXPBU_s_ESTypeList@@@Z 1002c6c4     libvcruntime:frame.obj
 0002:000076e8       __sehtable$___BuildCatchObjectHelper 1002c6e8     libvcruntime:frame.obj
 0002:00007758       __sehtable$___DestructExceptionObject 1002c758     libvcruntime:ehhelpers.obj
 0002:00007778       __sehtable$?common_exit@@YAXHW4_crt_exit_cleanup_mode@@W4_crt_exit_return_mode@@@Z 1002c778     libucrt:exit.obj
 0002:000077a0       __sehtable$??$?RV<lambda_995298e7d72eb4c2aab26c0585b3abe5>@@AAV<lambda_275893d493268fdec8709772e3fcec0e>@@V<lambda_293819299cbf9a7022e18b56a874bb5c>@@@?$__crt_seh_guarded_call@H@@QAEH$$QAV<lambda_995298e7d72eb4c2aab26c0585b3abe5>@@AAV<lambda_275893d493268fdec8709772e3fcec0e>@@$$QAV<lambda_293819299cbf9a7022e18b56a874bb5c>@@@Z 1002c7a0     libucrt:onexit.obj
 0002:000077c0       __sehtable$_terminate      1002c7c0     libucrt:terminate.obj
 0002:000077e0       __sehtable$??$?RV<lambda_9df27f884b057bc3edfc946cb5b7cf47>@@AAV<lambda_e69574bed617af4e071282c136b37893>@@V<lambda_cc0d902bcbbeb830f749456577db4721>@@@?$__crt_seh_guarded_call@X@@QAEX$$QAV<lambda_9df27f884b057bc3edfc946cb5b7cf47>@@AAV<lambda_e69574bed617af4e071282c136b37893>@@$$QAV<lambda_cc0d902bcbbeb830f749456577db4721>@@@Z 1002c7e0     libucrt:per_thread_data.obj
 0002:00007800       __sehtable$??$?RV<lambda_3518db117f0e7cdb002338c5d3c47b6c>@@AAV<lambda_b2ea41f6bbb362cd97d94c6828d90b61>@@V<lambda_abdedf541bb04549bc734292b4a045d4>@@@?$__crt_seh_guarded_call@X@@QAEX$$QAV<lambda_3518db117f0e7cdb002338c5d3c47b6c>@@AAV<lambda_b2ea41f6bbb362cd97d94c6828d90b61>@@$$QAV<lambda_abdedf541bb04549bc734292b4a045d4>@@@Z 1002c800     libucrt:per_thread_data.obj
 0002:00007820       __sehtable$??$?RV<lambda_51b6e8b1eb166f2a3faf91f424b38130>@@AAV<lambda_6250bd4b2a391816dd638c3bf72b0bcb>@@V<lambda_0b5a4a3e68152e1d9b943535f5f47bed>@@@?$__crt_seh_guarded_call@X@@QAEX$$QAV<lambda_51b6e8b1eb166f2a3faf91f424b38130>@@AAV<lambda_6250bd4b2a391816dd638c3bf72b0bcb>@@$$QAV<lambda_0b5a4a3e68152e1d9b943535f5f47bed>@@@Z 1002c820     libucrt:per_thread_data.obj
 0002:00007840       __sehtable$??$?RV<lambda_5b71d36f03204c0beab531769a5b5694>@@AAV<lambda_be2b3da3f62db62e9dad5dc70221a656>@@V<lambda_8f9ce462984622f9bf76b59e2aaaf805>@@@?$__crt_seh_guarded_call@X@@QAEX$$QAV<lambda_5b71d36f03204c0beab531769a5b5694>@@AAV<lambda_be2b3da3f62db62e9dad5dc70221a656>@@$$QAV<lambda_8f9ce462984622f9bf76b59e2aaaf805>@@@Z 1002c840     libucrt:per_thread_data.obj
 0002:00007860       __sehtable$___acrt_uninitialize_locale 1002c860     libucrt:wsetlocale.obj
 0002:00007880       __sehtable$___acrt_initialize_lowio 1002c880     libucrt:ioinit.obj
 0002:000078a0       __sehtable$___acrt_update_thread_multibyte_data 1002c8a0     libucrt:mbctype.obj
 0002:000078c0       __sehtable$??$?RV<lambda_978dc153c237d78434369da87b74ff60>@@AAV<lambda_ad1ced32f4ac17aa236e5ef05d6b3b7c>@@V<lambda_4a8533e2866a575feecb8298ce776b0d>@@@?$__crt_seh_guarded_call@X@@QAEX$$QAV<lambda_978dc153c237d78434369da87b74ff60>@@AAV<lambda_ad1ced32f4ac17aa236e5ef05d6b3b7c>@@$$QAV<lambda_4a8533e2866a575feecb8298ce776b0d>@@@Z 1002c8c0     libucrt:mbctype.obj
 0002:000078e0       __sehtable$__query_new_handler 1002c8e0     libucrt:new_handler.obj
 0002:00007900       __sehtable$_raise          1002c900     libucrt:signal.obj
 0002:00007920       __sehtable$??$?RV<lambda_a048d3beccc847880fc8490e18b82769>@@AAV<lambda_ec61778202f4f5fc7e7711acc23c3bca>@@V<lambda_f7496a158712204296dd6628a163878e>@@@?$__crt_seh_guarded_call@P6AXH@Z@@QAEP6AXH@Z$$QAV<lambda_a048d3beccc847880fc8490e18b82769>@@AAV<lambda_ec61778202f4f5fc7e7711acc23c3bca>@@$$QAV<lambda_f7496a158712204296dd6628a163878e>@@@Z 1002c920     libucrt:signal.obj
 0002:00007940       __sehtable$___acrt_update_thread_locale_data 1002c940     libucrt:locale_refcounting.obj
 0002:00007960       __sehtable$__fcloseall     1002c960     libucrt:closeall.obj
 0002:00007980       __sehtable$_common_flush_all 1002c980     libucrt:fflush.obj
 0002:000079a8       __sehtable$___acrt_lowio_ensure_fh_exists 1002c9a8     libucrt:osfinfo.obj
 0002:000079c8       __sehtable$__write         1002c9c8     libucrt:write.obj
 0002:000079e8       __sehtable$_fclose         1002c9e8     libucrt:fclose.obj
 0002:00007a08       __sehtable$??$?RV<lambda_61cee617f5178ae960314fd4d05640a0>@@AAV<lambda_6978c1fb23f02e42e1d9e99668cc68aa>@@V<lambda_9cd88cf8ad10232537feb2133f08c833>@@@?$__crt_seh_guarded_call@H@@QAEH$$QAV<lambda_61cee617f5178ae960314fd4d05640a0>@@AAV<lambda_6978c1fb23f02e42e1d9e99668cc68aa>@@$$QAV<lambda_9cd88cf8ad10232537feb2133f08c833>@@@Z 1002ca08     libucrt:commit.obj
 0002:00007a28       __sehtable$??$?RV<lambda_123407a5e2ac06da108355a851863b7a>@@AAV<lambda_2fe9b910cf3cbf4a0ab98a02ba45b3ec>@@V<lambda_ae55bdf541ad94d75914d381c370e64d>@@@?$__crt_seh_guarded_call@H@@QAEH$$QAV<lambda_123407a5e2ac06da108355a851863b7a>@@AAV<lambda_2fe9b910cf3cbf4a0ab98a02ba45b3ec>@@$$QAV<lambda_ae55bdf541ad94d75914d381c370e64d>@@@Z 1002ca28     libucrt:close.obj
 0002:00007a48       __sehtable$__IsNonwritableInCurrentImage 1002ca48     LIBCMT:pesect.obj
 0002:00007a70       .edata                     1002ca70     ConEmuTh.exp
 0002:00007a98       rgpv                       1002ca98     ConEmuTh.exp
 0002:00007acc       rgszName                   1002cacc     ConEmuTh.exp
 0002:00007b00       rgwOrd                     1002cb00     ConEmuTh.exp
 0002:00007b1a       szName                     1002cb1a     ConEmuTh.exp
 0002:00007b27       $N00001                    1002cb27     ConEmuTh.exp
 0002:00007b36       $N00002                    1002cb36     ConEmuTh.exp
 0002:00007b3c       $N00003                    1002cb3c     ConEmuTh.exp
 0002:00007b44       $N00004                    1002cb44     ConEmuTh.exp
 0002:00007b4d       $N00005                    1002cb4d     ConEmuTh.exp
 0002:00007b5c       $N00006                    1002cb5c     ConEmuTh.exp
 0002:00007b6d       $N00007                    1002cb6d     ConEmuTh.exp
 0002:00007b7f       $N00008                    1002cb7f     ConEmuTh.exp
 0002:00007b8d       $N00009                    1002cb8d     ConEmuTh.exp
 0002:00007b98       $N00010                    1002cb98     ConEmuTh.exp
 0002:00007ba4       $N00011                    1002cba4     ConEmuTh.exp
 0002:00007bb9       $N00012                    1002cbb9     ConEmuTh.exp
 0002:00007bc8       $N00013                    1002cbc8     ConEmuTh.exp
 0002:00007fde       .idata$6                   1002cfde     version:VERSION.dll
 0002:0000831c       .idata$6                   1002d31c     kernel32:KERNEL32.dll
 0002:0000859a       .idata$6                   1002d59a     user32:USER32.dll
 0002:000086ec       .idata$6                   1002d6ec     gdi32:GDI32.dll
 0002:0000874c       .idata$6                   1002d74c     advapi32:ADVAPI32.dll
 0002:0000876c       .idata$6                   1002d76c     shell32:SHELL32.dll
 0002:0000879a       .idata$6                   1002d79a     ole32:ole32.dll
 0003:000000b0       ?__vcrt_flsindex@@3KA      1002e0b0     libvcruntime:per_thread_data.obj
 0003:000000e0       _errno_no_memory           1002e0e0     libucrt:errno.obj
 0003:000000e4       _doserrno_no_memory        1002e0e4     libucrt:errno.obj
 0003:000000e8       ___acrt_flsindex           1002e0e8     libucrt:per_thread_data.obj
 0003:00000260       ___rgctypeflag             1002e260     libucrt:mbctype.obj
 0003:00000268       ___rgcode_page_info        1002e268     libucrt:mbctype.obj
 0003:00021758       ?sbInClearing@?1??ProcessConsoleInput@@YAHHPAU_INPUT_RECORD@@KPAK@Z@4_NA 1004f758     ConEmuTh.obj
 0003:00021774       ?szMenu@?1??GetPluginInfoW1900@@YAXPAX@Z@4PAPA_WA 1004f774     ConEmuTh1900.obj
 0003:00021778       ?szMenu1@?1??GetPluginInfoW1900@@YAXPAX@Z@4PA_WA 1004f778     ConEmuTh1900.obj
 0003:00021980       ?szMenu@?1??GetPluginInfoW2800@@YAXPAX@Z@4PAPA_WA 1004f980     ConEmuTh2800.obj
 0003:00021988       ?szMenu1@?1??GetPluginInfoW2800@@YAXPAX@Z@4PA_WA 1004f988     ConEmuTh2800.obj
 0003:00021b90       ?gszRootKeyW995@@3PA_WA    1004fb90     ConEmuTh995.obj
 0003:00021b94       ?szMenu@?1??GetPluginInfoW995@@YAXPAX@Z@4PAPA_WA 1004fb94     ConEmuTh995.obj
 0003:00021b98       ?szMenu1@?1??GetPluginInfoW995@@YAXPAX@Z@4PA_WA 1004fb98     ConEmuTh995.obj
 0003:00021da0       ?gszRootKeyA@@3PA_WA       1004fda0     ConEmuThA.obj
 0003:00021da4       ?szMenu@?1??GetPluginInfo@@9@4@4PAPADA 1004fda4     ConEmuThA.obj
 0003:00021da8       ?szMenu1@?1??GetPluginInfo@@9@4@4PADA 1004fda8     ConEmuThA.obj
 0003:00021ec4       ?hClass@@3GA               1004fec4     Display.obj
 0003:00021ef0       ?szFile@?1??ModuleName@@YAPB_WPB_W@Z@4PA_WA 1004fef0     common-kernel32:ConEmuCheck.obj
 0003:00021f30       ?TerminalMode@?1??isTerminalMode@@YA_NXZ@4_NA 1004ff30     common-kernel32:MProcess.obj
 0003:00021f31       ?TerminalChecked@?1??isTerminalMode@@YA_NXZ@4_NA 1004ff31     common-kernel32:MProcess.obj
 0003:00021f3c       ?gh_UnknownTerminatedThread@@3PAXA 1004ff3c     common-kernel32:WThreads.obj
 0003:00021f40       ?g_Threads@@3PAUConEmuThreadInfo@@A 1004ff40     common-kernel32:WThreads.obj
 0003:00029744       ?rtlVerifyVersionInfo@?1??_VerifyVersionInfo@@YA_NPAU_OSVERSIONINFOEXW@@K_K@Z@4P6GH0K1@ZA 10057744     common-kernel32:WObjects.obj
 0003:00029748       ?hasRtl@?1??_VerifyVersionInfo@@YA_NPAU_OSVERSIONINFOEXW@@K_K@Z@4HA 10057748     common-kernel32:WObjects.obj
 0003:0002974c       ?is64bitOs@?1??IsWindows64@@YA_NXZ@4_NA 1005774c     common-kernel32:WObjects.obj
 0003:0002974d       ?isOsChecked@?1??IsWindows64@@YA_NXZ@4_NA 1005774d     common-kernel32:WObjects.obj
 0003:0002974e       ?gbInTransparentAssert@@3_NA 1005774e     common-user32:RgnDetect.obj
 0003:00029750       ?__proc_attached@@3HA      10057750     LIBCMT:dll_dllmain.obj
 0003:00029758       _GS_ExceptionRecord        10057758     LIBCMT:gs_report.obj
 0003:000297a8       _GS_ContextRecord          100577a8     LIBCMT:gs_report.obj
 0003:00029a90       ?module_local_atexit_table@@3U_onexit_table_t@@A 10057a90     LIBCMT:utility.obj
 0003:00029a9c       ?module_local_at_quick_exit_table@@3U_onexit_table_t@@A 10057a9c     LIBCMT:utility.obj
 0003:00029aa8       ?module_local_atexit_table_initialized@@3_NA 10057aa8     LIBCMT:utility.obj
 0003:00029aa9       ?is_initialized_as_dll@@3_NA 10057aa9     LIBCMT:utility.obj
 0003:00029ab8       ?__vcrt_startup_thread_ptd@@3U__vcrt_ptd@@A 10057ab8     libvcruntime:per_thread_data.obj
 0003:00029b08       ?heap@@3V_HeapManager@@A   10057b08     libvcruntime:undname.obj
 0003:00029b1c       ___vcrt_lock_table         10057b1c     libvcruntime:locks.obj
 0003:00029b34       ___vcrt_locks_initialized  10057b34     libvcruntime:locks.obj
 0003:00029b38       ?module_handles@@3PAPAUHINSTANCE__@@A 10057b38     libvcruntime:winapi_downlevel.obj
 0003:00029b44       ?encoded_function_pointers@@3PAPAXA 10057b44     libvcruntime:winapi_downlevel.obj
 0003:00029b60       _c_termination_complete    10057b60     libucrt:exit.obj
 0003:00029b64       _thread_local_exit_callback_func 10057b64     libucrt:exit.obj
 0003:00029b68       ?c_exit_complete@?5??common_exit@@YAXHW4_crt_exit_cleanup_mode@@W4_crt_exit_return_mode@@@Z@4_NA 10057b68     libucrt:exit.obj
 0003:00029b70       ?program_name@?5???$common_configure_argv@D@@YAHW4_crt_argv_mode@@@Z@4PADA 10057b70     libucrt:argv_parsing.obj
 0003:00029ca0       ___acrt_invalid_parameter_handler 10057ca0     libucrt:invalid_parameter.obj
 0003:00029cac       _enable_percent_n          10057cac     libucrt:printf_count_output.obj
 0003:00029ec8       ___acrt_lock_table         10057ec8     libucrt:locks.obj
 0003:0002a000       ___acrt_locks_initialized  10058000     libucrt:locks.obj
 0003:0002a008       _module_handles            10058008     libucrt:winapi_thunks.obj
 0003:0002a058       _encoded_function_pointers 10058058     libucrt:winapi_thunks.obj
 0003:0002a0d8       ?state_cache@?1??__acrt_is_packaged_app@@9@4JA 100580d8     libucrt:winapi_thunks.obj
 0003:0002a0f4       _fSystemSet                100580f4     libucrt:mbctype.obj
 0003:0002a0f8       ?initialized@?1??__acrt_initialize_multibyte@@9@4_NA 100580f8     libucrt:mbctype.obj
 0003:0002a118       ___acrt_new_handler        10058118     libucrt:new_handler.obj
 0003:0002a11c       _ctrlc_action              1005811c     libucrt:signal.obj
 0003:0002a120       _ctrlbreak_action          10058120     libucrt:signal.obj
 0003:0002a124       _abort_action              10058124     libucrt:signal.obj
 0003:0002a128       _term_action               10058128     libucrt:signal.obj
 0003:0002a12c       _user_matherr              1005812c     libucrt:matherr.obj
 0003:0002a130       ___acrt_global_new_mode    10058130     libucrt:new_mode.obj
 0003:0002a13c       ___acrt_app_type           1005813c     libucrt:report_runtime_error.obj
 0003:0002a144       __pmatherr_set             10058144     libucrt:libm_error.obj
 0004:00000130       $R000000                   10059130     ConEmuTh.res
 0004:00000448       $R000318                   10059448     ConEmuTh.res
 0004:000014f0       $R0013C0                   1005a4f0     ConEmuTh.res
 0004:00001508       $R0013D8                   1005a508     ConEmuTh.res
